66.249.71.2 - - [19/Mar/2012:13:16:31 +0100] "GET /news.php?readmore=70&c_start=200 HTTP/1.1" 404 360 "-" "Mozilla/5.0 (compatible; Googlebot/2.1; +http://www.google.com/bot.html)"
180.76.5.160 - - [19/Mar/2012:13:18:38 +0100] "GET / HTTP/1.1" 200 604 "-" "Mozilla/5.0 (compatible; Baiduspider/2.0; +http://www.baidu.com/search/spider.html)"
66.249.71.2 - - [19/Mar/2012:13:22:47 +0100] "GET /news.php?readmore=70&c_start=60 HTTP/1.1" 404 360 "-" "Mozilla/5.0 (compatible; Googlebot/2.1; +http://www.google.com/bot.html)"
66.249.71.2 - - [19/Mar/2012:13:29:03 +0100] "GET /news.php?readmore=71 HTTP/1.1" 404 360 "-" "Mozilla/5.0 (compatible; Googlebot/2.1; +http://www.google.com/bot.html)"
176.14.255.29 - - [19/Mar/2012:13:29:34 +0100] "GET /index.php HTTP/1.0" 404 361 "http://samorzad.fuw.edu.pl/index.php" "Mozilla/4.0 (compatible; MSIE 5.5; Windows NT 4.0)"
94.23.42.135 - - [19/Mar/2012:13:32:38 +0100] "GET /robots.txt HTTP/1.0" 404 362 "-" "Mozilla/5.0 (compatible; MJ12bot/v1.4.2; http://www.majestic12.co.uk/bot.php?+)"
94.23.42.135 - - [19/Mar/2012:13:32:40 +0100] "GET /print.php?type=N&item_id=60 HTTP/1.0" 404 361 "-" "Mozilla/5.0 (compatible; MJ12bot/v1.4.2; http://www.majestic12.co.uk/bot.php?+)"
66.249.71.2 - - [19/Mar/2012:13:35:20 +0100] "GET /viewpage.php?page_id=19&c_start=100 HTTP/1.1" 404 364 "-" "Mozilla/5.0 (compatible; Googlebot/2.1; +http://www.google.com/bot.html)"
66.249.71.2 - - [19/Mar/2012:13:41:37 +0100] "GET /viewpage.php?page_id=19&c_start=10 HTTP/1.1" 404 364 "-" "Mozilla/5.0 (compatible; Googlebot/2.1; +http://www.google.com/bot.html)"
66.249.71.2 - - [19/Mar/2012:13:47:52 +0100] "GET /viewpage.php?page_id=19&c_start=120 HTTP/1.1" 404 364 "-" "Mozilla/5.0 (compatible; Googlebot/2.1; +http://www.google.com/bot.html)"
180.76.5.95 - - [19/Mar/2012:13:49:37 +0100] "GET /viewpage.php?page_id=19&ce4dstart=0 HTTP/1.1" 404 364 "-" "Mozilla/5.0 (compatible; Baiduspider/2.0; +http://www.baidu.com/search/spider.html)"
66.249.71.2 - - [19/Mar/2012:13:54:10 +0100] "GET /viewpage.php?page_id=19&c_start=130 HTTP/1.1" 404 364 "-" "Mozilla/5.0 (compatible; Googlebot/2.1; +http://www.google.com/bot.html)"
193.105.210.86 - - [19/Mar/2012:14:00:06 +0100] "GET /register.php HTTP/1.0" 404 364 "http://samorzad.fuw.edu.pl/register.php" "Mozilla/4.0 (compatible; MSIE 6.0; Windows NT 5.1; Deepnet Explorer 1.5.0; .NET CLR 1.0.3705)"
193.105.210.86 - - [19/Mar/2012:14:00:06 +0100] "GET /login.php HTTP/1.0" 404 361 "http://samorzad.fuw.edu.pl/login.php" "Mozilla/4.0 (compatible; MSIE 6.0; Windows NT 5.1; Deepnet Explorer 1.5.0; .NET CLR 1.0.3705)"
193.105.210.86 - - [19/Mar/2012:14:00:06 +0100] "GET /setuser.php?error=3 HTTP/1.0" 404 363 "http://samorzad.fuw.edu.pl/setuser.php?error=3" "Mozilla/4.0 (compatible; MSIE 6.0; Windows NT 5.1; Deepnet Explorer 1.5.0; .NET CLR 1.0.3705)"
66.249.71.2 - - [19/Mar/2012:14:00:26 +0100] "GET /viewpage.php?page_id=19&c_start=140 HTTP/1.1" 404 364 "-" "Mozilla/5.0 (compatible; Googlebot/2.1; +http://www.google.com/bot.html)"
66.249.71.2 - - [19/Mar/2012:14:06:43 +0100] "GET /viewpage.php?page_id=19&c_start=150 HTTP/1.1" 404 364 "-" "Mozilla/5.0 (compatible; Googlebot/2.1; +http://www.google.com/bot.html)"
66.249.71.2 - - [19/Mar/2012:14:12:58 +0100] "GET /viewpage.php?page_id=19&c_start=170 HTTP/1.1" 404 364 "-" "Mozilla/5.0 (compatible; Googlebot/2.1; +http://www.google.com/bot.html)"
66.249.71.2 - - [19/Mar/2012:14:19:15 +0100] "GET /viewpage.php?page_id=19&c_start=180 HTTP/1.1" 404 364 "-" "Mozilla/5.0 (compatible; Googlebot/2.1; +http://www.google.com/bot.html)"
10.12.2.0 - - [19/Mar/2012:14:19:20 +0100] "GET / HTTP/1.1" 200 604 "-" "Mozilla/4.0 (compatible; MSIE 7.0; Windows NT 6.1; Trident/5.0; SLCC2; .NET CLR 2.0.50727; .NET CLR 3.5.30729; .NET CLR 3.0.30729; Media Center PC 6.0; .NET4.0C; InfoPath.3)"
10.12.2.0 - - [19/Mar/2012:14:19:20 +0100] "GET /icons/blank.gif HTTP/1.1" 200 148 "http://samorzad.fuw.edu.pl/" "Mozilla/4.0 (compatible; MSIE 7.0; Windows NT 6.1; Trident/5.0; SLCC2; .NET CLR 2.0.50727; .NET CLR 3.5.30729; .NET CLR 3.0.30729; Media Center PC 6.0; .NET4.0C; InfoPath.3)"
10.12.2.0 - - [19/Mar/2012:14:19:20 +0100] "GET /favicon.ico HTTP/1.1" 404 363 "-" "Mozilla/4.0 (compatible; MSIE 7.0; Windows NT 6.1; Trident/5.0; SLCC2; .NET CLR 2.0.50727; .NET CLR 3.5.30729; .NET CLR 3.0.30729; Media Center PC 6.0; .NET4.0C; InfoPath.3)"
10.12.2.0 - - [19/Mar/2012:14:19:33 +0100] "GET / HTTP/1.1" 200 604 "http://www.google.pl/url?sa=t&rct=j&q=samorzad%20fuw%20edu.pl&source=web&cd=1&ved=0CCMQFjAA&url=http%3A%2F%2Fsamorzad.fuw.edu.pl%2F&ei=YjJnT67RCIT28gP6iPWzCA&usg=AFQjCNFcDajU9eB3XqQ4TofN68BTtaDevg" "Mozilla/4.0 (compatible; MSIE 7.0; Windows NT 6.1; Trident/5.0; SLCC2; .NET CLR 2.0.50727; .NET CLR 3.5.30729; .NET CLR 3.0.30729; Media Center PC 6.0; .NET4.0C; InfoPath.3)"
10.12.2.0 - - [19/Mar/2012:14:19:33 +0100] "GET /favicon.ico HTTP/1.1" 404 363 "-" "Mozilla/4.0 (compatible; MSIE 7.0; Windows NT 6.1; Trident/5.0; SLCC2; .NET CLR 2.0.50727; .NET CLR 3.5.30729; .NET CLR 3.0.30729; Media Center PC 6.0; .NET4.0C; InfoPath.3)"
10.12.2.0 - - [19/Mar/2012:14:19:41 +0100] "GET / HTTP/1.1" 200 604 "http://studenci.fuw.edu.pl/" "Mozilla/4.0 (compatible; MSIE 7.0; Windows NT 6.1; Trident/5.0; SLCC2; .NET CLR 2.0.50727; .NET CLR 3.5.30729; .NET CLR 3.0.30729; Media Center PC 6.0; .NET4.0C; InfoPath.3)"
10.12.2.0 - - [19/Mar/2012:14:20:39 +0100] "GET / HTTP/1.1" 200 604 "http://www.fuw.edu.pl/inicjatywy-studentow.html" "Mozilla/4.0 (compatible; MSIE 7.0; Windows NT 6.1; Trident/5.0; SLCC2; .NET CLR 2.0.50727; .NET CLR 3.5.30729; .NET CLR 3.0.30729; Media Center PC 6.0; .NET4.0C; InfoPath.3)"
66.249.71.2 - - [19/Mar/2012:14:25:32 +0100] "GET /viewpage.php?page_id=19&c_start=190 HTTP/1.1" 404 364 "-" "Mozilla/5.0 (compatible; Googlebot/2.1; +http://www.google.com/bot.html)"
66.249.71.2 - - [19/Mar/2012:14:31:49 +0100] "GET /viewpage.php?page_id=19&c_start=20 HTTP/1.1" 404 364 "-" "Mozilla/5.0 (compatible; Googlebot/2.1; +http://www.google.com/bot.html)"
66.249.71.2 - - [19/Mar/2012:14:38:04 +0100] "GET /viewpage.php?page_id=19&c_start=210 HTTP/1.1" 404 364 "-" "Mozilla/5.0 (compatible; Googlebot/2.1; +http://www.google.com/bot.html)"
66.249.71.2 - - [19/Mar/2012:14:44:21 +0100] "GET /viewpage.php?page_id=19&c_start=230 HTTP/1.1" 404 364 "-" "Mozilla/5.0 (compatible; Googlebot/2.1; +http://www.google.com/bot.html)"
66.249.71.2 - - [19/Mar/2012:14:50:38 +0100] "GET /viewpage.php?page_id=19&c_start=250 HTTP/1.1" 404 364 "-" "Mozilla/5.0 (compatible; Googlebot/2.1; +http://www.google.com/bot.html)"
66.249.71.2 - - [19/Mar/2012:14:56:54 +0100] "GET /viewpage.php?page_id=19&c_start=30 HTTP/1.1" 404 364 "-" "Mozilla/5.0 (compatible; Googlebot/2.1; +http://www.google.com/bot.html)"
66.249.71.2 - - [19/Mar/2012:15:03:11 +0100] "GET /viewpage.php?page_id=19&c_start=40 HTTP/1.1" 404 364 "-" "Mozilla/5.0 (compatible; Googlebot/2.1; +http://www.google.com/bot.html)"
180.76.5.101 - - [19/Mar/2012:15:03:51 +0100] "GET /viewpage.php?page_id=21&c_start=60 HTTP/1.1" 404 364 "-" "Mozilla/5.0 (compatible; Baiduspider/2.0; +http://www.baidu.com/search/spider.html)"
66.249.71.2 - - [19/Mar/2012:15:09:27 +0100] "GET /viewpage.php?page_id=19&c_start=50 HTTP/1.1" 404 364 "-" "Mozilla/5.0 (compatible; Googlebot/2.1; +http://www.google.com/bot.html)"
66.249.71.2 - - [19/Mar/2012:15:15:45 +0100] "GET /viewpage.php?page_id=19&c_start=60 HTTP/1.1" 404 364 "-" "Mozilla/5.0 (compatible; Googlebot/2.1; +http://www.google.com/bot.html)"
180.76.5.197 - - [19/Mar/2012:15:17:45 +0100] "GET / HTTP/1.1" 200 604 "-" "Mozilla/5.0 (compatible; Baiduspider/2.0; +http://www.baidu.com/search/spider.html)"
66.249.71.2 - - [19/Mar/2012:15:22:00 +0100] "GET /viewpage.php?page_id=19&c_start=70 HTTP/1.1" 404 364 "-" "Mozilla/5.0 (compatible; Googlebot/2.1; +http://www.google.com/bot.html)"
66.249.71.2 - - [19/Mar/2012:15:28:16 +0100] "GET /viewpage.php?page_id=19&c_start=90 HTTP/1.1" 404 364 "-" "Mozilla/5.0 (compatible; Googlebot/2.1; +http://www.google.com/bot.html)"
66.249.71.2 - - [19/Mar/2012:15:34:34 +0100] "GET /viewpage.php?page_id=20&c_start=10 HTTP/1.1" 404 364 "-" "Mozilla/5.0 (compatible; Googlebot/2.1; +http://www.google.com/bot.html)"
66.249.71.2 - - [19/Mar/2012:15:40:50 +0100] "GET /viewpage.php?page_id=20&c_start=20 HTTP/1.1" 404 364 "-" "Mozilla/5.0 (compatible; Googlebot/2.1; +http://www.google.com/bot.html)"
66.249.71.2 - - [19/Mar/2012:15:47:06 +0100] "GET /viewpage.php?page_id=20&c_start=40 HTTP/1.1" 404 364 "-" "Mozilla/5.0 (compatible; Googlebot/2.1; +http://www.google.com/bot.html)"
66.249.71.2 - - [19/Mar/2012:15:53:22 +0100] "GET /viewpage.php?page_id=20&c_start=50 HTTP/1.1" 404 364 "-" "Mozilla/5.0 (compatible; Googlebot/2.1; +http://www.google.com/bot.html)"
72.14.199.69 - - [19/Mar/2012:15:57:37 +0100] "GET /?q=pl/node/feed HTTP/1.1" 200 604 "-" "Feedfetcher-Google; (+http://www.google.com/feedfetcher.html; 1 subscribers; feed-id=13092677621290790569)"
66.249.71.2 - - [19/Mar/2012:15:59:40 +0100] "GET /viewpage.php?page_id=20&c_start=60 HTTP/1.1" 404 364 "-" "Mozilla/5.0 (compatible; Googlebot/2.1; +http://www.google.com/bot.html)"
66.249.71.2 - - [19/Mar/2012:16:05:56 +0100] "GET /viewpage.php?page_id=20&c_start=70 HTTP/1.1" 404 364 "-" "Mozilla/5.0 (compatible; Googlebot/2.1; +http://www.google.com/bot.html)"
66.249.71.2 - - [19/Mar/2012:16:12:11 +0100] "GET /viewpage.php?page_id=20&c_start=80 HTTP/1.1" 404 364 "-" "Mozilla/5.0 (compatible; Googlebot/2.1; +http://www.google.com/bot.html)"
209.85.224.85 - - [19/Mar/2012:16:13:11 +0100] "GET /download/obczajacz.pdf HTTP/1.1" 404 374 "-" "Googlebot-Image/1.0 AppEngine CirruxCache CoralWebPrxGooglebot-Image/1.0,gzip(gfe) (via docs.google.com/viewer)"
66.249.71.2 - - [19/Mar/2012:16:18:29 +0100] "GET /viewpage.php?page_id=20&c_start=90 HTTP/1.1" 404 364 "-" "Mozilla/5.0 (compatible; Googlebot/2.1; +http://www.google.com/bot.html)"
220.181.108.160 - - [19/Mar/2012:16:20:41 +0100] "GET / HTTP/1.1" 200 604 "-" "Mozilla/5.0 (compatible; Baiduspider/2.0; +http://www.baidu.com/search/spider.html)"
46.209.222.11 - - [19/Mar/2012:16:22:57 +0100] "GET /?q=pl/node/1497 HTTP/1.1" 200 604 "-" "Mozilla/4.0 (compatible; MSIE 6.0; Windows NT 5.1; SV1)"
46.209.222.11 - - [19/Mar/2012:16:22:58 +0100] "GET /?C=N;O=D HTTP/1.1" 200 604 "-" "Mozilla/4.0 (compatible; MSIE 6.0; Windows NT 5.1; SV1)"
46.209.222.11 - - [19/Mar/2012:16:22:59 +0100] "GET /?C=M;O=A HTTP/1.1" 200 604 "-" "Mozilla/4.0 (compatible; MSIE 6.0; Windows NT 5.1; SV1)"
46.209.222.11 - - [19/Mar/2012:16:23:00 +0100] "GET /?C=S;O=A HTTP/1.1" 200 604 "-" "Mozilla/4.0 (compatible; MSIE 6.0; Windows NT 5.1; SV1)"
46.209.222.11 - - [19/Mar/2012:16:23:01 +0100] "GET /?C=D;O=A HTTP/1.1" 200 604 "-" "Mozilla/4.0 (compatible; MSIE 6.0; Windows NT 5.1; SV1)"
66.249.71.2 - - [19/Mar/2012:16:24:39 +0100] "GET /viewpage.php?page_id=20 HTTP/1.1" 404 364 "-" "Mozilla/5.0 (compatible; Googlebot/2.1; +http://www.google.com/bot.html)"
66.249.71.2 - - [19/Mar/2012:16:30:41 +0100] "GET /viewpage.php?page_id=21&c_start=100 HTTP/1.1" 404 364 "-" "Mozilla/5.0 (compatible; Googlebot/2.1; +http://www.google.com/bot.html)"
66.249.71.2 - - [19/Mar/2012:16:36:58 +0100] "GET /viewpage.php?page_id=21&c_start=10 HTTP/1.1" 404 364 "-" "Mozilla/5.0 (compatible; Googlebot/2.1; +http://www.google.com/bot.html)"
66.249.71.2 - - [19/Mar/2012:16:43:16 +0100] "GET /viewpage.php?page_id=21&c_start=20 HTTP/1.1" 404 364 "-" "Mozilla/5.0 (compatible; Googlebot/2.1; +http://www.google.com/bot.html)"
218.66.250.106 - - [19/Mar/2012:16:47:57 +0100] "GET /register.php HTTP/1.0" 404 364 "http://samorzad.fuw.edu.pl/register.php" "Mozilla/4.0 (compatible; MSIE 6.0; Windows NT 5.0; APC; .NET CLR 1.0.3705; .NET CLR 1.1.4322; .NET CLR 2.0.50215; InfoPath.1)"
218.66.250.106 - - [19/Mar/2012:16:47:59 +0100] "GET /login.php HTTP/1.0" 404 361 "http://samorzad.fuw.edu.pl/login.php" "Mozilla/4.0 (compatible; MSIE 6.0; Windows NT 5.0; APC; .NET CLR 1.0.3705; .NET CLR 1.1.4322; .NET CLR 2.0.50215; InfoPath.1)"
218.66.250.106 - - [19/Mar/2012:16:48:00 +0100] "GET /setuser.php?error=3 HTTP/1.0" 404 363 "http://samorzad.fuw.edu.pl/setuser.php?error=3" "Mozilla/4.0 (compatible; MSIE 6.0; Windows NT 5.0; APC; .NET CLR 1.0.3705; .NET CLR 1.1.4322; .NET CLR 2.0.50215; InfoPath.1)"
66.249.71.2 - - [19/Mar/2012:16:49:32 +0100] "GET /viewpage.php?page_id=21&c_start=30 HTTP/1.1" 404 364 "-" "Mozilla/5.0 (compatible; Googlebot/2.1; +http://www.google.com/bot.html)"
66.249.71.2 - - [19/Mar/2012:16:55:49 +0100] "GET /viewpage.php?page_id=21&c_start=40 HTTP/1.1" 404 364 "-" "Mozilla/5.0 (compatible; Googlebot/2.1; +http://www.google.com/bot.html)"
66.249.71.2 - - [19/Mar/2012:17:02:06 +0100] "GET /viewpage.php?page_id=21&c_start=90 HTTP/1.1" 404 364 "-" "Mozilla/5.0 (compatible; Googlebot/2.1; +http://www.google.com/bot.html)"
66.249.71.2 - - [19/Mar/2012:17:08:23 +0100] "GET /viewpage.php?page_id=21&c_start=50 HTTP/1.1" 404 364 "-" "Mozilla/5.0 (compatible; Googlebot/2.1; +http://www.google.com/bot.html)"
66.249.71.2 - - [19/Mar/2012:17:14:39 +0100] "GET /viewpage.php?page_id=22&c_start=30 HTTP/1.1" 404 364 "-" "Mozilla/5.0 (compatible; Googlebot/2.1; +http://www.google.com/bot.html)"
180.76.6.233 - - [19/Mar/2012:17:18:22 +0100] "GET / HTTP/1.1" 200 604 "-" "Mozilla/5.0 (compatible; Baiduspider/2.0; +http://www.baidu.com/search/spider.html)"
66.249.71.2 - - [19/Mar/2012:17:20:57 +0100] "GET /viewpage.php?page_id=22&c_start=50 HTTP/1.1" 404 364 "-" "Mozilla/5.0 (compatible; Googlebot/2.1; +http://www.google.com/bot.html)"
66.249.71.2 - - [19/Mar/2012:17:27:14 +0100] "GET /viewpage.php?page_id=23&c_start=20 HTTP/1.1" 404 364 "-" "Mozilla/5.0 (compatible; Googlebot/2.1; +http://www.google.com/bot.html)"
66.249.71.2 - - [19/Mar/2012:17:33:31 +0100] "GET /viewpage.php?page_id=22&c_start=70 HTTP/1.1" 404 364 "-" "Mozilla/5.0 (compatible; Googlebot/2.1; +http://www.google.com/bot.html)"
66.249.71.2 - - [19/Mar/2012:17:39:47 +0100] "GET /viewpage.php?page_id=22&c_start=80 HTTP/1.1" 404 364 "-" "Mozilla/5.0 (compatible; Googlebot/2.1; +http://www.google.com/bot.html)"
83.31.189.10 - - [19/Mar/2012:17:44:21 +0100] "GET /FILES/5%20Gammy.pdf HTTP/1.1" 404 369 "-" "Opera/9.80 (Windows NT 6.1; U; pl) Presto/2.10.229 Version/11.61"
83.31.189.10 - - [19/Mar/2012:17:44:21 +0100] "GET /favicon.ico HTTP/1.1" 404 363 "http://samorzad.fuw.edu.pl/FILES/5%20Gammy.pdf" "Opera/9.80 (Windows NT 6.1; U; pl) Presto/2.10.229 Version/11.61"
91.217.178.236 - - [19/Mar/2012:17:44:29 +0100] "GET /news.php?readmore=70 HTTP/1.0" 404 360 "http://samorzad.fuw.edu.pl/news.php?readmore=70" "Mozilla/4.0 (compatible; MSIE 6.0; Windows NT 5.1; ru) Opera 8.50"
91.217.178.236 - - [19/Mar/2012:17:44:29 +0100] "GET / HTTP/1.0" 200 604 "http://samorzad.fuw.edu.pl/" "Mozilla/4.0 (compatible; MSIE 6.0; Windows NT 5.1; ru) Opera 8.50"
66.249.71.2 - - [19/Mar/2012:17:46:05 +0100] "GET /viewpage.php?page_id=23&c_start=30 HTTP/1.1" 404 364 "-" "Mozilla/5.0 (compatible; Googlebot/2.1; +http://www.google.com/bot.html)"
66.249.71.2 - - [19/Mar/2012:17:52:22 +0100] "GET /viewpage.php?page_id=23&c_start=40 HTTP/1.1" 404 364 "-" "Mozilla/5.0 (compatible; Googlebot/2.1; +http://www.google.com/bot.html)"
66.249.71.2 - - [19/Mar/2012:17:58:39 +0100] "GET /viewpage.php?page_id=23&c_start=50 HTTP/1.1" 404 364 "-" "Mozilla/5.0 (compatible; Googlebot/2.1; +http://www.google.com/bot.html)"
66.249.71.2 - - [19/Mar/2012:18:04:56 +0100] "GET /viewpage.php?page_id=23&c_start=60 HTTP/1.1" 404 364 "-" "Mozilla/5.0 (compatible; Googlebot/2.1; +http://www.google.com/bot.html)"
66.249.71.2 - - [19/Mar/2012:18:11:13 +0100] "GET /viewpage.php?page_id=23&c_start=70 HTTP/1.1" 404 364 "-" "Mozilla/5.0 (compatible; Googlebot/2.1; +http://www.google.com/bot.html)"
66.249.71.2 - - [19/Mar/2012:18:17:30 +0100] "GET /viewpage.php?page_id=23&c_start=80 HTTP/1.1" 404 364 "-" "Mozilla/5.0 (compatible; Googlebot/2.1; +http://www.google.com/bot.html)"
66.249.71.2 - - [19/Mar/2012:18:23:47 +0100] "GET /viewpage.php?page_id=23&c_start=90 HTTP/1.1" 404 364 "-" "Mozilla/5.0 (compatible; Googlebot/2.1; +http://www.google.com/bot.html)"
66.249.71.2 - - [19/Mar/2012:18:30:04 +0100] "GET /viewpage.php?page_id=24&c_start=10 HTTP/1.1" 404 364 "-" "Mozilla/5.0 (compatible; Googlebot/2.1; +http://www.google.com/bot.html)"
66.249.71.2 - - [19/Mar/2012:18:36:20 +0100] "GET /viewpage.php?page_id=24&c_start=20 HTTP/1.1" 404 364 "-" "Mozilla/5.0 (compatible; Googlebot/2.1; +http://www.google.com/bot.html)"
66.249.71.2 - - [19/Mar/2012:18:42:38 +0100] "GET /viewpage.php?page_id=24&c_start=30 HTTP/1.1" 404 364 "-" "Mozilla/5.0 (compatible; Googlebot/2.1; +http://www.google.com/bot.html)"
66.249.71.2 - - [19/Mar/2012:18:48:55 +0100] "GET /viewpage.php?page_id=24&c_start=40 HTTP/1.1" 404 364 "-" "Mozilla/5.0 (compatible; Googlebot/2.1; +http://www.google.com/bot.html)"
66.249.71.2 - - [19/Mar/2012:18:55:11 +0100] "GET /viewpage.php?page_id=24&c_start=50 HTTP/1.1" 404 364 "-" "Mozilla/5.0 (compatible; Googlebot/2.1; +http://www.google.com/bot.html)"
72.14.199.69 - - [19/Mar/2012:18:57:37 +0100] "GET /?q=pl/node/feed HTTP/1.1" 200 604 "-" "Feedfetcher-Google; (+http://www.google.com/feedfetcher.html; 1 subscribers; feed-id=13092677621290790569)"
180.76.6.232 - - [19/Mar/2012:19:01:09 +0100] "GET /viewpage.php?page_id=22&c_start=80 HTTP/1.1" 404 364 "-" "Mozilla/5.0 (compatible; Baiduspider/2.0; +http://www.baidu.com/search/spider.html)"
65.52.108.24 - - [19/Mar/2012:19:01:09 +0100] "GET /robots.txt HTTP/1.1" 404 362 "-" "Mozilla/5.0 (compatible; bingbot/2.0; +http://www.bing.com/bingbot.htm)"
66.249.71.2 - - [19/Mar/2012:19:01:28 +0100] "GET /viewpage.php?page_id=24&c_start=70 HTTP/1.1" 404 364 "-" "Mozilla/5.0 (compatible; Googlebot/2.1; +http://www.google.com/bot.html)"
65.52.108.24 - - [19/Mar/2012:19:02:08 +0100] "GET /news.php?rowstart=18 HTTP/1.1" 404 360 "-" "Mozilla/5.0 (compatible; bingbot/2.0; +http://www.bing.com/bingbot.htm)"
66.249.71.2 - - [19/Mar/2012:19:07:45 +0100] "GET /viewpage.php?page_id=24 HTTP/1.1" 404 364 "-" "Mozilla/5.0 (compatible; Googlebot/2.1; +http://www.google.com/bot.html)"
66.249.71.2 - - [19/Mar/2012:19:14:02 +0100] "GET /viewpage.php?page_id=25&c_start=100 HTTP/1.1" 404 364 "-" "Mozilla/5.0 (compatible; Googlebot/2.1; +http://www.google.com/bot.html)"
180.76.5.192 - - [19/Mar/2012:19:18:45 +0100] "GET / HTTP/1.1" 200 604 "-" "Mozilla/5.0 (compatible; Baiduspider/2.0; +http://www.baidu.com/search/spider.html)"
66.249.71.2 - - [19/Mar/2012:19:20:19 +0100] "GET /viewpage.php?page_id=25&c_start=10 HTTP/1.1" 404 364 "-" "Mozilla/5.0 (compatible; Googlebot/2.1; +http://www.google.com/bot.html)"
66.249.71.2 - - [19/Mar/2012:19:26:35 +0100] "GET /viewpage.php?page_id=25&c_start=110 HTTP/1.1" 404 364 "-" "Mozilla/5.0 (compatible; Googlebot/2.1; +http://www.google.com/bot.html)"
213.186.119.132 - - [19/Mar/2012:19:27:39 +0100] "GET /robots.txt HTTP/1.1" 404 362 "-" "Mozilla/5.0 (compatible; AhrefsBot/2.0; +http://ahrefs.com/robot/)"
66.249.71.2 - - [19/Mar/2012:19:32:54 +0100] "GET /viewpage.php?page_id=25&c_start=120 HTTP/1.1" 404 364 "-" "Mozilla/5.0 (compatible; Googlebot/2.1; +http://www.google.com/bot.html)"
66.249.71.2 - - [19/Mar/2012:19:39:11 +0100] "GET /viewpage.php?page_id=25&c_start=140 HTTP/1.1" 404 364 "-" "Mozilla/5.0 (compatible; Googlebot/2.1; +http://www.google.com/bot.html)"
66.249.71.2 - - [19/Mar/2012:19:45:27 +0100] "GET /viewpage.php?page_id=25&c_start=30 HTTP/1.1" 404 364 "-" "Mozilla/5.0 (compatible; Googlebot/2.1; +http://www.google.com/bot.html)"
66.249.71.2 - - [19/Mar/2012:19:51:45 +0100] "GET /viewpage.php?page_id=25&c_start=40 HTTP/1.1" 404 364 "-" "Mozilla/5.0 (compatible; Googlebot/2.1; +http://www.google.com/bot.html)"
130.83.167.153 - - [19/Mar/2012:19:54:04 +0100] "GET /robots.txt HTTP/1.1" 404 362 "-" "findlinks/2.1.5 (+http://wortschatz.uni-leipzig.de/findlinks/)"
66.249.71.2 - - [19/Mar/2012:19:58:01 +0100] "GET /viewpage.php?page_id=25&c_start=50 HTTP/1.1" 404 364 "-" "Mozilla/5.0 (compatible; Googlebot/2.1; +http://www.google.com/bot.html)"
66.249.71.2 - - [19/Mar/2012:20:04:19 +0100] "GET /viewpage.php?page_id=25&c_start=60 HTTP/1.1" 404 364 "-" "Mozilla/5.0 (compatible; Googlebot/2.1; +http://www.google.com/bot.html)"
66.249.71.2 - - [19/Mar/2012:20:10:24 +0100] "GET /FILES/badanie_pierscieni_newtona.pdf HTTP/1.1" 404 388 "-" "Googlebot/2.1 (+http://www.google.com/bot.html)"
66.249.71.2 - - [19/Mar/2012:20:10:35 +0100] "GET /viewpage.php?page_id=25&c_start=70 HTTP/1.1" 404 364 "-" "Mozilla/5.0 (compatible; Googlebot/2.1; +http://www.google.com/bot.html)"
66.249.71.2 - - [19/Mar/2012:20:15:26 +0100] "GET /viewpage.php?page_id=25&c_start=90 HTTP/1.1" 404 364 "-" "Mozilla/5.0 (compatible; Googlebot/2.1; +http://www.google.com/bot.html)"
91.217.178.223 - - [19/Mar/2012:20:19:54 +0100] "GET /news.php?readmore=70 HTTP/1.0" 404 360 "http://samorzad.fuw.edu.pl/news.php?readmore=70" "Mozilla/4.0 (compatible; MSIE 6.0; Windows NT 5.0; T312461)"
91.217.178.223 - - [19/Mar/2012:20:19:54 +0100] "GET / HTTP/1.0" 200 604 "http://samorzad.fuw.edu.pl/" "Mozilla/4.0 (compatible; MSIE 6.0; Windows NT 5.0; T312461)"
66.249.71.2 - - [19/Mar/2012:20:21:54 +0100] "GET /viewpage.php?page_id=26&c_start=10 HTTP/1.1" 404 364 "-" "Mozilla/5.0 (compatible; Googlebot/2.1; +http://www.google.com/bot.html)"
66.249.71.2 - - [19/Mar/2012:20:28:17 +0100] "GET /viewpage.php?page_id=26&c_start=30 HTTP/1.1" 404 364 "-" "Mozilla/5.0 (compatible; Googlebot/2.1; +http://www.google.com/bot.html)"
193.105.210.86 - - [19/Mar/2012:20:30:09 +0100] "GET /register.php HTTP/1.0" 404 364 "http://samorzad.fuw.edu.pl/register.php" "Mozilla/4.0 (compatible; MSIE 6.0; Windows NT 5.1; SV1; InfoPath.1)"
193.105.210.86 - - [19/Mar/2012:20:30:09 +0100] "GET /login.php HTTP/1.0" 404 361 "http://samorzad.fuw.edu.pl/login.php" "Mozilla/4.0 (compatible; MSIE 6.0; Windows NT 5.1; SV1; InfoPath.1)"
193.105.210.86 - - [19/Mar/2012:20:30:09 +0100] "GET /setuser.php?error=3 HTTP/1.0" 404 363 "http://samorzad.fuw.edu.pl/setuser.php?error=3" "Mozilla/4.0 (compatible; MSIE 6.0; Windows NT 5.1; SV1; InfoPath.1)"
66.249.71.2 - - [19/Mar/2012:20:34:41 +0100] "GET /viewpage.php?page_id=26&c_start=40 HTTP/1.1" 404 364 "-" "Mozilla/5.0 (compatible; Googlebot/2.1; +http://www.google.com/bot.html)"
66.249.71.2 - - [19/Mar/2012:20:41:04 +0100] "GET /viewpage.php?page_id=26 HTTP/1.1" 404 364 "-" "Mozilla/5.0 (compatible; Googlebot/2.1; +http://www.google.com/bot.html)"
83.24.24.170 - - [19/Mar/2012:20:45:38 +0100] "GET /news.php HTTP/1.1" 404 360 "http://nano.fuw.edu.pl/index.php?option=com_content&view=article&id=76:integracyjnyobozzerowy&catid=44:aktualnosci&Itemid=67" "Mozilla/5.0 (Windows NT 6.1; WOW64) AppleWebKit/535.11 (KHTML, like Gecko) Chrome/17.0.963.79 Safari/535.11"
83.24.24.170 - - [19/Mar/2012:20:45:38 +0100] "GET /favicon.ico HTTP/1.1" 404 363 "-" "Mozilla/5.0 (Windows NT 6.1; WOW64) AppleWebKit/535.11 (KHTML, like Gecko) Chrome/17.0.963.79 Safari/535.11"
83.24.24.170 - - [19/Mar/2012:20:45:44 +0100] "GET /news.php HTTP/1.1" 404 360 "http://nano.fuw.edu.pl/index.php?option=com_content&view=article&id=76:integracyjnyobozzerowy&catid=44:aktualnosci&Itemid=67" "Mozilla/5.0 (Windows NT 6.1; WOW64) AppleWebKit/535.11 (KHTML, like Gecko) Chrome/17.0.963.79 Safari/535.11"
83.24.24.170 - - [19/Mar/2012:20:45:44 +0100] "GET /favicon.ico HTTP/1.1" 404 363 "-" "Mozilla/5.0 (Windows NT 6.1; WOW64) AppleWebKit/535.11 (KHTML, like Gecko) Chrome/17.0.963.79 Safari/535.11"
66.249.71.2 - - [19/Mar/2012:20:47:20 +0100] "GET /robots.txt HTTP/1.1" 404 362 "-" "Mozilla/5.0 (compatible; Googlebot/2.1; +http://www.google.com/bot.html)"
66.249.71.2 - - [19/Mar/2012:20:47:21 +0100] "GET /viewpage.php?page_id=27&c_start=100 HTTP/1.1" 404 364 "-" "Mozilla/5.0 (compatible; Googlebot/2.1; +http://www.google.com/bot.html)"
66.249.71.2 - - [19/Mar/2012:20:53:54 +0100] "GET /viewpage.php?page_id=27&c_start=110 HTTP/1.1" 404 364 "-" "Mozilla/5.0 (compatible; Googlebot/2.1; +http://www.google.com/bot.html)"
66.249.71.2 - - [19/Mar/2012:21:00:16 +0100] "GET /viewpage.php?page_id=27&c_start=150 HTTP/1.1" 404 364 "-" "Mozilla/5.0 (compatible; Googlebot/2.1; +http://www.google.com/bot.html)"
180.76.5.103 - - [19/Mar/2012:21:01:15 +0100] "GET /viewpage.php?page_id=27&c_start=190 HTTP/1.1" 404 364 "-" "Mozilla/5.0 (compatible; Baiduspider/2.0; +http://www.baidu.com/search/spider.html)"
66.249.71.2 - - [19/Mar/2012:21:06:16 +0100] "GET /viewpage.php?page_id=27&c_start=170 HTTP/1.1" 404 364 "-" "Mozilla/5.0 (compatible; Googlebot/2.1; +http://www.google.com/bot.html)"
66.249.71.2 - - [19/Mar/2012:21:10:40 +0100] "GET /viewpage.php?page_id=27&c_start=180 HTTP/1.1" 404 364 "-" "Mozilla/5.0 (compatible; Googlebot/2.1; +http://www.google.com/bot.html)"
208.80.194.30 - - [19/Mar/2012:21:13:40 +0100] "GET /files/fuw_logo.png HTTP/1.0" 404 370 "-" "Mozilla/4.0 (compatible; MSIE 6.0; Windows NT 5.1; SV1; YPC 3.2.0; .NET CLR 1.0.3705; .NET CLR 1.1.4322; Media Center PC 3.1; HbTools 4.7.5)"
66.249.71.2 - - [19/Mar/2012:21:16:25 +0100] "GET /viewpage.php?page_id=27&c_start=20 HTTP/1.1" 404 364 "-" "Mozilla/5.0 (compatible; Googlebot/2.1; +http://www.google.com/bot.html)"
180.76.5.154 - - [19/Mar/2012:21:18:43 +0100] "GET / HTTP/1.1" 200 604 "-" "Mozilla/5.0 (compatible; Baiduspider/2.0; +http://www.baidu.com/search/spider.html)"
66.249.71.2 - - [19/Mar/2012:21:22:35 +0100] "GET /viewpage.php?page_id=27&c_start=40 HTTP/1.1" 404 364 "-" "Mozilla/5.0 (compatible; Googlebot/2.1; +http://www.google.com/bot.html)"
178.250.47.121 - - [19/Mar/2012:21:27:14 +0100] "GET /viewpage.php?page_id=26 HTTP/1.0" 404 364 "http://samorzad.fuw.edu.pl/viewpage.php?page_id=26" "Mozilla/4.0 (compatible; MSIE 6.0; Windows NT 5.1)"
178.250.47.121 - - [19/Mar/2012:21:27:14 +0100] "GET / HTTP/1.0" 200 604 "http://samorzad.fuw.edu.pl/" "Mozilla/4.0 (compatible; MSIE 6.0; Windows NT 5.1)"
66.249.71.2 - - [19/Mar/2012:21:29:48 +0100] "GET /viewpage.php?page_id=27&c_start=70 HTTP/1.1" 404 364 "-" "Mozilla/5.0 (compatible; Googlebot/2.1; +http://www.google.com/bot.html)"
72.14.199.69 - - [19/Mar/2012:21:57:37 +0100] "GET /?q=pl/node/feed HTTP/1.1" 200 604 "-" "Feedfetcher-Google; (+http://www.google.com/feedfetcher.html; 1 subscribers; feed-id=13092677621290790569)"
66.249.71.2 - - [19/Mar/2012:21:59:44 +0100] "GET /print.php?type=N&item_id=30 HTTP/1.1" 404 361 "-" "Mozilla/5.0 (iPhone; U; CPU iPhone OS 4_1 like Mac OS X; en-us) AppleWebKit/532.9 (KHTML, like Gecko) Version/4.0.5 Mobile/8B117 Safari/6531.22.7 (compatible; Googlebot-Mobile/2.1; +http://www.google.com/bot.html)"
87.250.252.241 - - [19/Mar/2012:22:07:03 +0100] "GET /robots.txt HTTP/1.1" 404 362 "-" "Mozilla/5.0 (compatible; YandexBot/3.0; +http://yandex.com/bots)"
199.21.99.77 - - [19/Mar/2012:22:07:06 +0100] "GET /?q=pl/node/25 HTTP/1.1" 200 604 "-" "Mozilla/5.0 (compatible; YandexBot/3.0; +http://yandex.com/bots)"
173.234.92.197 - - [19/Mar/2012:22:09:51 +0100] "GET /news.php?readmore=69 HTTP/1.0" 404 360 "http://uandroidmarketplace.blogspot.com/p/android-marketplace-introductions.html" "Mozilla/5.0 (Windows; U; Windows NT 5.1; de; rv:1.9.1.3) Gecko/20090824 Firefox/3.5.3 (.NET CLR 3.5.30729)"
110.85.106.90 - - [19/Mar/2012:22:24:30 +0100] "GET /register.php+%5BPLM=0%5D%5BR%5D+GET+http://samorzad.fuw.edu.pl/register.php+%5B0,6060,4063%5D+-%3E+%5BR%5D+POST+http://samorzad.fuw.edu.pl/register.php+%5B0,0,4779%5D+-%3E+%5BL%5D+GET+http://samorzad.fuw.edu.pl/login.php+%5B0,3647,5275%5D+-%3E+%5BL%5D+POST+http://samorzad.fuw.edu.pl/login.php+%5BR=302%5D%5B0,0,291%5D+-%3E+%5BL%5D+GET+http://samorzad.fuw.edu.pl/setuser.php?error=3+%5B0,0,1452%5D+-%3E+%5BL%5D+GET+http://samorzad.fuw.edu.pl/news.php+%5B0,0,17711%5D+-%3E+%5BN%5D+GET+http://samorzad.fuw.edu.pl/news.php?readmore=70+%5B0,70028,3480%5D+-%3E+%5BN%5D+POST+http://samorzad.fuw.edu.pl/news.php?readmore=70+%5BR=302%5D%5B75015,0,1574%5D HTTP/1.0" 404 686 "http://samorzad.fuw.edu.pl/register.php+%5BPLM=0%5D%5BR%5D+GET+http://samorzad.fuw.edu.pl/register.php+%5B0,6060,4063%5D+-%3E+%5BR%5D+POST+http://samorzad.fuw.edu.pl/register.php+%5B0,0,4779%5D+-%3E+%5BL%5D+GET+http://samorzad.fuw.edu.pl/login.php+%5B0,3647,5275%5D+-%3E+%5BL%5D+POST+http://samorzad.fuw.edu.pl/login.php+%5BR=302%5D%5B0,0,291%5D+-%3E+%5BL%5D+GET+http://samorzad.fuw.edu.pl/setuser.php?error=3+%5B0,0,1452%5D+-%3E+%5BL%5D+GET+http://samorzad.fuw.edu.pl/news.php+%5B0,0,17711%5D+-%3E+%5BN%5D+GET+http://samorzad.fuw.edu.pl/news.php?readmore=70+%5B0,70028,3480%5D+-%3E+%5BN%5D+POST+http://samorzad.fuw.edu.pl/news.php?readmore=70+%5BR=302%5D%5B75015,0,1574%5D" "Mozilla/5.0 (Windows NT 5.1; U; en) Opera 8.01"
110.85.106.90 - - [19/Mar/2012:22:24:31 +0100] "GET / HTTP/1.0" 200 604 "http://samorzad.fuw.edu.pl/" "Mozilla/5.0 (Windows NT 5.1; U; en) Opera 8.01"
220.161.150.114 - - [19/Mar/2012:22:27:27 +0100] "GET /news.php?readmore=70 HTTP/1.0" 404 360 "http://samorzad.fuw.edu.pl/news.php?readmore=70" "Mozilla/4.0 (compatible; MSIE 5.5; Windows 95; BCD2000)"
220.161.150.114 - - [19/Mar/2012:22:27:29 +0100] "GET / HTTP/1.0" 200 604 "http://samorzad.fuw.edu.pl/" "Mozilla/4.0 (compatible; MSIE 5.5; Windows 95; BCD2000)"
66.249.71.2 - - [19/Mar/2012:22:38:47 +0100] "GET /viewpage.php?page_id=24&ce4dstart=0 HTTP/1.1" 404 364 "-" "Mozilla/5.0 (compatible; Googlebot/2.1; +http://www.google.com/bot.html)"
31.214.201.2 - - [19/Mar/2012:23:16:42 +0100] "GET /news.php?readmore=70 HTTP/1.0" 404 360 "http://samorzad.fuw.edu.pl/news.php?readmore=70" "Mozilla/4.0 (compatible; Powermarks/3.5; Windows 95/98/2000/NT)"
31.214.201.2 - - [19/Mar/2012:23:16:42 +0100] "GET / HTTP/1.0" 200 604 "http://samorzad.fuw.edu.pl/" "Mozilla/4.0 (compatible; Powermarks/3.5; Windows 95/98/2000/NT)"
180.76.5.48 - - [19/Mar/2012:23:18:32 +0100] "GET / HTTP/1.1" 200 604 "-" "Mozilla/5.0 (compatible; Baiduspider/2.0; +http://www.baidu.com/search/spider.html)"
66.249.71.2 - - [19/Mar/2012:23:25:21 +0100] "GET /profile.php?lookup=125 HTTP/1.1" 404 363 "-" "Mozilla/5.0 (compatible; Googlebot/2.1; +http://www.google.com/bot.html)"
91.217.178.223 - - [19/Mar/2012:23:32:58 +0100] "GET /register.php HTTP/1.0" 404 364 "http://samorzad.fuw.edu.pl/register.php" "Mozilla/4.0 (compatible; MSIE 5.0; Windows 95) Opera 6.01  [en]"
91.217.178.223 - - [19/Mar/2012:23:32:58 +0100] "GET /login.php HTTP/1.0" 404 361 "http://samorzad.fuw.edu.pl/login.php" "Mozilla/4.0 (compatible; MSIE 5.0; Windows 95) Opera 6.01  [en]"
91.217.178.223 - - [19/Mar/2012:23:32:58 +0100] "GET /setuser.php?error=3 HTTP/1.0" 404 363 "http://samorzad.fuw.edu.pl/setuser.php?error=3" "Mozilla/4.0 (compatible; MSIE 5.0; Windows 95) Opera 6.01  [en]"
83.24.209.229 - - [19/Mar/2012:23:42:10 +0100] "GET /news.php HTTP/1.1" 404 360 "http://samorzad.uw.edu.pl/o-samorzadzie/samorzady-jednostkowe.html" "Opera/9.80 (Windows NT 6.1; U; pl) Presto/2.10.229 Version/11.61"
83.24.209.229 - - [19/Mar/2012:23:42:11 +0100] "GET /favicon.ico HTTP/1.1" 404 363 "http://samorzad.fuw.edu.pl/news.php" "Opera/9.80 (Windows NT 6.1; U; pl) Presto/2.10.229 Version/11.61"
220.161.150.114 - - [19/Mar/2012:23:46:10 +0100] "GET /news.php?readmore=70 HTTP/1.0" 404 360 "http://samorzad.fuw.edu.pl/news.php?readmore=70" "Mozilla/4.0 (compatible; MSIE 5.0; Windows 2000) Opera 6.0 [en]"
220.161.150.114 - - [19/Mar/2012:23:46:12 +0100] "GET / HTTP/1.0" 200 604 "http://samorzad.fuw.edu.pl/" "Mozilla/4.0 (compatible; MSIE 5.0; Windows 2000) Opera 6.0 [en]"
74.125.18.162 - - [19/Mar/2012:23:47:16 +0100] "GET /favicon.ico HTTP/1.1" 404 363 "-" "-"
66.249.71.2 - - [19/Mar/2012:23:48:48 +0100] "GET /downloads.php?cat_id=3&download_id=5 HTTP/1.1" 404 365 "-" "Mozilla/5.0 (compatible; Googlebot/2.1; +http://www.google.com/bot.html)"
31.178.7.2 - - [19/Mar/2012:23:49:54 +0100] "GET /viewpage.php?page_id=26 HTTP/1.0" 404 364 "http://samorzad.fuw.edu.pl/viewpage.php?page_id=26" "Mozilla/4.0 (compatible; Powermarks/3.5; Windows 95/98/2000/NT)"
31.178.7.2 - - [19/Mar/2012:23:49:54 +0100] "GET / HTTP/1.0" 200 604 "http://samorzad.fuw.edu.pl/" "Mozilla/4.0 (compatible; Powermarks/3.5; Windows 95/98/2000/NT)"
66.249.71.2 - - [19/Mar/2012:23:54:37 +0100] "GET /viewpage.php?page_id=22&c_start=0 HTTP/1.1" 404 364 "-" "Mozilla/5.0 (compatible; Googlebot/2.1; +http://www.google.com/bot.html)"
66.249.71.2 - - [19/Mar/2012:23:59:43 +0100] "GET /viewpage.php?page_id=22&ce4dstart=0 HTTP/1.1" 404 364 "-" "Mozilla/5.0 (compatible; Googlebot/2.1; +http://www.google.com/bot.html)"
77.79.230.226 - - [20/Mar/2012:00:15:48 +0100] "GET /news.php HTTP/1.1" 404 360 "-" "Mozilla/5.0 (compatible; MSIE 9.0; Windows NT 6.1; WOW64; Trident/5.0)"
77.253.217.52 - - [20/Mar/2012:00:43:11 +0100] "GET / HTTP/1.1" 200 604 "http://www.fuw.edu.pl/inicjatywy-studentow.html" "Mozilla/5.0 (Windows NT 6.1) AppleWebKit/535.11 (KHTML, like Gecko) Chrome/17.0.963.79 Safari/535.11"
77.253.217.52 - - [20/Mar/2012:00:43:11 +0100] "GET /icons/blank.gif HTTP/1.1" 200 148 "http://samorzad.fuw.edu.pl/" "Mozilla/5.0 (Windows NT 6.1) AppleWebKit/535.11 (KHTML, like Gecko) Chrome/17.0.963.79 Safari/535.11"
77.253.217.52 - - [20/Mar/2012:00:43:11 +0100] "GET /favicon.ico HTTP/1.1" 404 363 "-" "Mozilla/5.0 (Windows NT 6.1) AppleWebKit/535.11 (KHTML, like Gecko) Chrome/17.0.963.79 Safari/535.11"
77.253.217.52 - - [20/Mar/2012:00:43:13 +0100] "GET / HTTP/1.1" 200 604 "http://www.fuw.edu.pl/inicjatywy-studentow.html" "Mozilla/5.0 (Windows NT 6.1) AppleWebKit/535.11 (KHTML, like Gecko) Chrome/17.0.963.79 Safari/535.11"
77.253.217.52 - - [20/Mar/2012:00:43:13 +0100] "GET /icons/blank.gif HTTP/1.1" 304 - "http://samorzad.fuw.edu.pl/" "Mozilla/5.0 (Windows NT 6.1) AppleWebKit/535.11 (KHTML, like Gecko) Chrome/17.0.963.79 Safari/535.11"
77.253.217.52 - - [20/Mar/2012:00:43:13 +0100] "GET /favicon.ico HTTP/1.1" 404 363 "-" "Mozilla/5.0 (Windows NT 6.1) AppleWebKit/535.11 (KHTML, like Gecko) Chrome/17.0.963.79 Safari/535.11"
31.178.7.2 - - [20/Mar/2012:00:46:42 +0100] "GET /viewpage.php?page_id=26 HTTP/1.0" 404 364 "http://samorzad.fuw.edu.pl/viewpage.php?page_id=26" "Opera/8.01 (Windows NT 5.1)"
31.178.7.2 - - [20/Mar/2012:00:47:06 +0100] "GET / HTTP/1.0" 200 604 "http://samorzad.fuw.edu.pl/" "Opera/8.01 (Windows NT 5.1)"
91.217.178.236 - - [20/Mar/2012:00:56:36 +0100] "GET /news.php?readmore=70 HTTP/1.0" 404 360 "http://samorzad.fuw.edu.pl/news.php?readmore=70" "Mozilla/4.0 (compatible; MSIE 6.0; Windows NT 5.1; en) Opera 8.00"
91.217.178.236 - - [20/Mar/2012:00:56:36 +0100] "GET / HTTP/1.0" 200 604 "http://samorzad.fuw.edu.pl/" "Mozilla/4.0 (compatible; MSIE 6.0; Windows NT 5.1; en) Opera 8.00"
109.230.245.193 - - [20/Mar/2012:00:57:25 +0100] "GET /viewpage.php?page_id=19 HTTP/1.0" 404 364 "http://samorzad.fuw.edu.pl/viewpage.php?page_id=19" "Mozilla/4.0 (compatible; MSIE 5.5; Windows NT 4.0)"
109.230.245.193 - - [20/Mar/2012:00:57:25 +0100] "GET / HTTP/1.0" 200 604 "http://samorzad.fuw.edu.pl/" "Mozilla/4.0 (compatible; MSIE 5.5; Windows NT 4.0)"
72.14.199.69 - - [20/Mar/2012:00:57:38 +0100] "GET /?q=pl/node/feed HTTP/1.1" 200 604 "-" "Feedfetcher-Google; (+http://www.google.com/feedfetcher.html; 1 subscribers; feed-id=13092677621290790569)"
124.115.6.12 - - [20/Mar/2012:00:59:34 +0100] "GET /robots.txt HTTP/1.1" 404 362 "-" "Sosospider+(+http://help.soso.com/webspider.htm)"
180.76.5.92 - - [20/Mar/2012:01:00:06 +0100] "GET /viewpage.php?page_id=27&c_start=210 HTTP/1.1" 404 364 "-" "Mozilla/5.0 (compatible; Baiduspider/2.0; +http://www.baidu.com/search/spider.html)"
66.249.71.2 - - [20/Mar/2012:01:50:47 +0100] "GET /forum HTTP/1.1" 404 357 "-" "Mozilla/5.0 (compatible; Googlebot/2.1; +http://www.google.com/bot.html)"
213.180.146.29 - - [20/Mar/2012:02:14:11 +0100] "GET / HTTP/1.1" 200 604 "-" "Mozilla/5.0 (X11; U; Linux i686; pl; rv:1.9.2.10) Gecko/20100914 Firefox/3.6.10"
213.180.146.29 - - [20/Mar/2012:02:14:11 +0100] "GET /icons/blank.gif HTTP/1.1" 200 148 "http://samorzad.fuw.edu.pl/" "Mozilla/5.0 (X11; U; Linux i686; pl; rv:1.9.2.10) Gecko/20100914 Firefox/3.6.10"
66.249.71.2 - - [20/Mar/2012:02:17:24 +0100] "GET /news.php?readmore=28&c_start=20 HTTP/1.1" 404 360 "-" "Mozilla/5.0 (compatible; Googlebot/2.1; +http://www.google.com/bot.html)"
66.249.71.2 - - [20/Mar/2012:02:23:14 +0100] "GET /news.php?readmore=28&c_start=30 HTTP/1.1" 404 360 "-" "Mozilla/5.0 (compatible; Googlebot/2.1; +http://www.google.com/bot.html)"
66.249.71.2 - - [20/Mar/2012:02:55:07 +0100] "GET /print.php?type=N&item_id=34 HTTP/1.1" 404 361 "-" "Mozilla/5.0 (compatible; Googlebot/2.1; +http://www.google.com/bot.html)"
46.21.144.176 - - [20/Mar/2012:03:08:41 +0100] "GET /infusions/guest_book/guest_book.php?new_message=1 HTTP/1.1" 404 387 "-" "Mozilla/4.0 (compatible; MSIE 6.0; Windows NT 5.1; SV1)"
180.76.5.176 - - [20/Mar/2012:03:17:46 +0100] "GET / HTTP/1.1" 200 604 "-" "Mozilla/5.0 (compatible; Baiduspider/2.0; +http://www.baidu.com/search/spider.html)"
66.249.71.2 - - [20/Mar/2012:03:50:15 +0100] "GET /print.php?type=N&item_id=50 HTTP/1.1" 404 361 "-" "Mozilla/5.0 (compatible; Googlebot/2.1; +http://www.google.com/bot.html)"
72.14.199.69 - - [20/Mar/2012:03:57:45 +0100] "GET /?q=pl/node/feed HTTP/1.1" 200 604 "-" "Feedfetcher-Google; (+http://www.google.com/feedfetcher.html; 1 subscribers; feed-id=13092677621290790569)"
61.131.71.110 - - [20/Mar/2012:03:58:30 +0100] "GET /viewpage.php?page_id=19 HTTP/1.1" 404 364 "-" "Mozilla/4.0 (compatible; MSIE 7.0; Windows NT 5.1; Trident/4.0; GTB7.3; .NET CLR 2.0.50727; BO1IE8_v1;ENUS; 360SE)"
61.131.71.110 - - [20/Mar/2012:03:58:34 +0100] "GET /favicon.ico HTTP/1.1" 404 363 "-" "Mozilla/4.0 (compatible; MSIE 8.0; Windows NT 5.1; Trident/4.0; GTB7.3; .NET CLR 2.0.50727; BO1IE8_v1;ENUS; 360SE)"
61.131.71.110 - - [20/Mar/2012:03:59:31 +0100] "GET /favicon.ico HTTP/1.1" 404 363 "-" "360se"
61.131.71.110 - - [20/Mar/2012:04:02:30 +0100] "GET /favicon.ico HTTP/1.1" 404 363 "-" "360se"
61.131.71.110 - - [20/Mar/2012:04:03:58 +0100] "GET /viewpage.php?page_id=19 HTTP/1.1" 404 364 "-" "Mozilla/5.0 (Windows NT 5.1) AppleWebKit/535.11 (KHTML, like Gecko) Chrome/17.0.963.79 Safari/535.11"
61.131.71.110 - - [20/Mar/2012:04:03:59 +0100] "GET /favicon.ico HTTP/1.1" 404 363 "-" "Mozilla/5.0 (Windows NT 5.1) AppleWebKit/535.11 (KHTML, like Gecko) Chrome/17.0.963.79 Safari/535.11"
61.131.71.110 - - [20/Mar/2012:04:04:27 +0100] "GET /viewpage.php?page_id=19 HTTP/1.1" 404 364 "-" "Mozilla/4.0 (compatible; MSIE 7.0; Windows NT 5.1; Trident/4.0; GTB7.3; .NET CLR 2.0.50727; BO1IE8_v1;ENUS; 360SE)"
61.131.71.110 - - [20/Mar/2012:04:04:34 +0100] "GET /favicon.ico HTTP/1.1" 404 363 "-" "360se"
61.131.71.110 - - [20/Mar/2012:04:09:05 +0100] "GET /favicon.ico HTTP/1.1" 404 363 "-" "360se"
61.131.71.110 - - [20/Mar/2012:04:09:17 +0100] "GET /viewpage.php?page_id=19 HTTP/1.1" 404 364 "-" "Mozilla/5.0 (Windows NT 5.1) AppleWebKit/535.11 (KHTML, like Gecko) Chrome/17.0.963.79 Safari/535.11"
61.131.71.110 - - [20/Mar/2012:04:09:18 +0100] "GET /favicon.ico HTTP/1.1" 404 363 "-" "Mozilla/5.0 (Windows NT 5.1) AppleWebKit/535.11 (KHTML, like Gecko) Chrome/17.0.963.79 Safari/535.11"
66.249.71.2 - - [20/Mar/2012:04:11:06 +0100] "GET /news.php?readmore=35&c_start=10 HTTP/1.1" 404 360 "-" "Mozilla/5.0 (compatible; Googlebot/2.1; +http://www.google.com/bot.html)"
193.105.210.86 - - [20/Mar/2012:04:14:38 +0100] "GET /register.php HTTP/1.0" 404 364 "http://samorzad.fuw.edu.pl/register.php" "Mozilla/4.0 (compatible; MSIE 6.0; Windows NT 5.1; SV1; Media Center PC"
193.105.210.86 - - [20/Mar/2012:04:14:38 +0100] "GET /login.php HTTP/1.0" 404 361 "http://samorzad.fuw.edu.pl/login.php" "Mozilla/4.0 (compatible; MSIE 6.0; Windows NT 5.1; SV1; Media Center PC"
193.105.210.86 - - [20/Mar/2012:04:14:38 +0100] "GET /setuser.php?error=3 HTTP/1.0" 404 363 "http://samorzad.fuw.edu.pl/setuser.php?error=3" "Mozilla/4.0 (compatible; MSIE 6.0; Windows NT 5.1; SV1; Media Center PC"
193.105.210.86 - - [20/Mar/2012:04:15:57 +0100] "GET /register.php HTTP/1.0" 404 364 "http://samorzad.fuw.edu.pl/register.php" "Mozilla/4.0 (compatible; MSIE 6.0; Windows 98; Win 9x 4.90; Creative)"
193.105.210.86 - - [20/Mar/2012:04:15:57 +0100] "GET /login.php HTTP/1.0" 404 361 "http://samorzad.fuw.edu.pl/login.php" "Mozilla/4.0 (compatible; MSIE 6.0; Windows 98; Win 9x 4.90; Creative)"
193.105.210.86 - - [20/Mar/2012:04:15:57 +0100] "GET /setuser.php?error=3 HTTP/1.0" 404 363 "http://samorzad.fuw.edu.pl/setuser.php?error=3" "Mozilla/4.0 (compatible; MSIE 6.0; Windows 98; Win 9x 4.90; Creative)"
218.6.15.112 - - [20/Mar/2012:04:17:23 +0100] "GET /news.php?readmore=70 HTTP/1.0" 404 360 "http://samorzad.fuw.edu.pl/news.php?readmore=70" "Mozilla/4.0 (compatible; MSIE 6.0; Windows NT 5.1; MyIE2; Deepnet Explorer)"
218.6.15.112 - - [20/Mar/2012:04:17:26 +0100] "GET / HTTP/1.0" 200 604 "http://samorzad.fuw.edu.pl/" "Mozilla/4.0 (compatible; MSIE 6.0; Windows NT 5.1; MyIE2; Deepnet Explorer)"
213.186.119.132 - - [20/Mar/2012:04:21:14 +0100] "GET / HTTP/1.1" 200 604 "-" "Mozilla/5.0 (compatible; AhrefsBot/2.0; +http://ahrefs.com/robot/)"
180.76.5.90 - - [20/Mar/2012:05:18:37 +0100] "GET / HTTP/1.1" 200 604 "-" "Mozilla/5.0 (compatible; Baiduspider/2.0; +http://www.baidu.com/search/spider.html)"
91.217.178.223 - - [20/Mar/2012:06:22:47 +0100] "GET /news.php?readmore=70 HTTP/1.0" 404 360 "http://samorzad.fuw.edu.pl/news.php?readmore=70" "Mozilla/4.79 [en] (Windows NT 5.0; U)"
91.217.178.223 - - [20/Mar/2012:06:22:49 +0100] "GET / HTTP/1.0" 200 604 "http://samorzad.fuw.edu.pl/" "Mozilla/4.79 [en] (Windows NT 5.0; U)"
72.14.199.69 - - [20/Mar/2012:06:57:47 +0100] "GET /?q=pl/node/feed HTTP/1.1" 200 604 "-" "Feedfetcher-Google; (+http://www.google.com/feedfetcher.html; 1 subscribers; feed-id=13092677621290790569)"
65.52.108.24 - - [20/Mar/2012:07:03:04 +0100] "GET /news.php?rowstart=18 HTTP/1.1" 404 360 "-" "Mozilla/5.0 (compatible; bingbot/2.0; +http://www.bing.com/bingbot.htm)"
180.76.5.60 - - [20/Mar/2012:07:19:00 +0100] "GET / HTTP/1.1" 200 604 "-" "Mozilla/5.0 (compatible; Baiduspider/2.0; +http://www.baidu.com/search/spider.html)"
59.58.137.126 - - [20/Mar/2012:07:27:48 +0100] "GET /viewpage.php?page_id=27&c_start=210 HTTP/1.1" 404 364 "-" "Mozilla/5.0 (Windows; U; Windows NT 5.1; zh-CN; rv:1.9.2.28) Gecko/20120306 Firefox/3.6.28 GTB7.1 (.NET CLR 3.5.30729)"
59.58.137.126 - - [20/Mar/2012:07:27:49 +0100] "GET /favicon.ico HTTP/1.1" 404 363 "-" "Mozilla/5.0 (Windows; U; Windows NT 5.1; zh-CN; rv:1.9.2.28) Gecko/20120306 Firefox/3.6.28 GTB7.1 (.NET CLR 3.5.30729)"
59.58.137.126 - - [20/Mar/2012:07:27:52 +0100] "GET /favicon.ico HTTP/1.1" 404 363 "-" "Mozilla/5.0 (Windows; U; Windows NT 5.1; zh-CN; rv:1.9.2.28) Gecko/20120306 Firefox/3.6.28 GTB7.1 (.NET CLR 3.5.30729)"
46.251.237.178 - - [20/Mar/2012:07:56:03 +0100] "GET /register.php HTTP/1.0" 404 364 "http://samorzad.fuw.edu.pl/register.php" "Mozilla/1.22 (compatible; MSIE 2.0; Windows 95)"
46.251.237.178 - - [20/Mar/2012:07:56:03 +0100] "GET /login.php HTTP/1.0" 404 361 "http://samorzad.fuw.edu.pl/login.php" "Mozilla/1.22 (compatible; MSIE 2.0; Windows 95)"
46.251.237.178 - - [20/Mar/2012:07:56:04 +0100] "GET /setuser.php?error=3 HTTP/1.0" 404 363 "http://samorzad.fuw.edu.pl/setuser.php?error=3" "Mozilla/1.22 (compatible; MSIE 2.0; Windows 95)"
59.60.121.186 - - [20/Mar/2012:08:27:16 +0100] "GET / HTTP/1.1" 200 604 "-" "Mozilla/4.0 (compatible; MSIE 8.0; Windows NT 5.1; Trident/4.0; BTRS129268; .NET CLR 2.0.50727; msn OptimizedIE8;ZHCN; qihu theworld)"
59.60.121.186 - - [20/Mar/2012:08:27:17 +0100] "GET /icons/blank.gif HTTP/1.1" 200 148 "http://samorzad.fuw.edu.pl/" "Mozilla/4.0 (compatible; MSIE 8.0; Windows NT 5.1; Trident/4.0; BTRS129268; .NET CLR 2.0.50727; msn OptimizedIE8;ZHCN; qihu theworld)"
59.60.121.186 - - [20/Mar/2012:08:27:18 +0100] "GET /favicon.ico HTTP/1.1" 404 363 "-" "Mozilla/4.0 (compatible; MSIE 8.0; Windows NT 5.1; Trident/4.0; BTRS129268; .NET CLR 2.0.50727; msn OptimizedIE8;ZHCN; qihu theworld)"
91.217.178.236 - - [20/Mar/2012:08:34:48 +0100] "GET /news.php?readmore=70 HTTP/1.0" 404 360 "http://samorzad.fuw.edu.pl/news.php?readmore=70" "Opera/8.00 (Windows NT 5.1; U; en)"
91.217.178.236 - - [20/Mar/2012:08:34:49 +0100] "GET / HTTP/1.0" 200 604 "http://samorzad.fuw.edu.pl/" "Opera/8.00 (Windows NT 5.1; U; en)"
91.207.6.162 - - [20/Mar/2012:08:48:36 +0100] "GET /viewpage.php?page_id=19&c_start=10 HTTP/1.0" 404 364 "http://samorzad.fuw.edu.pl/viewpage.php?page_id=19&c_start=10" "Mozilla/4.0 (compatible; MSIE 5.0; Windows 2000) Opera 6.0 [en]"
223.255.243.46 - - [20/Mar/2012:08:48:39 +0100] "GET /submit.php?stype=l HTTP/1.1" 404 362 "-" "Mozilla/5.0 (Windows NT 5.1) AppleWebKit/535.2 (KHTML, like Gecko) Chrome/15.0.874.121 Safari/535.2"
223.255.243.46 - - [20/Mar/2012:08:48:40 +0100] "GET /favicon.ico HTTP/1.1" 404 363 "-" "Mozilla/5.0 (Windows NT 5.1) AppleWebKit/535.2 (KHTML, like Gecko) Chrome/15.0.874.121 Safari/535.2"
23.19.46.58 - - [20/Mar/2012:09:06:41 +0100] "GET /news.php?readmore=69 HTTP/1.0" 404 360 "-" "Mozilla/4.0 (compatible; MSIE 7.0; Windows NT 5.1; .NET CLR 1.1.4322; .NET CLR 2.0.50727; .NET CLR 3.0.04506.30)"
180.76.5.179 - - [20/Mar/2012:09:18:20 +0100] "GET / HTTP/1.1" 200 604 "-" "Mozilla/5.0 (compatible; Baiduspider/2.0; +http://www.baidu.com/search/spider.html)"
59.58.159.181 - - [20/Mar/2012:09:18:40 +0100] "GET /news.php?readmore=69&c_start=30 HTTP/1.1" 404 360 "-" "Mozilla/4.0 (compatible; MSIE 8.0; Windows NT 5.1; Trident/4.0; GTB7.2; User-agent: Mozilla/4.0 (compatible; MSIE 6.0; Windows NT 5.1; SV1; http://bsalsa.com) )"
208.107.186.72 - - [20/Mar/2012:09:33:48 +0100] "GET /robots.txt HTTP/1.0" 404 362 "-" "Mozilla/5.0 (compatible; MJ12bot/v1.4.2; http://www.majestic12.co.uk/bot.php?+)"
208.107.186.72 - - [20/Mar/2012:09:33:49 +0100] "GET / HTTP/1.1" 200 604 "-" "Mozilla/5.0 (compatible; MJ12bot/v1.4.2; http://www.majestic12.co.uk/bot.php?+)"
59.60.121.186 - - [20/Mar/2012:09:36:14 +0100] "GET / HTTP/1.1" 200 604 "-" "Mozilla/4.0 (compatible; MSIE 8.0; Windows NT 5.1; Trident/4.0; BTRS129268; .NET CLR 2.0.50727; msn OptimizedIE8;ZHCN; qihu theworld)"
59.60.121.186 - - [20/Mar/2012:09:36:15 +0100] "GET /icons/blank.gif HTTP/1.1" 304 - "http://samorzad.fuw.edu.pl/" "Mozilla/4.0 (compatible; MSIE 8.0; Windows NT 5.1; Trident/4.0; BTRS129268; .NET CLR 2.0.50727; msn OptimizedIE8;ZHCN; qihu theworld)"
66.249.71.2 - - [20/Mar/2012:09:45:56 +0100] "GET /robots.txt HTTP/1.1" 404 362 "-" "Mozilla/5.0 (compatible; Googlebot/2.1; +http://www.google.com/bot.html)"
66.249.71.2 - - [20/Mar/2012:09:45:56 +0100] "GET /profile.php?lookup=147 HTTP/1.1" 404 363 "-" "Mozilla/5.0 (compatible; Googlebot/2.1; +http://www.google.com/bot.html)"
72.14.199.69 - - [20/Mar/2012:09:57:56 +0100] "GET /?q=pl/node/feed HTTP/1.1" 200 604 "-" "Feedfetcher-Google; (+http://www.google.com/feedfetcher.html; 1 subscribers; feed-id=13092677621290790569)"
208.80.194.33 - - [20/Mar/2012:10:01:39 +0100] "GET / HTTP/1.0" 200 604 "-" "Mozilla/4.0 (compatible; MSIE 6.0; Windows NT 5.1; YPC 3.2.0; Windows-Media-Player/10.00.00.3990; .NET CLR 2.0.50727)"
180.76.5.176 - - [20/Mar/2012:10:05:22 +0100] "GET /robots.txt HTTP/1.1" 404 362 "-" "Baiduspider+(+http://www.baidu.com/search/spider.htm)"
91.217.178.226 - - [20/Mar/2012:10:44:19 +0100] "GET /register.php HTTP/1.0" 404 364 "http://samorzad.fuw.edu.pl/register.php" "Mozilla/4.0 (compatible; MSIE 5.0; Windows 2000) Opera 6.0 [en]"
91.217.178.226 - - [20/Mar/2012:10:44:19 +0100] "GET / HTTP/1.0" 200 604 "http://samorzad.fuw.edu.pl/" "Mozilla/4.0 (compatible; MSIE 5.0; Windows 2000) Opera 6.0 [en]"
66.249.71.2 - - [20/Mar/2012:11:12:55 +0100] "GET /news.php?readmore=28 HTTP/1.1" 404 360 "-" "Mozilla/5.0 (compatible; Googlebot/2.1; +http://www.google.com/bot.html)"
180.76.5.157 - - [20/Mar/2012:11:18:16 +0100] "GET / HTTP/1.1" 200 604 "-" "Mozilla/5.0 (compatible; Baiduspider/2.0; +http://www.baidu.com/search/spider.html)"
109.230.245.193 - - [20/Mar/2012:11:23:32 +0100] "GET /viewpage.php?page_id=19 HTTP/1.0" 404 364 "http://samorzad.fuw.edu.pl/viewpage.php?page_id=19" "Opera/7.11 (Windows NT 5.1; U) [en]"
109.230.245.193 - - [20/Mar/2012:11:23:32 +0100] "GET / HTTP/1.0" 200 604 "http://samorzad.fuw.edu.pl/" "Opera/7.11 (Windows NT 5.1; U) [en]"
218.66.250.106 - - [20/Mar/2012:12:50:25 +0100] "GET /register.php+%5BPLM=0%5D%5BR%5D+GET+http://samorzad.fuw.edu.pl/register.php+%5B0,6060,4063%5D+-%3E+%5BR%5D+POST+http://samorzad.fuw.edu.pl/register.php+%5B0,0,4779%5D+-%3E+%5BL%5D+GET+http://samorzad.fuw.edu.pl/login.php+%5B0,3647,5275%5D+-%3E+%5BL%5D+POST+http://samorzad.fuw.edu.pl/login.php+%5BR=302%5D%5B0,0,291%5D+-%3E+%5BL%5D+GET+http://samorzad.fuw.edu.pl/setuser.php?error=3+%5B0,0,1452%5D+-%3E+%5BL%5D+GET+http://samorzad.fuw.edu.pl/news.php+%5B0,0,17711%5D+-%3E+%5BN%5D+GET+http://samorzad.fuw.edu.pl/news.php?readmore=70+%5B0,70028,3480%5D+-%3E+%5BN%5D+POST+http://samorzad.fuw.edu.pl/news.php?readmore=70+%5BR=302%5D%5B75015,0,1574%5D HTTP/1.0" 404 686 "http://samorzad.fuw.edu.pl/register.php+%5BPLM=0%5D%5BR%5D+GET+http://samorzad.fuw.edu.pl/register.php+%5B0,6060,4063%5D+-%3E+%5BR%5D+POST+http://samorzad.fuw.edu.pl/register.php+%5B0,0,4779%5D+-%3E+%5BL%5D+GET+http://samorzad.fuw.edu.pl/login.php+%5B0,3647,5275%5D+-%3E+%5BL%5D+POST+http://samorzad.fuw.edu.pl/login.php+%5BR=302%5D%5B0,0,291%5D+-%3E+%5BL%5D+GET+http://samorzad.fuw.edu.pl/setuser.php?error=3+%5B0,0,1452%5D+-%3E+%5BL%5D+GET+http://samorzad.fuw.edu.pl/news.php+%5B0,0,17711%5D+-%3E+%5BN%5D+GET+http://samorzad.fuw.edu.pl/news.php?readmore=70+%5B0,70028,3480%5D+-%3E+%5BN%5D+POST+http://samorzad.fuw.edu.pl/news.php?readmore=70+%5BR=302%5D%5B75015,0,1574%5D" "Mozilla/4.0 (compatible; MSIE 6.0; Windows NT 5.1) Netscape/8.0.4"
218.66.250.106 - - [20/Mar/2012:12:50:29 +0100] "GET / HTTP/1.0" 200 604 "http://samorzad.fuw.edu.pl/" "Mozilla/4.0 (compatible; MSIE 6.0; Windows NT 5.1) Netscape/8.0.4"
85.25.100.162 - - [20/Mar/2012:12:53:50 +0100] "GET /wp-trackback.php HTTP/1.1" 404 368 "-" "Mozilla/5.0 (compatible; Googlebot/2.1; +http://www.google.com/bot.html)"
85.25.100.162 - - [20/Mar/2012:12:53:50 +0100] "GET /blog/wp-trackback.php HTTP/1.1" 404 373 "-" "Mozilla/5.0 (compatible; Googlebot/2.1; +http://www.google.com/bot.html)"
