109.230.245.193 - - [21/Mar/2012:14:45:43 +0100] "GET /viewpage.php?page_id=23&c_start=80 HTTP/1.0" 404 364 "http://samorzad.fuw.edu.pl/viewpage.php?page_id=23&c_start=80" "Mozilla/4.0 (compatible; MSIE 6.0; Windows NT 5.1; SV1; FunWebProducts; MRA 4.6 (build 01425); .NET CLR 1.1.4322; .NET CLR 2.0.50727)"
109.230.245.193 - - [21/Mar/2012:14:45:43 +0100] "GET / HTTP/1.0" 200 604 "http://samorzad.fuw.edu.pl/" "Mozilla/4.0 (compatible; MSIE 6.0; Windows NT 5.1; SV1; FunWebProducts; MRA 4.6 (build 01425); .NET CLR 1.1.4322; .NET CLR 2.0.50727)"
66.249.66.213 - - [21/Mar/2012:14:54:50 +0100] "GET /forum/ HTTP/1.1" 404 358 "-" "Mozilla/5.0 (compatible; Googlebot/2.1; +http://www.google.com/bot.html)"
188.233.27.215 - - [21/Mar/2012:14:55:40 +0100] "GET /news.php?readmore=70 HTTP/1.0" 404 360 "http://samorzad.fuw.edu.pl/news.php?readmore=70" "Opera/9.00 (Windows NT 5.1; U; en)"
188.233.27.215 - - [21/Mar/2012:14:55:40 +0100] "GET / HTTP/1.0" 200 604 "http://samorzad.fuw.edu.pl/" "Opera/9.00 (Windows NT 5.1; U; en)"
180.76.5.92 - - [21/Mar/2012:14:56:48 +0100] "GET /viewpage.php?page_id=19&c_start=260 HTTP/1.1" 404 364 "-" "Mozilla/5.0 (compatible; Baiduspider/2.0; +http://www.baidu.com/search/spider.html)"
180.76.5.167 - - [21/Mar/2012:15:17:53 +0100] "GET / HTTP/1.1" 200 604 "-" "Mozilla/5.0 (compatible; Baiduspider/2.0; +http://www.baidu.com/search/spider.html)"
124.115.6.12 - - [21/Mar/2012:15:20:40 +0100] "GET /robots.txt HTTP/1.1" 404 362 "-" "Sosospider+(+http://help.soso.com/webspider.htm)"
66.249.72.174 - - [21/Mar/2012:15:55:22 +0100] "GET /print.php?type=N&item_id=32 HTTP/1.1" 404 361 "-" "Mozilla/5.0 (iPhone; U; CPU iPhone OS 4_1 like Mac OS X; en-us) AppleWebKit/532.9 (KHTML, like Gecko) Version/4.0.5 Mobile/8B117 Safari/6531.22.7 (compatible; Googlebot-Mobile/2.1; +http://www.google.com/bot.html)"
85.25.95.90 - - [21/Mar/2012:15:59:24 +0100] "GET /index.php HTTP/1.1" 404 361 "-" "Mozilla/4.0 (compatible; MSIE 6.0; Windows NT 5.1; SV1)"
72.14.199.241 - - [21/Mar/2012:16:04:47 +0100] "GET /?q=pl/node/feed HTTP/1.1" 200 604 "-" "Feedfetcher-Google; (+http://www.google.com/feedfetcher.html; 1 subscribers; feed-id=13092677621290790569)"
212.87.7.106 - - [21/Mar/2012:16:08:58 +0100] "GET / HTTP/1.1" 200 604 "-" "Mozilla/5.0 (X11; Ubuntu; Linux x86_64; rv:10.0.2) Gecko/20100101 Firefox/10.0.2"
212.87.7.106 - - [21/Mar/2012:16:08:59 +0100] "GET /icons/blank.gif HTTP/1.1" 200 148 "http://samorzad.fuw.edu.pl/" "Mozilla/5.0 (X11; Ubuntu; Linux x86_64; rv:10.0.2) Gecko/20100101 Firefox/10.0.2"
212.87.7.106 - - [21/Mar/2012:16:08:59 +0100] "GET /favicon.ico HTTP/1.1" 404 363 "-" "Mozilla/5.0 (X11; Ubuntu; Linux x86_64; rv:10.0.2) Gecko/20100101 Firefox/10.0.2"
212.87.7.106 - - [21/Mar/2012:16:08:59 +0100] "GET /favicon.ico HTTP/1.1" 404 363 "-" "Mozilla/5.0 (X11; Ubuntu; Linux x86_64; rv:10.0.2) Gecko/20100101 Firefox/10.0.2"
212.87.7.106 - - [21/Mar/2012:16:09:17 +0100] "GET /?C=N;O=D HTTP/1.1" 200 604 "http://samorzad.fuw.edu.pl/" "Mozilla/5.0 (X11; Ubuntu; Linux x86_64; rv:10.0.2) Gecko/20100101 Firefox/10.0.2"
212.87.7.106 - - [21/Mar/2012:16:09:20 +0100] "GET /?C=M;O=A HTTP/1.1" 200 604 "http://samorzad.fuw.edu.pl/?C=N;O=D" "Mozilla/5.0 (X11; Ubuntu; Linux x86_64; rv:10.0.2) Gecko/20100101 Firefox/10.0.2"
212.87.7.106 - - [21/Mar/2012:16:10:28 +0100] "GET / HTTP/1.1" 200 604 "http://www.fuw.edu.pl/inicjatywy-studentow.html" "Mozilla/5.0 (X11; Ubuntu; Linux x86_64; rv:10.0.2) Gecko/20100101 Firefox/10.0.2"
207.46.13.100 - - [21/Mar/2012:16:27:30 +0100] "GET / HTTP/1.1" 200 604 "-" "Mozilla/5.0 (compatible; bingbot/2.0; +http://www.bing.com/bingbot.htm)"
89.182.3.198 - - [21/Mar/2012:16:47:56 +0100] "GET /?C=N;O=D HTTP/1.1" 200 604 "-" "findlinks/2.0.2 (+http://wortschatz.uni-leipzig.de/findlinks/)"
208.80.194.30 - - [21/Mar/2012:17:14:08 +0100] "GET /news.php HTTP/1.0" 404 360 "-" "Mozilla/4.0 (compatible; MSIE 7.0; Windows NT 5.1; {FB3D7595-B90D-49C4-ABE9-BF695A2F7BB8}; (R1 1.5); .NET CLR 1.1.4322)"
193.105.210.84 - - [21/Mar/2012:17:18:07 +0100] "GET /viewpage.php HTTP/1.0" 404 364 "http://samorzad.fuw.edu.pl/viewpage.php" "Mozilla/4.0 (compatible; MSIE 6.0; Windows NT 5.1; SV1; FunWebProducts)"
193.105.210.84 - - [21/Mar/2012:17:18:07 +0100] "GET /index.php HTTP/1.0" 404 361 "http://samorzad.fuw.edu.pl/index.php" "Mozilla/4.0 (compatible; MSIE 6.0; Windows NT 5.1; SV1; FunWebProducts)"
193.105.210.84 - - [21/Mar/2012:17:18:08 +0100] "GET /news.php HTTP/1.0" 404 360 "http://samorzad.fuw.edu.pl/news.php" "Mozilla/4.0 (compatible; MSIE 6.0; Windows NT 5.1; SV1; FunWebProducts)"
193.105.210.84 - - [21/Mar/2012:17:18:08 +0100] "GET /setuser.php?error=3 HTTP/1.0" 404 363 "http://samorzad.fuw.edu.pl/setuser.php?error=3" "Mozilla/4.0 (compatible; MSIE 6.0; Windows NT 5.1; SV1; FunWebProducts)"
180.76.5.56 - - [21/Mar/2012:17:20:19 +0100] "GET / HTTP/1.1" 200 604 "-" "Mozilla/5.0 (compatible; Baiduspider/2.0; +http://www.baidu.com/search/spider.html)"
66.249.71.2 - - [21/Mar/2012:17:23:38 +0100] "GET /robots.txt HTTP/1.1" 404 362 "-" "Mozilla/5.0 (compatible; Googlebot/2.1; +http://www.google.com/bot.html)"
66.249.71.2 - - [21/Mar/2012:17:23:38 +0100] "GET /infusions/ls_tinychat_panel/ls_tinychat_chat_frame.php?anzahl=50&bodyclass=side-body HTTP/1.1" 404 406 "-" "Mozilla/5.0 (compatible; Googlebot/2.1; +http://www.google.com/bot.html)"
66.249.71.2 - - [21/Mar/2012:17:39:56 +0100] "GET /profile.php?lookup=102 HTTP/1.1" 404 363 "-" "Mozilla/5.0 (compatible; Googlebot/2.1; +http://www.google.com/bot.html)"
199.21.99.70 - - [21/Mar/2012:18:08:50 +0100] "GET /?C=N;O=D HTTP/1.1" 200 604 "-" "Mozilla/5.0 (compatible; YandexBot/3.0; +http://yandex.com/bots)"
66.249.71.2 - - [21/Mar/2012:18:12:54 +0100] "GET /profile.php?lookup=105 HTTP/1.1" 404 363 "-" "Mozilla/5.0 (compatible; Googlebot/2.1; +http://www.google.com/bot.html)"
220.161.150.114 - - [21/Mar/2012:18:19:20 +0100] "GET /register.php HTTP/1.0" 404 364 "http://samorzad.fuw.edu.pl/register.php" "Mozilla/4.0 (compatible; MSIE 6.0; MSIE 5.5; Windows NT 5.0) Opera 7.02 Bork-edition [en]"
220.161.150.114 - - [21/Mar/2012:18:19:21 +0100] "GET /login.php HTTP/1.0" 404 361 "http://samorzad.fuw.edu.pl/login.php" "Mozilla/4.0 (compatible; MSIE 6.0; MSIE 5.5; Windows NT 5.0) Opera 7.02 Bork-edition [en]"
220.161.150.114 - - [21/Mar/2012:18:19:22 +0100] "GET /setuser.php?error=3 HTTP/1.0" 404 363 "http://samorzad.fuw.edu.pl/setuser.php?error=3" "Mozilla/4.0 (compatible; MSIE 6.0; MSIE 5.5; Windows NT 5.0) Opera 7.02 Bork-edition [en]"
180.76.5.52 - - [21/Mar/2012:18:57:35 +0100] "GET /viewpage.php?page_id=20&c_start=10 HTTP/1.1" 404 364 "-" "Mozilla/5.0 (compatible; Baiduspider/2.0; +http://www.baidu.com/search/spider.html)"
120.33.241.21 - - [21/Mar/2012:19:00:25 +0100] "GET /register.php HTTP/1.0" 404 364 "http://samorzad.fuw.edu.pl/register.php" "Mozilla/1.22 (compatible; MSIE 2.0d; Windows NT)"
120.33.241.21 - - [21/Mar/2012:19:00:26 +0100] "GET /login.php HTTP/1.0" 404 361 "http://samorzad.fuw.edu.pl/login.php" "Mozilla/1.22 (compatible; MSIE 2.0d; Windows NT)"
120.33.241.21 - - [21/Mar/2012:19:00:27 +0100] "GET /setuser.php?error=3 HTTP/1.0" 404 363 "http://samorzad.fuw.edu.pl/setuser.php?error=3" "Mozilla/1.22 (compatible; MSIE 2.0d; Windows NT)"
66.249.71.2 - - [21/Mar/2012:19:02:38 +0100] "GET /news.php?readmore=35 HTTP/1.1" 404 360 "-" "Mozilla/5.0 (compatible; Googlebot/2.1; +http://www.google.com/bot.html)"
72.14.199.69 - - [21/Mar/2012:19:04:47 +0100] "GET /?q=pl/node/feed HTTP/1.1" 200 604 "-" "Feedfetcher-Google; (+http://www.google.com/feedfetcher.html; 1 subscribers; feed-id=13092677621290790569)"
193.105.210.86 - - [21/Mar/2012:19:10:01 +0100] "GET /register.php HTTP/1.0" 404 364 "http://samorzad.fuw.edu.pl/register.php" "Opera/9.00 (Windows NT 4.0; U; en)"
193.105.210.86 - - [21/Mar/2012:19:10:01 +0100] "GET /login.php HTTP/1.0" 404 361 "http://samorzad.fuw.edu.pl/login.php" "Opera/9.00 (Windows NT 4.0; U; en)"
193.105.210.86 - - [21/Mar/2012:19:10:02 +0100] "GET /setuser.php?error=3 HTTP/1.0" 404 363 "http://samorzad.fuw.edu.pl/setuser.php?error=3" "Opera/9.00 (Windows NT 4.0; U; en)"
180.76.5.63 - - [21/Mar/2012:19:18:49 +0100] "GET / HTTP/1.1" 200 604 "-" "Mozilla/5.0 (compatible; Baiduspider/2.0; +http://www.baidu.com/search/spider.html)"
218.6.8.19 - - [21/Mar/2012:19:33:37 +0100] "GET /news.php?readmore=70 HTTP/1.0" 404 360 "http://samorzad.fuw.edu.pl/news.php?readmore=70" "Mozilla/0.6 Beta (Windows)"
218.6.8.19 - - [21/Mar/2012:19:33:38 +0100] "GET / HTTP/1.0" 200 604 "http://samorzad.fuw.edu.pl/" "Mozilla/0.6 Beta (Windows)"
77.20.158.103 - - [21/Mar/2012:19:42:06 +0100] "GET /?C=S;O=A HTTP/1.1" 200 604 "-" "findlinks/2.0.2 (+http://wortschatz.uni-leipzig.de/findlinks/)"
178.250.47.121 - - [21/Mar/2012:19:52:00 +0100] "GET /viewpage.php?page_id=26 HTTP/1.0" 404 364 "http://samorzad.fuw.edu.pl/viewpage.php?page_id=26" "Mozilla/4.0 (compatible; MSIE 6.0; Windows NT 5.1; .NET CLR 1.1.4322; Alexa Toolbar; (R1 1.5))"
178.250.47.121 - - [21/Mar/2012:19:52:00 +0100] "GET / HTTP/1.0" 200 604 "http://samorzad.fuw.edu.pl/" "Mozilla/4.0 (compatible; MSIE 6.0; Windows NT 5.1; .NET CLR 1.1.4322; Alexa Toolbar; (R1 1.5))"
218.6.15.112 - - [21/Mar/2012:19:54:34 +0100] "GET /news.php?readmore=70 HTTP/1.0" 404 360 "http://samorzad.fuw.edu.pl/news.php?readmore=70" "Mozilla/4.0 (compatible; MSIE 6.0; MSIE 5.5; Windows NT 5.0) Opera 7.02 Bork-edition [en]"
218.6.15.112 - - [21/Mar/2012:19:54:35 +0100] "GET / HTTP/1.0" 200 604 "http://samorzad.fuw.edu.pl/" "Mozilla/4.0 (compatible; MSIE 6.0; MSIE 5.5; Windows NT 5.0) Opera 7.02 Bork-edition [en]"
61.191.188.177 - - [21/Mar/2012:20:55:28 +0100] "GET /news.php?readmore=70 HTTP/1.0" 404 360 "http://samorzad.fuw.edu.pl/news.php?readmore=70" "Mozilla/4.0 (compatible; MSIE 5.5; Windows NT 5.0; T312461)"
61.191.188.177 - - [21/Mar/2012:20:55:30 +0100] "GET / HTTP/1.0" 200 604 "http://samorzad.fuw.edu.pl/" "Mozilla/4.0 (compatible; MSIE 5.5; Windows NT 5.0; T312461)"
180.76.5.63 - - [21/Mar/2012:20:57:05 +0100] "GET /viewpage.php?page_id=21&c_start=40 HTTP/1.1" 404 364 "-" "Mozilla/5.0 (compatible; Baiduspider/2.0; +http://www.baidu.com/search/spider.html)"
180.76.5.141 - - [21/Mar/2012:21:18:10 +0100] "GET / HTTP/1.1" 200 604 "-" "Mozilla/5.0 (compatible; Baiduspider/2.0; +http://www.baidu.com/search/spider.html)"
72.14.199.69 - - [21/Mar/2012:21:41:33 +0100] "GET /?q=pl/node/feed HTTP/1.1" 200 604 "-" "Feedfetcher-Google; (+http://www.google.com/feedfetcher.html; 1 subscribers; feed-id=13092677621290790569)"
120.33.241.21 - - [21/Mar/2012:22:20:43 +0100] "GET /register.php HTTP/1.0" 404 364 "http://samorzad.fuw.edu.pl/register.php" "Mozilla/4.0 (compatible; MSIE 6.0; Windows NT 5.1; SV1; YPC 3.0.2; .NET CLR 1.1.4322; yplus 4.4.02b)"
120.33.241.21 - - [21/Mar/2012:22:20:44 +0100] "GET /login.php HTTP/1.0" 404 361 "http://samorzad.fuw.edu.pl/login.php" "Mozilla/4.0 (compatible; MSIE 6.0; Windows NT 5.1; SV1; YPC 3.0.2; .NET CLR 1.1.4322; yplus 4.4.02b)"
120.33.241.21 - - [21/Mar/2012:22:20:47 +0100] "GET /setuser.php?error=3 HTTP/1.0" 404 363 "http://samorzad.fuw.edu.pl/setuser.php?error=3" "Mozilla/4.0 (compatible; MSIE 6.0; Windows NT 5.1; SV1; YPC 3.0.2; .NET CLR 1.1.4322; yplus 4.4.02b)"
180.76.5.168 - - [21/Mar/2012:23:18:12 +0100] "GET / HTTP/1.1" 200 604 "-" "Mozilla/5.0 (compatible; Baiduspider/2.0; +http://www.baidu.com/search/spider.html)"
199.15.234.82 - - [21/Mar/2012:23:23:48 +0100] "GET /register.php HTTP/1.0" 404 364 "http://samorzad.fuw.edu.pl/register.php" "Mozilla/4.0 (compatible; MSIE 6.0; Windows NT 5.1; ru) Opera 8.50"
199.15.234.82 - - [21/Mar/2012:23:23:51 +0100] "GET /viewpage.php?page_id=19 HTTP/1.0" 404 364 "http://samorzad.fuw.edu.pl/viewpage.php?page_id=19" "Mozilla/4.0 (compatible; MSIE 6.0; Windows NT 5.1; ru) Opera 8.50"
199.15.234.82 - - [21/Mar/2012:23:23:51 +0100] "GET /setuser.php?error=3 HTTP/1.0" 404 363 "http://samorzad.fuw.edu.pl/setuser.php?error=3" "Mozilla/4.0 (compatible; MSIE 6.0; Windows NT 5.1; ru) Opera 8.50"
72.14.199.69 - - [22/Mar/2012:00:41:33 +0100] "GET /?q=pl/node/feed HTTP/1.1" 200 604 "-" "Feedfetcher-Google; (+http://www.google.com/feedfetcher.html; 1 subscribers; feed-id=13092677621290790569)"
180.76.6.233 - - [22/Mar/2012:00:54:28 +0100] "GET /viewpage.php?page_id=23 HTTP/1.1" 404 364 "-" "Mozilla/5.0 (compatible; Baiduspider/2.0; +http://www.baidu.com/search/spider.html)"
31.178.7.2 - - [22/Mar/2012:00:55:22 +0100] "GET /viewpage.php?page_id=26 HTTP/1.0" 404 364 "http://samorzad.fuw.edu.pl/viewpage.php?page_id=26" "Mozilla/4.0 (compatible; MSIE 6.0; Windows NT 5.0; KTXN)"
31.178.7.2 - - [22/Mar/2012:00:55:22 +0100] "GET / HTTP/1.0" 200 604 "http://samorzad.fuw.edu.pl/" "Mozilla/4.0 (compatible; MSIE 6.0; Windows NT 5.0; KTXN)"
72.14.199.69 - - [22/Mar/2012:01:19:17 +0100] "GET /?q=pl/node/feed HTTP/1.1" 200 604 "-" "Feedfetcher-Google; (+http://www.google.com/feedfetcher.html; 1 subscribers; feed-id=13092677621290790569)"
180.76.5.166 - - [22/Mar/2012:01:19:27 +0100] "GET / HTTP/1.1" 200 604 "-" "Mozilla/5.0 (compatible; Baiduspider/2.0; +http://www.baidu.com/search/spider.html)"
66.249.71.2 - - [22/Mar/2012:01:20:16 +0100] "GET /profile.php?lookup=107 HTTP/1.1" 404 363 "-" "Mozilla/5.0 (compatible; Googlebot/2.1; +http://www.google.com/bot.html)"
178.250.47.121 - - [22/Mar/2012:01:44:50 +0100] "GET /viewpage.php?page_id=26 HTTP/1.0" 404 364 "http://samorzad.fuw.edu.pl/viewpage.php?page_id=26" "Mozilla/4.0 (compatible; MSIE 6.0; Windows NT 5.2; Win64; AMD64)"
178.250.47.121 - - [22/Mar/2012:01:44:50 +0100] "GET / HTTP/1.0" 200 604 "http://samorzad.fuw.edu.pl/" "Mozilla/4.0 (compatible; MSIE 6.0; Windows NT 5.2; Win64; AMD64)"
69.147.240.177 - - [22/Mar/2012:02:00:42 +0100] "GET /news.php?readmore=70 HTTP/1.0" 404 360 "http://samorzad.fuw.edu.pl/news.php?readmore=70" "Mozilla/4.0 (compatible; MSIE 6.0; Windows NT 5.1; SV1; InfoPath.1)"
173.234.19.97 - - [22/Mar/2012:02:01:44 +0100] "GET /news.php?readmore=70 HTTP/1.0" 404 360 "http://samorzad.fuw.edu.pl/news.php?readmore=70" "Mozilla/4.0 (compatible; MSIE 6.0; Windows NT 5.1; SV1; InfoPath.1)"
173.234.38.145 - - [22/Mar/2012:02:02:48 +0100] "GET /news.php?readmore=70 HTTP/1.0" 404 360 "http://samorzad.fuw.edu.pl/news.php?readmore=70" "Mozilla/4.0 (compatible; MSIE 6.0; Windows NT 5.1; SV1; InfoPath.1)"
173.234.38.145 - - [22/Mar/2012:02:03:54 +0100] "GET /news.php?readmore=70 HTTP/1.0" 404 360 "http://samorzad.fuw.edu.pl/news.php?readmore=70" "Mozilla/4.0 (compatible; MSIE 6.0; Windows NT 5.1; SV1; InfoPath.1)"
173.234.18.81 - - [22/Mar/2012:02:05:02 +0100] "GET /news.php?readmore=70 HTTP/1.0" 404 360 "http://samorzad.fuw.edu.pl/news.php?readmore=70" "Mozilla/4.0 (compatible; MSIE 6.0; Windows NT 5.1; SV1; InfoPath.1)"
173.234.19.97 - - [22/Mar/2012:02:06:04 +0100] "GET /news.php?readmore=70 HTTP/1.0" 404 360 "http://samorzad.fuw.edu.pl/news.php?readmore=70" "Mozilla/4.0 (compatible; MSIE 6.0; Windows NT 5.1; SV1; InfoPath.1)"
173.234.38.145 - - [22/Mar/2012:02:07:06 +0100] "GET /news.php?readmore=70 HTTP/1.0" 404 360 "http://samorzad.fuw.edu.pl/news.php?readmore=70" "Mozilla/4.0 (compatible; MSIE 6.0; Windows NT 5.1; SV1; InfoPath.1)"
173.208.70.81 - - [22/Mar/2012:02:08:07 +0100] "GET /news.php?readmore=70 HTTP/1.0" 404 360 "http://samorzad.fuw.edu.pl/news.php?readmore=70" "Mozilla/4.0 (compatible; MSIE 6.0; Windows NT 5.1; SV1; InfoPath.1)"
173.234.19.97 - - [22/Mar/2012:02:09:08 +0100] "GET /news.php?readmore=70 HTTP/1.0" 404 360 "http://samorzad.fuw.edu.pl/news.php?readmore=70" "Mozilla/4.0 (compatible; MSIE 6.0; Windows NT 5.1; SV1; InfoPath.1)"
173.234.38.145 - - [22/Mar/2012:02:10:17 +0100] "GET /news.php?readmore=70 HTTP/1.0" 404 360 "http://samorzad.fuw.edu.pl/news.php?readmore=70" "Mozilla/4.0 (compatible; MSIE 6.0; Windows NT 5.1; SV1; InfoPath.1)"
173.234.38.145 - - [22/Mar/2012:02:11:21 +0100] "GET /news.php?readmore=70 HTTP/1.0" 404 360 "http://samorzad.fuw.edu.pl/news.php?readmore=70" "Mozilla/4.0 (compatible; MSIE 6.0; Windows NT 5.1; SV1; InfoPath.1)"
173.208.71.72 - - [22/Mar/2012:02:12:26 +0100] "GET /news.php?readmore=70 HTTP/1.0" 404 360 "http://samorzad.fuw.edu.pl/news.php?readmore=70" "Mozilla/4.0 (compatible; MSIE 6.0; Windows NT 5.1; SV1; InfoPath.1)"
173.234.38.145 - - [22/Mar/2012:02:13:59 +0100] "GET /news.php?readmore=70 HTTP/1.0" 404 360 "http://samorzad.fuw.edu.pl/news.php?readmore=70" "Mozilla/4.0 (compatible; MSIE 6.0; Windows NT 5.1; SV1; InfoPath.1)"
173.234.152.77 - - [22/Mar/2012:02:15:04 +0100] "GET /news.php?readmore=70 HTTP/1.0" 404 360 "http://samorzad.fuw.edu.pl/news.php?readmore=70" "Mozilla/4.0 (compatible; MSIE 6.0; Windows NT 5.1; SV1; InfoPath.1)"
173.208.70.81 - - [22/Mar/2012:02:16:50 +0100] "GET /news.php?readmore=70 HTTP/1.0" 404 360 "http://samorzad.fuw.edu.pl/news.php?readmore=70" "Mozilla/4.0 (compatible; MSIE 6.0; Windows NT 5.1; SV1; InfoPath.1)"
173.234.38.145 - - [22/Mar/2012:02:17:51 +0100] "GET /news.php?readmore=70 HTTP/1.0" 404 360 "http://samorzad.fuw.edu.pl/news.php?readmore=70" "Mozilla/4.0 (compatible; MSIE 6.0; Windows NT 5.1; SV1; InfoPath.1)"
173.234.18.81 - - [22/Mar/2012:02:19:00 +0100] "GET /news.php?readmore=70 HTTP/1.0" 404 360 "http://samorzad.fuw.edu.pl/news.php?readmore=70" "Mozilla/4.0 (compatible; MSIE 6.0; Windows NT 5.1; SV1; InfoPath.1)"
173.208.71.72 - - [22/Mar/2012:02:20:08 +0100] "GET /news.php?readmore=70 HTTP/1.0" 404 360 "http://samorzad.fuw.edu.pl/news.php?readmore=70" "Mozilla/4.0 (compatible; MSIE 6.0; Windows NT 5.1; SV1; InfoPath.1)"
173.208.71.72 - - [22/Mar/2012:02:21:41 +0100] "GET /news.php?readmore=70 HTTP/1.0" 404 360 "http://samorzad.fuw.edu.pl/news.php?readmore=70" "Mozilla/4.0 (compatible; MSIE 6.0; Windows NT 5.1; SV1; InfoPath.1)"
173.208.70.81 - - [22/Mar/2012:02:23:10 +0100] "GET /news.php?readmore=70 HTTP/1.0" 404 360 "http://samorzad.fuw.edu.pl/news.php?readmore=70" "Mozilla/4.0 (compatible; MSIE 6.0; Windows NT 5.1; SV1; InfoPath.1)"
173.208.70.81 - - [22/Mar/2012:02:24:11 +0100] "GET / HTTP/1.0" 200 604 "http://samorzad.fuw.edu.pl/" "Mozilla/4.0 (compatible; MSIE 6.0; Windows NT 5.1; SV1; InfoPath.1)"
220.161.150.114 - - [22/Mar/2012:03:02:34 +0100] "GET /news.php?readmore=70 HTTP/1.0" 404 360 "http://samorzad.fuw.edu.pl/news.php?readmore=70" "Opera/9.00 (Windows NT 5.1; U; en)"
220.161.150.114 - - [22/Mar/2012:03:02:35 +0100] "GET /setuser.php?error=3 HTTP/1.0" 404 363 "http://samorzad.fuw.edu.pl/setuser.php?error=3" "Opera/9.00 (Windows NT 5.1; U; en)"
220.161.150.114 - - [22/Mar/2012:03:02:36 +0100] "GET /news.php HTTP/1.0" 404 360 "http://samorzad.fuw.edu.pl/news.php" "Opera/9.00 (Windows NT 5.1; U; en)"
220.161.150.114 - - [22/Mar/2012:03:02:37 +0100] "GET /news.php?readmore=70 HTTP/1.0" 404 360 "http://samorzad.fuw.edu.pl/news.php?readmore=70" "Opera/9.00 (Windows NT 5.1; U; en)"
180.76.6.20 - - [22/Mar/2012:03:22:29 +0100] "GET / HTTP/1.1" 200 604 "-" "Mozilla/5.0 (compatible; Baiduspider/2.0; +http://www.baidu.com/search/spider.html)"
139.18.2.209 - - [22/Mar/2012:03:37:29 +0100] "GET /?C=M;O=A HTTP/1.1" 200 604 "-" "findlinks/2.0.1 (+http://wortschatz.uni-leipzig.de/findlinks/)"
175.44.6.109 - - [22/Mar/2012:03:40:02 +0100] "GET /viewpage.php?page_id=19&c_start=260 HTTP/1.1" 404 364 "-" "Mozilla/5.0 (Windows; U; Windows NT 5.1; zh-CN; rv:1.9.2.25) Gecko/20111212 Firefox/3.6.25 GTB7.1"
175.44.6.109 - - [22/Mar/2012:03:40:03 +0100] "GET /favicon.ico HTTP/1.1" 404 363 "-" "Mozilla/5.0 (Windows; U; Windows NT 5.1; zh-CN; rv:1.9.2.25) Gecko/20111212 Firefox/3.6.25 GTB7.1"
175.44.6.109 - - [22/Mar/2012:03:40:05 +0100] "GET /favicon.ico HTTP/1.1" 404 363 "-" "Mozilla/5.0 (Windows; U; Windows NT 5.1; zh-CN; rv:1.9.2.25) Gecko/20111212 Firefox/3.6.25 GTB7.1"
175.44.6.109 - - [22/Mar/2012:03:41:16 +0100] "GET /viewpage.php?page_id=19&c_start=260 HTTP/1.1" 404 364 "-" "Mozilla/5.0 (Windows; U; Windows NT 5.1; zh-CN; rv:1.9.2.25) Gecko/20111212 Firefox/3.6.25 GTB7.1"
91.207.6.166 - - [22/Mar/2012:03:50:23 +0100] "GET /viewpage.php?page_id=19&c_start=10 HTTP/1.0" 404 364 "http://samorzad.fuw.edu.pl/viewpage.php?page_id=19&c_start=10" "Mozilla/4.0 (compatible; MSIE 5.0; Windows 2000) Opera 6.0 [en]"
123.125.71.54 - - [22/Mar/2012:03:59:55 +0100] "GET /robots.txt HTTP/1.1" 404 362 "-" "Mozilla/5.0 (compatible; Baiduspider/2.0; +http://www.baidu.com/search/spider.html)"
220.181.108.87 - - [22/Mar/2012:04:02:17 +0100] "GET / HTTP/1.1" 200 604 "-" "Mozilla/5.0 (compatible; Baiduspider/2.0; +http://www.baidu.com/search/spider.html)"
121.93.32.132 - - [22/Mar/2012:04:05:17 +0100] "GET /viewpage.php?page_id=23 HTTP/1.1" 404 364 "-" "-"
72.14.199.69 - - [22/Mar/2012:04:19:17 +0100] "GET /?q=pl/node/feed HTTP/1.1" 200 604 "-" "Feedfetcher-Google; (+http://www.google.com/feedfetcher.html; 1 subscribers; feed-id=13092677621290790569)"
213.180.146.29 - - [22/Mar/2012:04:19:44 +0100] "GET / HTTP/1.1" 200 604 "-" "Mozilla/5.0 (X11; U; Linux i686; pl; rv:1.9.2.10) Gecko/20100914 Firefox/3.6.10"
213.180.146.29 - - [22/Mar/2012:04:19:44 +0100] "GET /icons/blank.gif HTTP/1.1" 200 148 "http://samorzad.fuw.edu.pl/" "Mozilla/5.0 (X11; U; Linux i686; pl; rv:1.9.2.10) Gecko/20100914 Firefox/3.6.10"
89.252.58.37 - - [22/Mar/2012:04:45:33 +0100] "GET /forum/ HTTP/1.0" 404 358 "http://samorzad.fuw.edu.pl/forum/" "Mozilla/4.0 (compatible; MSIE 5.5; Windows NT 5.0)"
89.252.58.37 - - [22/Mar/2012:04:45:33 +0100] "GET / HTTP/1.0" 200 604 "http://samorzad.fuw.edu.pl/" "Mozilla/4.0 (compatible; MSIE 5.5; Windows NT 5.0)"
80.243.181.34 - - [22/Mar/2012:05:05:39 +0100] "GET /infusions/guest_book/guest_book.php?rowstart=20 HTTP/1.1" 404 387 "-" "Mozilla/4.0 (compatible; MSIE 6.0; Update a; AOL 6.0; Windows 98)"
65.52.108.24 - - [22/Mar/2012:05:06:42 +0100] "GET /robots.txt HTTP/1.1" 404 362 "-" "Mozilla/5.0 (compatible; bingbot/2.0; +http://www.bing.com/bingbot.htm)"
65.52.108.24 - - [22/Mar/2012:05:07:53 +0100] "GET /index.php HTTP/1.1" 404 361 "-" "Mozilla/5.0 (compatible; bingbot/2.0; +http://www.bing.com/bingbot.htm)"
180.76.5.64 - - [22/Mar/2012:05:18:11 +0100] "GET / HTTP/1.1" 200 604 "-" "Mozilla/5.0 (compatible; Baiduspider/2.0; +http://www.baidu.com/search/spider.html)"
66.249.71.2 - - [22/Mar/2012:05:32:54 +0100] "GET /robots.txt HTTP/1.1" 404 362 "-" "Mozilla/5.0 (compatible; Googlebot/2.1; +http://www.google.com/bot.html)"
66.249.71.2 - - [22/Mar/2012:05:32:54 +0100] "GET /profile.php?lookup=108 HTTP/1.1" 404 363 "-" "Mozilla/5.0 (compatible; Googlebot/2.1; +http://www.google.com/bot.html)"
66.249.71.2 - - [22/Mar/2012:05:59:50 +0100] "GET /news.php?readmore=38 HTTP/1.1" 404 360 "-" "Mozilla/5.0 (compatible; Googlebot/2.1; +http://www.google.com/bot.html)"
218.6.15.112 - - [22/Mar/2012:06:05:16 +0100] "GET /news.php?readmore=70 HTTP/1.0" 404 360 "http://samorzad.fuw.edu.pl/news.php?readmore=70" "Mozilla/4.0 (compatible; MSIE 6.0; Windows NT 5.1; SV1)"
218.6.15.112 - - [22/Mar/2012:06:05:18 +0100] "GET / HTTP/1.0" 200 604 "http://samorzad.fuw.edu.pl/" "Mozilla/4.0 (compatible; MSIE 6.0; Windows NT 5.1; SV1)"
66.249.71.2 - - [22/Mar/2012:06:16:58 +0100] "GET /profile.php?lookup=112 HTTP/1.1" 404 363 "-" "Mozilla/5.0 (compatible; Googlebot/2.1; +http://www.google.com/bot.html)"
66.249.71.2 - - [22/Mar/2012:06:21:15 +0100] "GET /?q=pl/node/1409 HTTP/1.1" 200 604 "-" "Mozilla/5.0 (compatible; Googlebot/2.1; +http://www.google.com/bot.html)"
66.249.71.2 - - [22/Mar/2012:06:23:23 +0100] "GET /news.php?readmore=38&c_start=0 HTTP/1.1" 404 360 "-" "Mozilla/5.0 (compatible; Googlebot/2.1; +http://www.google.com/bot.html)"
66.249.71.2 - - [22/Mar/2012:06:28:42 +0100] "GET /news.php?readmore=38&c_start=10 HTTP/1.1" 404 360 "-" "Mozilla/5.0 (compatible; Googlebot/2.1; +http://www.google.com/bot.html)"
88.131.106.6 - - [22/Mar/2012:06:29:07 +0100] "GET /robots.txt HTTP/1.0" 404 362 "-" "Mozilla/5.0 (Windows; U; Windows NT 5.1; en-US) Speedy Spider (http://www.entireweb.com/about/search_tech/speedy_spider/)"
88.131.106.5 - - [22/Mar/2012:06:29:07 +0100] "GET /infusions/ls_tinychat_panel/ls_tinychat_chat_frame.php HTTP/1.0" 404 406 "-" "Mozilla/5.0 (Windows; U; Windows NT 5.1; en-US) Speedy Spider (http://www.entireweb.com/about/search_tech/speedy_spider/)"
66.249.71.2 - - [22/Mar/2012:06:29:21 +0100] "GET /news.php?readmore=38&c_start=20 HTTP/1.1" 404 360 "-" "Mozilla/5.0 (compatible; Googlebot/2.1; +http://www.google.com/bot.html)"
66.249.71.2 - - [22/Mar/2012:06:29:48 +0100] "GET /news.php?readmore=54 HTTP/1.1" 404 360 "-" "Mozilla/5.0 (compatible; Googlebot/2.1; +http://www.google.com/bot.html)"
66.249.71.2 - - [22/Mar/2012:06:30:52 +0100] "GET /news.php?readmore=38&c_start=30 HTTP/1.1" 404 360 "-" "Mozilla/5.0 (compatible; Googlebot/2.1; +http://www.google.com/bot.html)"
66.249.71.2 - - [22/Mar/2012:06:34:06 +0100] "GET /viewpage.php?page_id=19&c_start=100 HTTP/1.1" 404 364 "-" "Mozilla/5.0 (compatible; Googlebot/2.1; +http://www.google.com/bot.html)"
66.249.71.2 - - [22/Mar/2012:06:38:22 +0100] "GET /profile.php?lookup=115 HTTP/1.1" 404 363 "-" "Mozilla/5.0 (compatible; Googlebot/2.1; +http://www.google.com/bot.html)"
180.76.5.54 - - [22/Mar/2012:06:44:30 +0100] "GET /news.php?readmore=70&c_start=270 HTTP/1.1" 404 360 "-" "Mozilla/5.0 (compatible; Baiduspider/2.0; +http://www.baidu.com/search/spider.html)"
66.249.71.2 - - [22/Mar/2012:06:51:13 +0100] "GET /viewpage.php?page_id=19&c_start=30 HTTP/1.1" 404 364 "-" "Mozilla/5.0 (compatible; Googlebot/2.1; +http://www.google.com/bot.html)"
66.249.71.2 - - [22/Mar/2012:06:55:30 +0100] "GET /profile.php?lookup=114 HTTP/1.1" 404 363 "-" "Mozilla/5.0 (compatible; Googlebot/2.1; +http://www.google.com/bot.html)"
66.249.71.2 - - [22/Mar/2012:06:59:47 +0100] "GET /viewpage.php?page_id=20&c_start=40 HTTP/1.1" 404 364 "-" "Mozilla/5.0 (compatible; Googlebot/2.1; +http://www.google.com/bot.html)"
66.249.71.2 - - [22/Mar/2012:07:04:04 +0100] "GET /viewpage.php?page_id=19&c_start=50 HTTP/1.1" 404 364 "-" "Mozilla/5.0 (compatible; Googlebot/2.1; +http://www.google.com/bot.html)"
66.249.71.2 - - [22/Mar/2012:07:16:55 +0100] "GET /news.php?readmore=70&c_start=60 HTTP/1.1" 404 360 "-" "Mozilla/5.0 (compatible; Googlebot/2.1; +http://www.google.com/bot.html)"
112.111.174.226 - - [22/Mar/2012:07:17:27 +0100] "GET /viewpage.php?page_id=19&c_start=250 HTTP/1.1" 404 364 "-" "Mozilla/4.0 (compatible; MSIE 8.0; Windows NT 5.1; Trident/4.0; GTB6.6; .NET CLR 2.0.50727; .NET CLR 3.0.4506.2152; .NET CLR 3.5.30729)"
112.111.174.226 - - [22/Mar/2012:07:17:28 +0100] "GET /favicon.ico HTTP/1.1" 404 363 "-" "Youdao Toolbar (http://toolbar.youdao.com/)"
72.14.199.69 - - [22/Mar/2012:07:19:26 +0100] "GET /?q=pl/node/feed HTTP/1.1" 200 604 "-" "Feedfetcher-Google; (+http://www.google.com/feedfetcher.html; 1 subscribers; feed-id=13092677621290790569)"
180.76.5.178 - - [22/Mar/2012:07:19:31 +0100] "GET / HTTP/1.1" 200 604 "-" "Mozilla/5.0 (compatible; Baiduspider/2.0; +http://www.baidu.com/search/spider.html)"
101.226.65.109 - - [22/Mar/2012:07:21:01 +0100] "GET /viewpage.php?page_id=19&c_start=250 HTTP/1.1" 404 364 "-" "Mozilla/4.0"
66.249.71.2 - - [22/Mar/2012:07:21:12 +0100] "GET /viewpage.php?page_id=19&c_start=180 HTTP/1.1" 404 364 "-" "Mozilla/5.0 (compatible; Googlebot/2.1; +http://www.google.com/bot.html)"
66.249.71.2 - - [22/Mar/2012:07:25:29 +0100] "GET /viewpage.php?page_id=20&c_start=60 HTTP/1.1" 404 364 "-" "Mozilla/5.0 (compatible; Googlebot/2.1; +http://www.google.com/bot.html)"
66.249.71.2 - - [22/Mar/2012:07:29:46 +0100] "GET /viewpage.php?page_id=20&c_start=70 HTTP/1.1" 404 364 "-" "Mozilla/5.0 (compatible; Googlebot/2.1; +http://www.google.com/bot.html)"
66.249.71.2 - - [22/Mar/2012:07:34:03 +0100] "GET /profile.php?lookup=116 HTTP/1.1" 404 363 "-" "Mozilla/5.0 (compatible; Googlebot/2.1; +http://www.google.com/bot.html)"
66.249.71.2 - - [22/Mar/2012:07:38:20 +0100] "GET /profile.php?lookup=118 HTTP/1.1" 404 363 "-" "Mozilla/5.0 (compatible; Googlebot/2.1; +http://www.google.com/bot.html)"
66.249.71.2 - - [22/Mar/2012:07:42:37 +0100] "GET /viewpage.php?page_id=20&c_start=80 HTTP/1.1" 404 364 "-" "Mozilla/5.0 (compatible; Googlebot/2.1; +http://www.google.com/bot.html)"
46.0.6.35 - - [22/Mar/2012:07:44:28 +0100] "GET /register.php HTTP/1.0" 404 364 "http://samorzad.fuw.edu.pl/register.php" "Mozilla/4.0 (compatible; MSIE 6.0; Windows NT 5.1; SV1)"
46.0.6.35 - - [22/Mar/2012:07:44:28 +0100] "GET /login.php HTTP/1.0" 404 361 "http://samorzad.fuw.edu.pl/login.php" "Mozilla/4.0 (compatible; MSIE 6.0; Windows NT 5.1; SV1)"
46.0.6.35 - - [22/Mar/2012:07:44:29 +0100] "GET /setuser.php?error=3 HTTP/1.0" 404 363 "http://samorzad.fuw.edu.pl/setuser.php?error=3" "Mozilla/4.0 (compatible; MSIE 6.0; Windows NT 5.1; SV1)"
66.249.71.2 - - [22/Mar/2012:07:46:53 +0100] "GET /viewpage.php?page_id=20&c_start=90 HTTP/1.1" 404 364 "-" "Mozilla/5.0 (compatible; Googlebot/2.1; +http://www.google.com/bot.html)"
188.163.69.18 - - [22/Mar/2012:07:49:24 +0100] "GET /index.php HTTP/1.0" 404 361 "http://samorzad.fuw.edu.pl/index.php" "Mozilla/4.0 (compatible; MSIE 6.0; Windows NT 5.1; Deepnet Explorer 1.5.0; .NET CLR 1.0.3705)"
66.249.71.2 - - [22/Mar/2012:07:51:11 +0100] "GET /viewpage.php?page_id=21&c_start=10 HTTP/1.1" 404 364 "-" "Mozilla/5.0 (compatible; Googlebot/2.1; +http://www.google.com/bot.html)"
66.249.71.2 - - [22/Mar/2012:07:51:18 +0100] "GET /news.php?readmore=51 HTTP/1.1" 404 360 "-" "Mozilla/5.0 (iPhone; U; CPU iPhone OS 4_1 like Mac OS X; en-us) AppleWebKit/532.9 (KHTML, like Gecko) Version/4.0.5 Mobile/8B117 Safari/6531.22.7 (compatible; Googlebot-Mobile/2.1; +http://www.google.com/bot.html)"
66.249.71.2 - - [22/Mar/2012:07:55:28 +0100] "GET /viewpage.php?page_id=25&c_start=10 HTTP/1.1" 404 364 "-" "Mozilla/5.0 (compatible; Googlebot/2.1; +http://www.google.com/bot.html)"
220.181.141.70 - - [22/Mar/2012:07:58:28 +0100] "GET /viewpage.php?page_id=19&c_start=250 HTTP/1.1" 404 364 "http://samorzad.fuw.edu.pl/" "Mozilla/4.0 (compatible; MSIE 6.0; Windows NT 5.1)"
66.249.71.2 - - [22/Mar/2012:07:59:47 +0100] "GET /viewpage.php?page_id=23&c_start=90 HTTP/1.1" 404 364 "-" "Mozilla/5.0 (compatible; Googlebot/2.1; +http://www.google.com/bot.html)"
66.249.71.2 - - [22/Mar/2012:08:04:01 +0100] "GET /viewpage.php?page_id=21&c_start=50 HTTP/1.1" 404 364 "-" "Mozilla/5.0 (compatible; Googlebot/2.1; +http://www.google.com/bot.html)"
66.249.71.2 - - [22/Mar/2012:08:08:18 +0100] "GET /viewpage.php?page_id=21&c_start=90 HTTP/1.1" 404 364 "-" "Mozilla/5.0 (compatible; Googlebot/2.1; +http://www.google.com/bot.html)"
66.249.71.2 - - [22/Mar/2012:08:12:35 +0100] "GET /viewpage.php?page_id=25&c_start=140 HTTP/1.1" 404 364 "-" "Mozilla/5.0 (compatible; Googlebot/2.1; +http://www.google.com/bot.html)"
66.249.71.2 - - [22/Mar/2012:08:16:52 +0100] "GET /viewpage.php?page_id=25&c_start=40 HTTP/1.1" 404 364 "-" "Mozilla/5.0 (compatible; Googlebot/2.1; +http://www.google.com/bot.html)"
66.249.71.2 - - [22/Mar/2012:08:21:09 +0100] "GET /profile.php?lookup=11 HTTP/1.1" 404 363 "-" "Mozilla/5.0 (compatible; Googlebot/2.1; +http://www.google.com/bot.html)"
66.249.71.2 - - [22/Mar/2012:08:25:26 +0100] "GET /viewpage.php?page_id=26&c_start=40 HTTP/1.1" 404 364 "-" "Mozilla/5.0 (compatible; Googlebot/2.1; +http://www.google.com/bot.html)"
66.249.71.2 - - [22/Mar/2012:08:34:05 +0100] "GET /viewpage.php?page_id=27&c_start=150 HTTP/1.1" 404 364 "-" "Mozilla/5.0 (compatible; Googlebot/2.1; +http://www.google.com/bot.html)"
66.249.71.2 - - [22/Mar/2012:08:38:24 +0100] "GET /news.php?readmore=28&c_start=30 HTTP/1.1" 404 360 "-" "Mozilla/5.0 (compatible; Googlebot/2.1; +http://www.google.com/bot.html)"
66.249.71.2 - - [22/Mar/2012:08:42:33 +0100] "GET /news.php?readmore=35&c_start=10 HTTP/1.1" 404 360 "-" "Mozilla/5.0 (compatible; Googlebot/2.1; +http://www.google.com/bot.html)"
66.249.71.2 - - [22/Mar/2012:08:46:50 +0100] "GET /profile.php?lookup=120 HTTP/1.1" 404 363 "-" "Mozilla/5.0 (compatible; Googlebot/2.1; +http://www.google.com/bot.html)"
66.249.71.2 - - [22/Mar/2012:08:51:08 +0100] "GET /profile.php?lookup=121 HTTP/1.1" 404 363 "-" "Mozilla/5.0 (compatible; Googlebot/2.1; +http://www.google.com/bot.html)"
66.249.71.2 - - [22/Mar/2012:08:55:24 +0100] "GET /profile.php?lookup=122 HTTP/1.1" 404 363 "-" "Mozilla/5.0 (compatible; Googlebot/2.1; +http://www.google.com/bot.html)"
66.249.71.2 - - [22/Mar/2012:08:59:42 +0100] "GET /profile.php?lookup=123 HTTP/1.1" 404 363 "-" "Mozilla/5.0 (compatible; Googlebot/2.1; +http://www.google.com/bot.html)"
66.249.71.2 - - [22/Mar/2012:09:03:58 +0100] "GET /profile.php?lookup=124 HTTP/1.1" 404 363 "-" "Mozilla/5.0 (compatible; Googlebot/2.1; +http://www.google.com/bot.html)"
66.249.71.2 - - [22/Mar/2012:09:08:15 +0100] "GET /profile.php?lookup=125 HTTP/1.1" 404 363 "-" "Mozilla/5.0 (compatible; Googlebot/2.1; +http://www.google.com/bot.html)"
66.249.71.2 - - [22/Mar/2012:09:12:32 +0100] "GET /profile.php?lookup=126 HTTP/1.1" 404 363 "-" "Mozilla/5.0 (compatible; Googlebot/2.1; +http://www.google.com/bot.html)"
66.249.71.2 - - [22/Mar/2012:09:16:49 +0100] "GET /profile.php?lookup=127 HTTP/1.1" 404 363 "-" "Mozilla/5.0 (compatible; Googlebot/2.1; +http://www.google.com/bot.html)"
180.76.5.178 - - [22/Mar/2012:09:17:52 +0100] "GET / HTTP/1.1" 200 604 "-" "Mozilla/5.0 (compatible; Baiduspider/2.0; +http://www.baidu.com/search/spider.html)"
66.249.71.2 - - [22/Mar/2012:09:21:06 +0100] "GET /profile.php?lookup=128 HTTP/1.1" 404 363 "-" "Mozilla/5.0 (compatible; Googlebot/2.1; +http://www.google.com/bot.html)"
66.249.71.2 - - [22/Mar/2012:09:25:23 +0100] "GET /profile.php?lookup=129 HTTP/1.1" 404 363 "-" "Mozilla/5.0 (compatible; Googlebot/2.1; +http://www.google.com/bot.html)"
66.249.71.2 - - [22/Mar/2012:09:29:40 +0100] "GET /profile.php?lookup=131 HTTP/1.1" 404 363 "-" "Mozilla/5.0 (compatible; Googlebot/2.1; +http://www.google.com/bot.html)"
66.249.71.2 - - [22/Mar/2012:09:33:57 +0100] "GET /profile.php?lookup=132 HTTP/1.1" 404 363 "-" "Mozilla/5.0 (compatible; Googlebot/2.1; +http://www.google.com/bot.html)"
66.249.71.2 - - [22/Mar/2012:09:38:14 +0100] "GET /profile.php?lookup=135 HTTP/1.1" 404 363 "-" "Mozilla/5.0 (compatible; Googlebot/2.1; +http://www.google.com/bot.html)"
66.249.71.2 - - [22/Mar/2012:09:42:30 +0100] "GET /profile.php?lookup=134 HTTP/1.1" 404 363 "-" "Mozilla/5.0 (compatible; Googlebot/2.1; +http://www.google.com/bot.html)"
66.249.71.2 - - [22/Mar/2012:09:46:47 +0100] "GET /profile.php?lookup=137 HTTP/1.1" 404 363 "-" "Mozilla/5.0 (compatible; Googlebot/2.1; +http://www.google.com/bot.html)"
66.249.71.2 - - [22/Mar/2012:09:51:05 +0100] "GET /profile.php?lookup=138 HTTP/1.1" 404 363 "-" "Mozilla/5.0 (compatible; Googlebot/2.1; +http://www.google.com/bot.html)"
83.143.133.5 - - [22/Mar/2012:09:54:40 +0100] "GET /robots.txt HTTP/1.0" 404 362 "-" "Mozilla/5.0 (compatible; MJ12bot/v1.4.2; http://www.majestic12.co.uk/bot.php?+)"
83.143.133.5 - - [22/Mar/2012:09:54:42 +0100] "GET /print.php?type=N&item_id=69 HTTP/1.0" 404 361 "-" "Mozilla/5.0 (compatible; MJ12bot/v1.4.2; http://www.majestic12.co.uk/bot.php?+)"
83.143.133.5 - - [22/Mar/2012:09:54:47 +0100] "GET /print.php?type=N&item_id=70 HTTP/1.0" 404 361 "-" "Mozilla/5.0 (compatible; MJ12bot/v1.4.2; http://www.majestic12.co.uk/bot.php?+)"
83.143.133.5 - - [22/Mar/2012:09:54:49 +0100] "GET /print.php?type=N&item_id=71 HTTP/1.0" 404 361 "-" "Mozilla/5.0 (compatible; MJ12bot/v1.4.2; http://www.majestic12.co.uk/bot.php?+)"
66.249.71.2 - - [22/Mar/2012:09:55:22 +0100] "GET /profile.php?lookup=139 HTTP/1.1" 404 363 "-" "Mozilla/5.0 (compatible; Googlebot/2.1; +http://www.google.com/bot.html)"
66.249.71.2 - - [22/Mar/2012:09:59:39 +0100] "GET /profile.php?lookup=141 HTTP/1.1" 404 363 "-" "Mozilla/5.0 (compatible; Googlebot/2.1; +http://www.google.com/bot.html)"
66.249.71.2 - - [22/Mar/2012:10:04:07 +0100] "GET /profile.php?lookup=140 HTTP/1.1" 404 363 "-" "Mozilla/5.0 (compatible; Googlebot/2.1; +http://www.google.com/bot.html)"
66.249.71.2 - - [22/Mar/2012:10:08:13 +0100] "GET /profile.php?lookup=142 HTTP/1.1" 404 363 "-" "Mozilla/5.0 (compatible; Googlebot/2.1; +http://www.google.com/bot.html)"
66.249.71.2 - - [22/Mar/2012:10:12:29 +0100] "GET /profile.php?lookup=143 HTTP/1.1" 404 363 "-" "Mozilla/5.0 (compatible; Googlebot/2.1; +http://www.google.com/bot.html)"
66.249.71.2 - - [22/Mar/2012:10:16:46 +0100] "GET /profile.php?lookup=145 HTTP/1.1" 404 363 "-" "Mozilla/5.0 (compatible; Googlebot/2.1; +http://www.google.com/bot.html)"
72.14.199.69 - - [22/Mar/2012:10:19:27 +0100] "GET /?q=pl/node/feed HTTP/1.1" 200 604 "-" "Feedfetcher-Google; (+http://www.google.com/feedfetcher.html; 1 subscribers; feed-id=13092677621290790569)"
66.249.71.2 - - [22/Mar/2012:10:21:03 +0100] "GET /profile.php?lookup=144 HTTP/1.1" 404 363 "-" "Mozilla/5.0 (compatible; Googlebot/2.1; +http://www.google.com/bot.html)"
66.249.71.2 - - [22/Mar/2012:10:25:20 +0100] "GET /profile.php?lookup=146 HTTP/1.1" 404 363 "-" "Mozilla/5.0 (compatible; Googlebot/2.1; +http://www.google.com/bot.html)"
66.249.71.2 - - [22/Mar/2012:10:29:37 +0100] "GET /profile.php?lookup=148 HTTP/1.1" 404 363 "-" "Mozilla/5.0 (compatible; Googlebot/2.1; +http://www.google.com/bot.html)"
66.249.71.2 - - [22/Mar/2012:10:33:54 +0100] "GET /profile.php?lookup=147 HTTP/1.1" 404 363 "-" "Mozilla/5.0 (compatible; Googlebot/2.1; +http://www.google.com/bot.html)"
66.249.71.2 - - [22/Mar/2012:10:38:11 +0100] "GET /profile.php?lookup=150 HTTP/1.1" 404 363 "-" "Mozilla/5.0 (compatible; Googlebot/2.1; +http://www.google.com/bot.html)"
180.76.5.154 - - [22/Mar/2012:10:39:05 +0100] "GET /viewpage.php?page_id=19&c_start=240 HTTP/1.1" 404 364 "-" "Mozilla/5.0 (compatible; Baiduspider/2.0; +http://www.baidu.com/search/spider.html)"
10.11.2.169 - - [22/Mar/2012:10:40:43 +0100] "GET / HTTP/1.1" 200 604 "http://www.fuw.edu.pl/inicjatywy-studentow.html" "Mozilla/5.0 (Windows NT 6.1; WOW64) AppleWebKit/535.11 (KHTML, like Gecko) Chrome/17.0.963.79 Safari/535.11"
10.11.2.169 - - [22/Mar/2012:10:40:43 +0100] "GET /icons/blank.gif HTTP/1.1" 200 148 "http://samorzad.fuw.edu.pl/" "Mozilla/5.0 (Windows NT 6.1; WOW64) AppleWebKit/535.11 (KHTML, like Gecko) Chrome/17.0.963.79 Safari/535.11"
10.11.2.169 - - [22/Mar/2012:10:40:43 +0100] "GET /favicon.ico HTTP/1.1" 404 363 "-" "Mozilla/5.0 (Windows NT 6.1; WOW64) AppleWebKit/535.11 (KHTML, like Gecko) Chrome/17.0.963.79 Safari/535.11"
66.249.71.2 - - [22/Mar/2012:10:42:28 +0100] "GET /profile.php?lookup=149 HTTP/1.1" 404 363 "-" "Mozilla/5.0 (compatible; Googlebot/2.1; +http://www.google.com/bot.html)"
66.249.71.2 - - [22/Mar/2012:10:46:45 +0100] "GET /profile.php?lookup=151 HTTP/1.1" 404 363 "-" "Mozilla/5.0 (compatible; Googlebot/2.1; +http://www.google.com/bot.html)"
66.249.71.2 - - [22/Mar/2012:10:51:02 +0100] "GET /profile.php?lookup=152 HTTP/1.1" 404 363 "-" "Mozilla/5.0 (compatible; Googlebot/2.1; +http://www.google.com/bot.html)"
66.249.71.2 - - [22/Mar/2012:10:55:19 +0100] "GET /profile.php?lookup=153 HTTP/1.1" 404 363 "-" "Mozilla/5.0 (compatible; Googlebot/2.1; +http://www.google.com/bot.html)"
66.249.71.2 - - [22/Mar/2012:10:59:35 +0100] "GET /profile.php?lookup=154 HTTP/1.1" 404 363 "-" "Mozilla/5.0 (compatible; Googlebot/2.1; +http://www.google.com/bot.html)"
66.249.71.2 - - [22/Mar/2012:11:03:52 +0100] "GET /profile.php?lookup=155 HTTP/1.1" 404 363 "-" "Mozilla/5.0 (compatible; Googlebot/2.1; +http://www.google.com/bot.html)"
188.163.69.254 - - [22/Mar/2012:11:04:35 +0100] "GET /index.php HTTP/1.0" 404 361 "http://samorzad.fuw.edu.pl/index.php" "Mozilla/4.0 (compatible; MSIE 5.5; Windows NT 5.0; .NET CLR 1.1.4322)"
66.249.71.2 - - [22/Mar/2012:11:08:10 +0100] "GET /profile.php?lookup=156 HTTP/1.1" 404 363 "-" "Mozilla/5.0 (compatible; Googlebot/2.1; +http://www.google.com/bot.html)"
66.249.71.2 - - [22/Mar/2012:11:12:26 +0100] "GET /profile.php?lookup=158 HTTP/1.1" 404 363 "-" "Mozilla/5.0 (compatible; Googlebot/2.1; +http://www.google.com/bot.html)"
66.249.71.2 - - [22/Mar/2012:11:16:43 +0100] "GET /profile.php?lookup=157 HTTP/1.1" 404 363 "-" "Mozilla/5.0 (compatible; Googlebot/2.1; +http://www.google.com/bot.html)"
31.187.3.80 - - [22/Mar/2012:11:17:42 +0100] "GET /robots.txt HTTP/1.0" 404 362 "-" "Mozilla/5.0 (compatible; MJ12bot/v1.4.2; http://www.majestic12.co.uk/bot.php?+)"
31.187.3.80 - - [22/Mar/2012:11:17:43 +0100] "GET / HTTP/1.0" 200 604 "-" "Mozilla/5.0 (compatible; MJ12bot/v1.4.2; http://www.majestic12.co.uk/bot.php?+)"
180.76.6.29 - - [22/Mar/2012:11:17:48 +0100] "GET / HTTP/1.1" 200 604 "-" "Mozilla/5.0 (compatible; Baiduspider/2.0; +http://www.baidu.com/search/spider.html)"
66.249.71.2 - - [22/Mar/2012:11:21:00 +0100] "GET /profile.php?lookup=161 HTTP/1.1" 404 363 "-" "Mozilla/5.0 (compatible; Googlebot/2.1; +http://www.google.com/bot.html)"
66.249.71.2 - - [22/Mar/2012:11:25:18 +0100] "GET /profile.php?lookup=15 HTTP/1.1" 404 363 "-" "Mozilla/5.0 (compatible; Googlebot/2.1; +http://www.google.com/bot.html)"
66.249.71.2 - - [22/Mar/2012:11:25:49 +0100] "GET / HTTP/1.1" 200 604 "-" "SAMSUNG-SGH-E250/1.0 Profile/MIDP-2.0 Configuration/CLDC-1.1 UP.Browser/6.2.3.3.c.1.101 (GUI) MMP/2.0 (compatible; Googlebot-Mobile/2.1; +http://www.google.com/bot.html)"
66.249.71.2 - - [22/Mar/2012:11:29:34 +0100] "GET /profile.php?lookup=160 HTTP/1.1" 404 363 "-" "Mozilla/5.0 (compatible; Googlebot/2.1; +http://www.google.com/bot.html)"
66.249.71.2 - - [22/Mar/2012:11:33:51 +0100] "GET /profile.php?lookup=159 HTTP/1.1" 404 363 "-" "Mozilla/5.0 (compatible; Googlebot/2.1; +http://www.google.com/bot.html)"
95.25.89.178 - - [22/Mar/2012:11:35:12 +0100] "GET /index.php HTTP/1.0" 404 361 "http://samorzad.fuw.edu.pl/index.php" "Mozilla/4.0 (compatible; MSIE 6.0; AOL 9.0; Windows NT 5.1)"
66.249.71.2 - - [22/Mar/2012:11:38:08 +0100] "GET /profile.php?lookup=164 HTTP/1.1" 404 363 "-" "Mozilla/5.0 (compatible; Googlebot/2.1; +http://www.google.com/bot.html)"
66.249.71.2 - - [22/Mar/2012:11:42:25 +0100] "GET /profile.php?lookup=163 HTTP/1.1" 404 363 "-" "Mozilla/5.0 (compatible; Googlebot/2.1; +http://www.google.com/bot.html)"
66.249.71.2 - - [22/Mar/2012:11:46:42 +0100] "GET /profile.php?lookup=162 HTTP/1.1" 404 363 "-" "Mozilla/5.0 (compatible; Googlebot/2.1; +http://www.google.com/bot.html)"
218.6.15.112 - - [22/Mar/2012:11:50:13 +0100] "GET /news.php?readmore=70 HTTP/1.0" 404 360 "http://samorzad.fuw.edu.pl/news.php?readmore=70" "Mozilla/4.0 (compatible; MSIE 6.0; America Online Browser 1.1; rev1.2; Windows NT 5.1; SV1; .NET CLR 1.1.4322)"
218.6.15.112 - - [22/Mar/2012:11:50:14 +0100] "GET / HTTP/1.0" 200 604 "http://samorzad.fuw.edu.pl/" "Mozilla/4.0 (compatible; MSIE 6.0; America Online Browser 1.1; rev1.2; Windows NT 5.1; SV1; .NET CLR 1.1.4322)"
66.249.71.2 - - [22/Mar/2012:11:50:59 +0100] "GET /profile.php?lookup=165 HTTP/1.1" 404 363 "-" "Mozilla/5.0 (compatible; Googlebot/2.1; +http://www.google.com/bot.html)"
173.234.48.193 - - [22/Mar/2012:11:51:04 +0100] "GET /viewpage.php?page_id=27 HTTP/1.0" 404 364 "http://uinspirationalquotes.blogspot.com/" "Mozilla/5.0 (Windows; U; Windows NT 5.1; de; rv:1.9.1.3) Gecko/20090824 Firefox/3.5.3 (.NET CLR 3.5.30729)"
66.249.71.2 - - [22/Mar/2012:11:55:16 +0100] "GET /profile.php?lookup=167 HTTP/1.1" 404 363 "-" "Mozilla/5.0 (compatible; Googlebot/2.1; +http://www.google.com/bot.html)"
10.11.3.110 - - [22/Mar/2012:11:55:49 +0100] "GET / HTTP/1.1" 200 604 "http://www.fuw.edu.pl/inicjatywy-studentow.html" "NokiaX3-02/5.0 (05.60) Profile/MIDP-2.1 Configuration/CLDC-1.1 Mozilla/5.0 AppleWebKit/420+ (KHTML, like Gecko) Safari/420+"
10.11.3.110 - - [22/Mar/2012:11:55:50 +0100] "GET /icons/blank.gif HTTP/1.1" 200 148 "http://samorzad.fuw.edu.pl/" "NokiaX3-02/5.0 (05.60) Profile/MIDP-2.1 Configuration/CLDC-1.1 Mozilla/5.0 AppleWebKit/420+ (KHTML, like Gecko) Safari/420+"
66.249.71.2 - - [22/Mar/2012:11:59:33 +0100] "GET /profile.php?lookup=166 HTTP/1.1" 404 363 "-" "Mozilla/5.0 (compatible; Googlebot/2.1; +http://www.google.com/bot.html)"
66.249.71.2 - - [22/Mar/2012:12:03:49 +0100] "GET /profile.php?lookup=168 HTTP/1.1" 404 363 "-" "Mozilla/5.0 (compatible; Googlebot/2.1; +http://www.google.com/bot.html)"
66.249.71.2 - - [22/Mar/2012:12:08:07 +0100] "GET /profile.php?lookup=170 HTTP/1.1" 404 363 "-" "Mozilla/5.0 (compatible; Googlebot/2.1; +http://www.google.com/bot.html)"
66.249.71.2 - - [22/Mar/2012:12:11:50 +0100] "GET /viewpage.php?page_id=4 HTTP/1.1" 404 364 "-" "Mozilla/5.0 (iPhone; U; CPU iPhone OS 4_1 like Mac OS X; en-us) AppleWebKit/532.9 (KHTML, like Gecko) Version/4.0.5 Mobile/8B117 Safari/6531.22.7 (compatible; Googlebot-Mobile/2.1; +http://www.google.com/bot.html)"
66.249.71.2 - - [22/Mar/2012:12:12:23 +0100] "GET /profile.php?lookup=169 HTTP/1.1" 404 363 "-" "Mozilla/5.0 (compatible; Googlebot/2.1; +http://www.google.com/bot.html)"
66.249.71.2 - - [22/Mar/2012:12:16:41 +0100] "GET /profile.php?lookup=173 HTTP/1.1" 404 363 "-" "Mozilla/5.0 (compatible; Googlebot/2.1; +http://www.google.com/bot.html)"
66.249.71.2 - - [22/Mar/2012:12:17:09 +0100] "GET /FILES/PracowniaFizyczna_v1beta.pdf HTTP/1.1" 404 386 "-" "Mozilla/5.0 (compatible; Googlebot/2.1; +http://www.google.com/bot.html)"
66.249.71.2 - - [22/Mar/2012:12:21:00 +0100] "GET /profile.php?lookup=172 HTTP/1.1" 404 363 "-" "Mozilla/5.0 (compatible; Googlebot/2.1; +http://www.google.com/bot.html)"
66.249.71.2 - - [22/Mar/2012:12:25:14 +0100] "GET /profile.php?lookup=171 HTTP/1.1" 404 363 "-" "Mozilla/5.0 (compatible; Googlebot/2.1; +http://www.google.com/bot.html)"
66.249.71.2 - - [22/Mar/2012:12:29:31 +0100] "GET /profile.php?lookup=16 HTTP/1.1" 404 363 "-" "Mozilla/5.0 (compatible; Googlebot/2.1; +http://www.google.com/bot.html)"
66.249.71.2 - - [22/Mar/2012:12:33:48 +0100] "GET /profile.php?lookup=175 HTTP/1.1" 404 363 "-" "Mozilla/5.0 (compatible; Googlebot/2.1; +http://www.google.com/bot.html)"
66.249.71.2 - - [22/Mar/2012:12:38:06 +0100] "GET /profile.php?lookup=174 HTTP/1.1" 404 363 "-" "Mozilla/5.0 (compatible; Googlebot/2.1; +http://www.google.com/bot.html)"
27.156.25.136 - - [22/Mar/2012:12:41:46 +0100] "GET /news.php?readmore=70&c_start=160 HTTP/1.0" 404 360 "http://samorzad.fuw.edu.pl/news.php?readmore=70&c_start=160" "Mozilla/4.0 (compatible; MSIE 6.0; Windows NT 5.1; .NET CLR 1.0.3705)"
27.156.25.136 - - [22/Mar/2012:12:41:47 +0100] "GET / HTTP/1.0" 200 604 "http://samorzad.fuw.edu.pl/" "Mozilla/4.0 (compatible; MSIE 6.0; Windows NT 5.1; .NET CLR 1.0.3705)"
66.249.71.2 - - [22/Mar/2012:12:42:22 +0100] "GET /profile.php?lookup=176 HTTP/1.1" 404 363 "-" "Mozilla/5.0 (compatible; Googlebot/2.1; +http://www.google.com/bot.html)"
148.81.55.234 - - [22/Mar/2012:12:44:56 +0100] "GET / HTTP/1.1" 200 604 "http://www.google.com/url?sa=t&rct=j&q=&esrc=s&source=web&cd=1&ved=0CCkQFjAA&url=http%3A%2F%2Fsamorzad.fuw.edu.pl%2F&ei=tBBrT4D5L6Gn4gTg572gBg&usg=AFQjCNFcDajU9eB3XqQ4TofN68BTtaDevg&sig2=vbS2Zy-VF3vgP7WgTgNAsQ" "Mozilla/5.0 (Windows NT 6.1; WOW64; rv:10.0.2) Gecko/20100101 Firefox/10.0.2"
148.81.55.234 - - [22/Mar/2012:12:44:56 +0100] "GET /icons/blank.gif HTTP/1.1" 200 148 "http://samorzad.fuw.edu.pl/" "Mozilla/5.0 (Windows NT 6.1; WOW64; rv:10.0.2) Gecko/20100101 Firefox/10.0.2"
148.81.55.234 - - [22/Mar/2012:12:44:56 +0100] "GET /favicon.ico HTTP/1.1" 404 363 "-" "Mozilla/5.0 (Windows NT 6.1; WOW64; rv:10.0.2) Gecko/20100101 Firefox/10.0.2"
148.81.55.234 - - [22/Mar/2012:12:44:56 +0100] "GET /favicon.ico HTTP/1.1" 404 363 "-" "Mozilla/5.0 (Windows NT 6.1; WOW64; rv:10.0.2) Gecko/20100101 Firefox/10.0.2"
148.81.55.234 - - [22/Mar/2012:12:44:56 +0100] "GET /favicon.ico HTTP/1.1" 404 363 "-" "Mozilla/5.0 (Windows NT 6.1; WOW64; rv:10.0.2) Gecko/20100101 Firefox/10.0.2"
148.81.55.234 - - [22/Mar/2012:12:45:33 +0100] "GET /news.php HTTP/1.1" 404 360 "http://www.facebook.com/l.php?u=http%3A%2F%2Fsamorzad.fuw.edu.pl%2Fnews.php&h=WAQGqb459" "Mozilla/5.0 (Windows NT 6.1; WOW64; rv:10.0.2) Gecko/20100101 Firefox/10.0.2"
69.171.242.250 - - [22/Mar/2012:12:45:34 +0100] "GET /news.php HTTP/1.1" 404 360 "-" "facebookexternalhit/1.1 (+http://www.facebook.com/externalhit_uatext.php)"
148.81.55.234 - - [22/Mar/2012:12:45:54 +0100] "GET /news.php HTTP/1.1" 404 360 "http://www.facebook.com/l.php?u=http%3A%2F%2Fsamorzad.fuw.edu.pl%2Fnews.php&h=5AQGQC_wl" "Mozilla/5.0 (Windows NT 6.1; WOW64; rv:10.0.2) Gecko/20100101 Firefox/10.0.2"
66.249.71.2 - - [22/Mar/2012:12:46:39 +0100] "GET /profile.php?lookup=177 HTTP/1.1" 404 363 "-" "Mozilla/5.0 (compatible; Googlebot/2.1; +http://www.google.com/bot.html)"
148.81.55.234 - - [22/Mar/2012:12:48:08 +0100] "GET /news.php HTTP/1.1" 404 360 "http://www.facebook.com/l.php?u=http%3A%2F%2Fsamorzad.fuw.edu.pl%2Fnews.php&h=tAQE971fw" "Mozilla/5.0 (Windows NT 6.1; WOW64; rv:10.0.2) Gecko/20100101 Firefox/10.0.2"
148.81.55.234 - - [22/Mar/2012:12:48:39 +0100] "GET / HTTP/1.1" 200 604 "http://www.fuw.edu.pl/inicjatywy-studentow.html" "Mozilla/5.0 (Windows NT 6.1; WOW64; rv:10.0.2) Gecko/20100101 Firefox/10.0.2"
148.81.55.234 - - [22/Mar/2012:12:49:38 +0100] "GET /news.php HTTP/1.1" 404 360 "http://www.facebook.com/l.php?u=http%3A%2F%2Fsamorzad.fuw.edu.pl%2Fnews.php&h=uAQHuo7bf" "Mozilla/5.0 (Windows NT 6.1; WOW64; rv:10.0.2) Gecko/20100101 Firefox/10.0.2"
66.249.71.2 - - [22/Mar/2012:12:50:56 +0100] "GET /profile.php?lookup=178 HTTP/1.1" 404 363 "-" "Mozilla/5.0 (compatible; Googlebot/2.1; +http://www.google.com/bot.html)"
66.249.71.2 - - [22/Mar/2012:12:55:13 +0100] "GET /profile.php?lookup=179 HTTP/1.1" 404 363 "-" "Mozilla/5.0 (compatible; Googlebot/2.1; +http://www.google.com/bot.html)"
66.249.71.2 - - [22/Mar/2012:12:59:30 +0100] "GET /profile.php?lookup=180 HTTP/1.1" 404 363 "-" "Mozilla/5.0 (compatible; Googlebot/2.1; +http://www.google.com/bot.html)"
193.0.80.103 - - [22/Mar/2012:13:02:28 +0100] "GET / HTTP/1.1" 200 604 "http://studenci.fuw.edu.pl/" "Mozilla/5.0 (Windows NT 6.1; WOW64) AppleWebKit/535.11 (KHTML, like Gecko) Chrome/17.0.963.79 Safari/535.11"
193.0.80.103 - - [22/Mar/2012:13:02:28 +0100] "GET /icons/blank.gif HTTP/1.1" 200 148 "http://samorzad.fuw.edu.pl/" "Mozilla/5.0 (Windows NT 6.1; WOW64) AppleWebKit/535.11 (KHTML, like Gecko) Chrome/17.0.963.79 Safari/535.11"
