66.249.71.2 - - [18/Mar/2012:06:45:59 +0100] "GET /news.php?readmore=28&c_start=10 HTTP/1.1" 404 360 "-" "Mozilla/5.0 (compatible; Googlebot/2.1; +http://www.google.com/bot.html)"
72.14.199.69 - - [18/Mar/2012:06:57:06 +0100] "GET /?q=pl/node/feed HTTP/1.1" 200 604 "-" "Feedfetcher-Google; (+http://www.google.com/feedfetcher.html; 1 subscribers; feed-id=13092677621290790569)"
66.249.71.2 - - [18/Mar/2012:07:07:56 +0100] "GET /profile.php?lookup=193 HTTP/1.1" 404 363 "-" "Mozilla/5.0 (compatible; Googlebot/2.1; +http://www.google.com/bot.html)"
180.76.6.21 - - [18/Mar/2012:07:19:04 +0100] "GET / HTTP/1.1" 200 604 "-" "Mozilla/5.0 (compatible; Baiduspider/2.0; +http://www.baidu.com/search/spider.html)"
66.249.71.2 - - [18/Mar/2012:07:51:55 +0100] "GET /profile.php?lookup=213 HTTP/1.1" 404 363 "-" "Mozilla/5.0 (compatible; Googlebot/2.1; +http://www.google.com/bot.html)"
176.31.247.216 - - [18/Mar/2012:08:15:06 +0100] "GET /robots.txt HTTP/1.0" 404 362 "-" "Mozilla/5.0 (compatible; MJ12bot/v1.4.2; http://www.majestic12.co.uk/bot.php?+)"
176.31.247.216 - - [18/Mar/2012:08:15:07 +0100] "GET / HTTP/1.0" 200 604 "-" "Mozilla/5.0 (compatible; MJ12bot/v1.4.2; http://www.majestic12.co.uk/bot.php?+)"
66.249.71.2 - - [18/Mar/2012:08:35:43 +0100] "GET /profile.php?lookup=329 HTTP/1.1" 404 363 "-" "Mozilla/5.0 (compatible; Googlebot/2.1; +http://www.google.com/bot.html)"
66.249.71.2 - - [18/Mar/2012:08:57:30 +0100] "GET /viewpage.php?page_id=4 HTTP/1.1" 404 364 "-" "Mozilla/5.0 (compatible; Googlebot/2.1; +http://www.google.com/bot.html)"
180.76.5.103 - - [18/Mar/2012:09:18:32 +0100] "GET / HTTP/1.1" 200 604 "-" "Mozilla/5.0 (compatible; Baiduspider/2.0; +http://www.baidu.com/search/spider.html)"
66.249.71.2 - - [18/Mar/2012:09:19:34 +0100] "GET /profile.php?lookup=330 HTTP/1.1" 404 363 "-" "Mozilla/5.0 (compatible; Googlebot/2.1; +http://www.google.com/bot.html)"
65.52.110.34 - - [18/Mar/2012:09:30:20 +0100] "GET /download/kwestionariusz.xls HTTP/1.1" 404 379 "-" "Mozilla/5.0 (compatible; bingbot/2.0; +http://www.bing.com/bingbot.htm)"
66.249.71.2 - - [18/Mar/2012:09:41:29 +0100] "GET /?q=pl/node/1409 HTTP/1.1" 200 604 "-" "Mozilla/5.0 (compatible; Googlebot/2.1; +http://www.google.com/bot.html)"
72.14.199.69 - - [18/Mar/2012:09:57:06 +0100] "GET /?q=pl/node/feed HTTP/1.1" 200 604 "-" "Feedfetcher-Google; (+http://www.google.com/feedfetcher.html; 1 subscribers; feed-id=13092677621290790569)"
66.249.71.2 - - [18/Mar/2012:10:03:29 +0100] "GET /profile.php?lookup=275 HTTP/1.1" 404 363 "-" "Mozilla/5.0 (compatible; Googlebot/2.1; +http://www.google.com/bot.html)"
31.214.201.251 - - [18/Mar/2012:10:27:31 +0100] "GET /viewpage.php?page_id=25 HTTP/1.0" 404 364 "http://samorzad.fuw.edu.pl/viewpage.php?page_id=25" "Mozilla/4.0 (compatible; MSIE 6.0; America Online Browser 1.1; rev1.2; Windows NT 5.1; SV1; .NET CLR 1.1.4322)"
31.214.201.251 - - [18/Mar/2012:10:27:31 +0100] "GET / HTTP/1.0" 200 604 "http://samorzad.fuw.edu.pl/" "Mozilla/4.0 (compatible; MSIE 6.0; America Online Browser 1.1; rev1.2; Windows NT 5.1; SV1; .NET CLR 1.1.4322)"
124.115.6.12 - - [18/Mar/2012:10:52:01 +0100] "GET /robots.txt HTTP/1.1" 404 362 "-" "Sosospider+(+http://help.soso.com/webspider.htm)"
110.82.148.74 - - [18/Mar/2012:10:57:18 +0100] "GET /viewpage.php?page_id=27&rstart=130 HTTP/1.1" 404 364 "-" "Mozilla/4.0 (compatible; MSIE 7.0; Windows NT 5.1; GTB7.3)"
110.82.148.74 - - [18/Mar/2012:10:57:19 +0100] "GET /favicon.ico HTTP/1.1" 404 363 "-" "Mozilla/4.0 (compatible; MSIE 7.0; Windows NT 5.1; GTB7.3)"
207.46.13.100 - - [18/Mar/2012:11:05:40 +0100] "GET / HTTP/1.1" 200 604 "-" "Mozilla/5.0 (compatible; bingbot/2.0; +http://www.bing.com/bingbot.htm)"
66.249.71.2 - - [18/Mar/2012:11:17:39 +0100] "GET / HTTP/1.1" 200 604 "-" "Mozilla/5.0 (iPhone; U; CPU iPhone OS 4_1 like Mac OS X; en-us) AppleWebKit/532.9 (KHTML, like Gecko) Version/4.0.5 Mobile/8B117 Safari/6531.22.7 (compatible; Googlebot-Mobile/2.1; +http://www.google.com/bot.html)"
180.76.5.53 - - [18/Mar/2012:11:17:51 +0100] "GET / HTTP/1.1" 200 604 "-" "Mozilla/5.0 (compatible; Baiduspider/2.0; +http://www.baidu.com/search/spider.html)"
213.186.119.132 - - [18/Mar/2012:11:38:26 +0100] "GET /robots.txt HTTP/1.1" 404 362 "-" "Mozilla/5.0 (compatible; AhrefsBot/2.0; +http://ahrefs.com/robot/)"
188.163.69.36 - - [18/Mar/2012:11:39:44 +0100] "GET /register.php HTTP/1.0" 404 364 "http://samorzad.fuw.edu.pl/register.php" "Mozilla/4.0 (compatible; MSIE 5.0; Windows 3.1)"
188.163.69.36 - - [18/Mar/2012:11:39:44 +0100] "GET /login.php HTTP/1.0" 404 361 "http://samorzad.fuw.edu.pl/login.php" "Mozilla/4.0 (compatible; MSIE 5.0; Windows 3.1)"
188.163.69.36 - - [18/Mar/2012:11:39:44 +0100] "GET /setuser.php?error=3 HTTP/1.0" 404 363 "http://samorzad.fuw.edu.pl/setuser.php?error=3" "Mozilla/4.0 (compatible; MSIE 5.0; Windows 3.1)"
65.52.110.34 - - [18/Mar/2012:11:46:43 +0100] "GET /robots.txt HTTP/1.1" 404 362 "-" "Mozilla/5.0 (compatible; bingbot/2.0; +http://www.bing.com/bingbot.htm)"
65.52.110.34 - - [18/Mar/2012:11:46:49 +0100] "GET /download/kwestionariusz.xls HTTP/1.1" 404 379 "-" "Mozilla/5.0 (compatible; bingbot/2.0; +http://www.bing.com/bingbot.htm)"
66.249.71.2 - - [18/Mar/2012:12:15:21 +0100] "GET /news.php?readmore=28&c_start=20 HTTP/1.1" 404 360 "-" "Mozilla/5.0 (compatible; Googlebot/2.1; +http://www.google.com/bot.html)"
27.159.200.211 - - [18/Mar/2012:12:28:08 +0100] "GET /viewpage.php?page_id=25&c_start=110 HTTP/1.1" 404 364 "-" "Mozilla/5.0 (Windows NT 5.1; rv:8.0.1) Gecko/20100101 Firefox/8.0.1"
27.159.200.211 - - [18/Mar/2012:12:28:18 +0100] "GET /favicon.ico HTTP/1.1" 404 363 "-" "Mozilla/5.0 (Windows NT 5.1; rv:8.0.1) Gecko/20100101 Firefox/8.0.1"
27.159.200.211 - - [18/Mar/2012:12:28:19 +0100] "GET /favicon.ico HTTP/1.1" 404 363 "-" "Mozilla/5.0 (Windows NT 5.1; rv:8.0.1) Gecko/20100101 Firefox/8.0.1"
66.249.71.2 - - [18/Mar/2012:12:33:06 +0100] "GET /viewpage.php?page_id=27&c_start=170 HTTP/1.1" 404 364 "-" "Mozilla/5.0 (compatible; Googlebot/2.1; +http://www.google.com/bot.html)"
176.8.88.179 - - [18/Mar/2012:12:34:05 +0100] "GET /viewpage.php?page_id=27&c_start=60 HTTP/1.0" 404 364 "http://samorzad.fuw.edu.pl/viewpage.php?page_id=27&c_start=60" "Mozilla/4.0 (compatible; MSIE 6.0; Windows NT 5.2; Win64; x64; SV1; .NET CLR 2.0.50727)"
176.8.88.179 - - [18/Mar/2012:12:34:05 +0100] "GET / HTTP/1.0" 200 604 "http://samorzad.fuw.edu.pl/" "Mozilla/4.0 (compatible; MSIE 6.0; Windows NT 5.2; Win64; x64; SV1; .NET CLR 2.0.50727)"
65.52.110.30 - - [18/Mar/2012:12:53:11 +0100] "GET /download/REGULAMIN.pdf HTTP/1.1" 404 374 "-" "Mozilla/5.0 (compatible; bingbot/2.0; +http://www.bing.com/bingbot.htm)"
72.14.199.69 - - [18/Mar/2012:12:57:07 +0100] "GET /?q=pl/node/feed HTTP/1.1" 200 604 "-" "Feedfetcher-Google; (+http://www.google.com/feedfetcher.html; 1 subscribers; feed-id=13092677621290790569)"
208.115.111.74 - - [18/Mar/2012:13:06:27 +0100] "GET /robots.txt HTTP/1.1" 404 362 "-" "Mozilla/5.0 (compatible; Ezooms/1.0; ezooms.bot@gmail.com)"
27.159.200.211 - - [18/Mar/2012:13:09:58 +0100] "GET /viewpage.php?page_id=27&c_start=140 HTTP/1.1" 404 364 "-" "Mozilla/5.0 (Windows NT 5.1; rv:8.0.1) Gecko/20100101 Firefox/8.0.1"
212.50.133.231 - - [18/Mar/2012:13:15:47 +0100] "GET /robots.txt HTTP/1.0" 404 362 "-" "Mozilla/5.0 (compatible; MJ12bot/v1.4.2; http://www.majestic12.co.uk/bot.php?+)"
212.50.133.231 - - [18/Mar/2012:13:15:50 +0100] "GET / HTTP/1.0" 200 604 "-" "Mozilla/5.0 (compatible; MJ12bot/v1.4.2; http://www.majestic12.co.uk/bot.php?+)"
66.249.71.2 - - [18/Mar/2012:13:20:18 +0100] "GET /profile.php?lookup=105 HTTP/1.1" 404 363 "-" "Mozilla/5.0 (compatible; Googlebot/2.1; +http://www.google.com/bot.html)"
66.249.71.2 - - [18/Mar/2012:13:36:05 +0100] "GET /profile.php?lookup=108 HTTP/1.1" 404 363 "-" "Mozilla/5.0 (compatible; Googlebot/2.1; +http://www.google.com/bot.html)"
180.76.5.97 - - [18/Mar/2012:13:36:11 +0100] "GET /robots.txt HTTP/1.1" 404 362 "-" "Baiduspider+(+http://www.baidu.com/search/spider.htm)"
66.249.71.2 - - [18/Mar/2012:13:51:46 +0100] "GET /profile.php?lookup=132 HTTP/1.1" 404 363 "-" "Mozilla/5.0 (compatible; Googlebot/2.1; +http://www.google.com/bot.html)"
66.249.71.2 - - [18/Mar/2012:14:07:33 +0100] "GET /profile.php?lookup=137 HTTP/1.1" 404 363 "-" "Mozilla/5.0 (compatible; Googlebot/2.1; +http://www.google.com/bot.html)"
109.230.245.193 - - [18/Mar/2012:14:15:27 +0100] "GET /viewpage.php?page_id=19 HTTP/1.0" 404 364 "http://samorzad.fuw.edu.pl/viewpage.php?page_id=19" "Mozilla/4.0 (compatible; MSIE 6.0; America Online Browser 1.1; rev1.2; Windows NT 5.1; SV1; .NET CLR 1.1.4322)"
109.230.245.193 - - [18/Mar/2012:14:15:27 +0100] "GET / HTTP/1.0" 200 604 "http://samorzad.fuw.edu.pl/" "Mozilla/4.0 (compatible; MSIE 6.0; America Online Browser 1.1; rev1.2; Windows NT 5.1; SV1; .NET CLR 1.1.4322)"
109.230.245.193 - - [18/Mar/2012:14:15:27 +0100] "GET /viewpage.php?page_id=20 HTTP/1.0" 404 364 "http://samorzad.fuw.edu.pl/viewpage.php?page_id=20" "Opera/7.54 (Windows NT 5.1; U)  [pl]"
109.230.245.193 - - [18/Mar/2012:14:15:27 +0100] "GET /viewpage.php?page_id=21 HTTP/1.0" 404 364 "http://samorzad.fuw.edu.pl/viewpage.php?page_id=21" "Mozilla/4.0 (compatible; MSIE 5.0; Windows NT; DigExt)"
109.230.245.193 - - [18/Mar/2012:14:15:27 +0100] "GET / HTTP/1.0" 200 604 "http://samorzad.fuw.edu.pl/" "Opera/7.54 (Windows NT 5.1; U)  [pl]"
109.230.245.193 - - [18/Mar/2012:14:15:27 +0100] "GET / HTTP/1.0" 200 604 "http://samorzad.fuw.edu.pl/" "Mozilla/4.0 (compatible; MSIE 5.0; Windows NT; DigExt)"
109.230.245.193 - - [18/Mar/2012:14:15:27 +0100] "GET /viewpage.php?page_id=22 HTTP/1.0" 404 364 "http://samorzad.fuw.edu.pl/viewpage.php?page_id=22" "Mozilla/4.0 (compatible; MSIE 6.0; Windows NT 5.2; WOW64; SV1; .NET CLR 2.0.50727)"
109.230.245.193 - - [18/Mar/2012:14:15:27 +0100] "GET /viewpage.php?page_id=25 HTTP/1.0" 404 364 "http://samorzad.fuw.edu.pl/viewpage.php?page_id=25" "Mozilla/5.0 (Windows NT 5.1; U; en) Opera 8.00"
109.230.245.193 - - [18/Mar/2012:14:15:27 +0100] "GET / HTTP/1.0" 200 604 "http://samorzad.fuw.edu.pl/" "Mozilla/4.0 (compatible; MSIE 6.0; Windows NT 5.2; WOW64; SV1; .NET CLR 2.0.50727)"
109.230.245.193 - - [18/Mar/2012:14:15:27 +0100] "GET / HTTP/1.0" 200 604 "http://samorzad.fuw.edu.pl/" "Mozilla/5.0 (Windows NT 5.1; U; en) Opera 8.00"
208.115.111.74 - - [18/Mar/2012:14:19:44 +0100] "GET /viewpage.php?page_id=26&ce4dstart=0 HTTP/1.1" 404 364 "-" "Mozilla/5.0 (compatible; Ezooms/1.0; ezooms.bot@gmail.com)"
66.249.71.2 - - [18/Mar/2012:14:23:15 +0100] "GET /profile.php?lookup=140 HTTP/1.1" 404 363 "-" "Mozilla/5.0 (compatible; Googlebot/2.1; +http://www.google.com/bot.html)"
77.248.48.35 - - [18/Mar/2012:14:31:50 +0100] "GET /robots.txt HTTP/1.0" 404 362 "-" "Mozilla/5.0 (compatible; MJ12bot/v1.4.2; http://www.majestic12.co.uk/bot.php?+)"
77.248.48.35 - - [18/Mar/2012:14:31:52 +0100] "GET /print.php?type=N&item_id=68 HTTP/1.1" 404 361 "-" "Mozilla/5.0 (compatible; MJ12bot/v1.4.2; http://www.majestic12.co.uk/bot.php?+)"
91.217.178.236 - - [18/Mar/2012:14:33:04 +0100] "GET /news.php?readmore=70 HTTP/1.0" 404 360 "http://samorzad.fuw.edu.pl/news.php?readmore=70" "Mozilla/4.0 (compatible; MSIE 6.0; MSIE 5.5; Windows NT 4.0) Opera 7.0 [en]"
91.217.178.236 - - [18/Mar/2012:14:33:16 +0100] "GET / HTTP/1.0" 200 604 "http://samorzad.fuw.edu.pl/" "Mozilla/4.0 (compatible; MSIE 6.0; MSIE 5.5; Windows NT 4.0) Opera 7.0 [en]"
66.249.71.2 - - [18/Mar/2012:14:39:01 +0100] "GET /profile.php?lookup=144 HTTP/1.1" 404 363 "-" "Mozilla/5.0 (compatible; Googlebot/2.1; +http://www.google.com/bot.html)"
66.249.71.2 - - [18/Mar/2012:14:54:43 +0100] "GET /print.php?type=N&item_id=23 HTTP/1.1" 404 361 "-" "Mozilla/5.0 (compatible; Googlebot/2.1; +http://www.google.com/bot.html)"
66.249.71.2 - - [18/Mar/2012:15:10:27 +0100] "GET /profile.php?lookup=158 HTTP/1.1" 404 363 "-" "Mozilla/5.0 (compatible; Googlebot/2.1; +http://www.google.com/bot.html)"
180.76.5.197 - - [18/Mar/2012:15:17:20 +0100] "GET / HTTP/1.1" 200 604 "-" "Mozilla/5.0 (compatible; Baiduspider/2.0; +http://www.baidu.com/search/spider.html)"
184.82.226.200 - - [18/Mar/2012:15:24:43 +0100] "GET /viewpage.php?page_id=19&c_start=200 HTTP/1.1" 404 364 "-" "Mozilla/4.0 (compatible; MSIE 8.0; Windows NT 5.0; .NET CLR 1.1.4322; .NET CLR 2.0.50215;)"
184.82.226.200 - - [18/Mar/2012:15:24:43 +0100] "GET /viewpage.php?page_id=19&c_start=200 HTTP/1.1" 404 364 "-" "Mozilla/4.0 (compatible; MSIE 8.0; Windows NT 5.0; .NET CLR 1.1.4322; .NET CLR 2.0.50215;)"
66.249.71.2 - - [18/Mar/2012:15:26:11 +0100] "GET /print.php?type=N&item_id=25 HTTP/1.1" 404 361 "-" "Mozilla/5.0 (compatible; Googlebot/2.1; +http://www.google.com/bot.html)"
66.249.71.2 - - [18/Mar/2012:15:41:56 +0100] "GET /print.php?type=N&item_id=26 HTTP/1.1" 404 361 "-" "Mozilla/5.0 (compatible; Googlebot/2.1; +http://www.google.com/bot.html)"
180.1.60.61 - - [18/Mar/2012:15:44:49 +0100] "GET /viewpage.php?page_id=26 HTTP/1.1" 404 364 "-" "Mozilla/5.0 (compatible; MSIE 9.0; Windows NT 6.1; WOW64; Trident/5.0)"
180.76.5.107 - - [18/Mar/2012:15:45:37 +0100] "GET /news.php?readmore=70 HTTP/1.1" 404 360 "-" "Mozilla/5.0 (compatible; Baiduspider/2.0; +http://www.baidu.com/search/spider.html)"
180.76.5.187 - - [18/Mar/2012:15:49:27 +0100] "GET /viewpage.php?page_id=27&c_start=90 HTTP/1.1" 404 364 "-" "Mozilla/5.0 (compatible; Baiduspider/2.0; +http://www.baidu.com/search/spider.html)"
72.14.199.69 - - [18/Mar/2012:15:57:07 +0100] "GET /?q=pl/node/feed HTTP/1.1" 200 604 "-" "Feedfetcher-Google; (+http://www.google.com/feedfetcher.html; 1 subscribers; feed-id=13092677621290790569)"
66.249.71.2 - - [18/Mar/2012:15:57:40 +0100] "GET /print.php?type=N&item_id=29 HTTP/1.1" 404 361 "-" "Mozilla/5.0 (compatible; Googlebot/2.1; +http://www.google.com/bot.html)"
66.249.71.2 - - [18/Mar/2012:16:13:29 +0100] "GET /print.php?type=N&item_id=27 HTTP/1.1" 404 361 "-" "Mozilla/5.0 (compatible; Googlebot/2.1; +http://www.google.com/bot.html)"
180.11.38.173 - - [18/Mar/2012:16:25:04 +0100] "GET /viewpage.php?page_id=26&ce4dstart=0 HTTP/1.1" 404 364 "-" "Mozilla/5.0 (compatible; MSIE 9.0; Windows NT 6.1; WOW64; Trident/5.0)"
66.249.71.2 - - [18/Mar/2012:16:29:08 +0100] "GET /print.php?type=N&item_id=34 HTTP/1.1" 404 361 "-" "Mozilla/5.0 (compatible; Googlebot/2.1; +http://www.google.com/bot.html)"
74.125.17.82 - - [18/Mar/2012:16:39:56 +0100] "GET /profile.php?lookup=43 HTTP/1.1" 404 363 "http://www.google.com/search" "Mozilla/5.0 (X11; Linux x86_64) AppleWebKit/534.51 (KHTML, like Gecko; Google Web Preview) Chrome/12.0.742 Safari/534.51"
66.249.71.2 - - [18/Mar/2012:16:44:52 +0100] "GET /print.php?type=N&item_id=31 HTTP/1.1" 404 361 "-" "Mozilla/5.0 (compatible; Googlebot/2.1; +http://www.google.com/bot.html)"
66.249.71.2 - - [18/Mar/2012:17:00:36 +0100] "GET /print.php?type=N&item_id=32 HTTP/1.1" 404 361 "-" "Mozilla/5.0 (compatible; Googlebot/2.1; +http://www.google.com/bot.html)"
189.110.239.247 - - [18/Mar/2012:17:09:56 +0100] "GET /register.php+%5BPLM=0%5D%5BR%5D+GET+http://samorzad.fuw.edu.pl/register.php+%5B0,6060,3914%5D+-%3E+%5BR%5D+POST+http://samorzad.fuw.edu.pl/register.php+%5B0,0,4779%5D+-%3E+%5BL%5D+GET+http://samorzad.fuw.edu.pl/login.php+%5B0,3647,5275%5D+-%3E+%5BL%5D+POST+http://samorzad.fuw.edu.pl/login.php+%5BR=302%5D%5B0,0,291%5D+-%3E+%5BL%5D+GET+http://samorzad.fuw.edu.pl/setuser.php?error=3+%5B0,0,1452%5D+-%3E+%5BL%5D+GET+http://samorzad.fuw.edu.pl/news.php+%5B0,0,17711%5D+-%3E+%5BN%5D+GET+http://samorzad.fuw.edu.pl/news.php?readmore=70+%5B0,70026,4092%5D+-%3E+%5BN%5D+POST+http://samorzad.fuw.edu.pl/news.php?readmore=70+%5BR=302%5D%5B0,0,1574%5D+-%3E+%5BN%5D+GET+http://samorzad.fuw.edu.pl/news.php?readmore=70+%5B75190,0,71914%5D HTTP/1.0" 404 686 "http://samorzad.fuw.edu.pl/register.php+%5BPLM=0%5D%5BR%5D+GET+http://samorzad.fuw.edu.pl/register.php+%5B0,6060,3914%5D+-%3E+%5BR%5D+POST+http://samorzad.fuw.edu.pl/register.php+%5B0,0,4779%5D+-%3E+%5BL%5D+GET+http://samorzad.fuw.edu.pl/login.php+%5B0,3647,5275%5D+-%3E+%5BL%5D+POST+http://samorzad.fuw.edu.pl/login.php+%5BR=302%5D%5B0,0,291%5D+-%3E+%5BL%5D+GET+http://samorzad.fuw.edu.pl/setuser.php?error=3+%5B0,0,1452%5D+-%3E+%5BL%5D+GET+http://samorzad.fuw.edu.pl/news.php+%5B0,0,17711%5D+-%3E+%5BN%5D+GET+http://samorzad.fuw.edu.pl/news.php?readmore=70+%5B0,70026,4092%5D+-%3E+%5BN%5D+POST+http://samorzad.fuw.edu.pl/news.php?readmore=70+%5BR=302%5D%5B0,0,1574%5D+-%3E+%5BN%5D+GET+http://samorzad.fuw.edu.pl/news.php?readmore=70+%5B75190,0,71914%5D" "Mozilla/4.0 (compatible; MSIE 6.0; Windows NT 5.1; SV1; YPC 3.0.2; .NET CLR 1.1.4322; yplus 4.4.02b)"
189.110.239.247 - - [18/Mar/2012:17:09:56 +0100] "GET / HTTP/1.0" 200 604 "http://samorzad.fuw.edu.pl/" "Mozilla/4.0 (compatible; MSIE 6.0; Windows NT 5.1; SV1; YPC 3.0.2; .NET CLR 1.1.4322; yplus 4.4.02b)"
66.249.71.2 - - [18/Mar/2012:17:16:19 +0100] "GET /print.php?type=N&item_id=40 HTTP/1.1" 404 361 "-" "Mozilla/5.0 (compatible; Googlebot/2.1; +http://www.google.com/bot.html)"
180.76.5.158 - - [18/Mar/2012:17:18:39 +0100] "GET / HTTP/1.1" 200 604 "-" "Mozilla/5.0 (compatible; Baiduspider/2.0; +http://www.baidu.com/search/spider.html)"
193.105.210.86 - - [18/Mar/2012:17:22:35 +0100] "GET /register.php HTTP/1.0" 404 364 "http://samorzad.fuw.edu.pl/register.php" "Mozilla/4.0 (compatible; MSIE 5.5; Windows NT 5.0)"
193.105.210.86 - - [18/Mar/2012:17:22:35 +0100] "GET /login.php HTTP/1.0" 404 361 "http://samorzad.fuw.edu.pl/login.php" "Mozilla/4.0 (compatible; MSIE 5.5; Windows NT 5.0)"
193.105.210.86 - - [18/Mar/2012:17:22:35 +0100] "GET /setuser.php?error=3 HTTP/1.0" 404 363 "http://samorzad.fuw.edu.pl/setuser.php?error=3" "Mozilla/4.0 (compatible; MSIE 5.5; Windows NT 5.0)"
65.52.110.34 - - [18/Mar/2012:17:27:11 +0100] "GET /download/obczajacz.pdf HTTP/1.1" 404 374 "-" "Mozilla/5.0 (compatible; bingbot/2.0; +http://www.bing.com/bingbot.htm)"
180.47.44.42 - - [18/Mar/2012:17:30:59 +0100] "GET /viewpage.php?page_id=26 HTTP/1.1" 404 364 "-" "Mozilla/5.0 (compatible; MSIE 9.0; Windows NT 6.1; WOW64; Trident/5.0)"
66.249.71.2 - - [18/Mar/2012:17:32:15 +0100] "GET /print.php?type=N&item_id=38 HTTP/1.1" 404 361 "-" "Mozilla/5.0 (compatible; Googlebot/2.1; +http://www.google.com/bot.html)"
66.249.71.2 - - [18/Mar/2012:17:47:48 +0100] "GET /robots.txt HTTP/1.1" 404 362 "-" "Mozilla/5.0 (compatible; Googlebot/2.1; +http://www.google.com/bot.html)"
66.249.71.2 - - [18/Mar/2012:17:47:48 +0100] "GET /print.php?type=N&item_id=44 HTTP/1.1" 404 361 "-" "Mozilla/5.0 (compatible; Googlebot/2.1; +http://www.google.com/bot.html)"
46.0.182.30 - - [18/Mar/2012:18:01:23 +0100] "GET /register.php HTTP/1.0" 404 364 "http://samorzad.fuw.edu.pl/register.php" "Mozilla/4.0 (compatible; MSIE 5.5; Windows NT 4.0)"
46.0.182.30 - - [18/Mar/2012:18:01:23 +0100] "GET /login.php HTTP/1.0" 404 361 "http://samorzad.fuw.edu.pl/login.php" "Mozilla/4.0 (compatible; MSIE 5.5; Windows NT 4.0)"
46.0.182.30 - - [18/Mar/2012:18:01:24 +0100] "GET /setuser.php?error=3 HTTP/1.0" 404 363 "http://samorzad.fuw.edu.pl/setuser.php?error=3" "Mozilla/4.0 (compatible; MSIE 5.5; Windows NT 4.0)"
66.249.71.2 - - [18/Mar/2012:18:03:33 +0100] "GET /print.php?type=N&item_id=42 HTTP/1.1" 404 361 "-" "Mozilla/5.0 (compatible; Googlebot/2.1; +http://www.google.com/bot.html)"
66.249.71.2 - - [18/Mar/2012:18:07:39 +0100] "GET /print.php?type=N&item_id=29 HTTP/1.1" 404 361 "-" "Mozilla/5.0 (iPhone; U; CPU iPhone OS 4_1 like Mac OS X; en-us) AppleWebKit/532.9 (KHTML, like Gecko) Version/4.0.5 Mobile/8B117 Safari/6531.22.7 (compatible; Googlebot-Mobile/2.1; +http://www.google.com/bot.html)"
66.249.71.2 - - [18/Mar/2012:18:19:24 +0100] "GET /print.php?type=N&item_id=45 HTTP/1.1" 404 361 "-" "Mozilla/5.0 (compatible; Googlebot/2.1; +http://www.google.com/bot.html)"
180.76.5.167 - - [18/Mar/2012:18:23:01 +0100] "GET /viewpage.php?page_id=26&ce4dstart=0 HTTP/1.1" 404 364 "-" "Mozilla/5.0 (compatible; Baiduspider/2.0; +http://www.baidu.com/search/spider.html)"
66.249.71.2 - - [18/Mar/2012:18:35:02 +0100] "GET /print.php?type=N&item_id=47 HTTP/1.1" 404 361 "-" "Mozilla/5.0 (compatible; Googlebot/2.1; +http://www.google.com/bot.html)"
66.249.71.2 - - [18/Mar/2012:18:50:55 +0100] "GET /print.php?type=N&item_id=48 HTTP/1.1" 404 361 "-" "Mozilla/5.0 (compatible; Googlebot/2.1; +http://www.google.com/bot.html)"
72.14.199.69 - - [18/Mar/2012:18:57:07 +0100] "GET /?q=pl/node/feed HTTP/1.1" 200 604 "-" "Feedfetcher-Google; (+http://www.google.com/feedfetcher.html; 1 subscribers; feed-id=13092677621290790569)"
66.249.71.2 - - [18/Mar/2012:19:06:28 +0100] "GET /print.php?type=N&item_id=49 HTTP/1.1" 404 361 "-" "Mozilla/5.0 (compatible; Googlebot/2.1; +http://www.google.com/bot.html)"
109.243.145.17 - - [18/Mar/2012:19:07:15 +0100] "GET / HTTP/1.1" 200 604 "-" "Mozilla/5.0 (X11; Linux i686) AppleWebKit/535.7 (KHTML, like Gecko) Chrome/16.0.912.63 Safari/535.7"
109.243.145.17 - - [18/Mar/2012:19:07:15 +0100] "GET /icons/blank.gif HTTP/1.1" 200 148 "http://samorzad.fuw.edu.pl/" "Mozilla/5.0 (X11; Linux i686) AppleWebKit/535.7 (KHTML, like Gecko) Chrome/16.0.912.63 Safari/535.7"
109.243.145.17 - - [18/Mar/2012:19:07:15 +0100] "GET /favicon.ico HTTP/1.1" 404 363 "-" "Mozilla/5.0 (X11; Linux i686) AppleWebKit/535.7 (KHTML, like Gecko) Chrome/16.0.912.63 Safari/535.7"
109.243.145.17 - - [18/Mar/2012:19:07:20 +0100] "GET / HTTP/1.1" 200 604 "-" "Mozilla/5.0 (X11; Linux i686) AppleWebKit/535.7 (KHTML, like Gecko) Chrome/16.0.912.63 Safari/535.7"
109.243.145.17 - - [18/Mar/2012:19:07:20 +0100] "GET /favicon.ico HTTP/1.1" 404 363 "-" "Mozilla/5.0 (X11; Linux i686) AppleWebKit/535.7 (KHTML, like Gecko) Chrome/16.0.912.63 Safari/535.7"
109.243.145.17 - - [18/Mar/2012:19:07:25 +0100] "GET / HTTP/1.1" 200 604 "http://www.google.com/url?sa=D&q=http://samorzad.fuw.edu.pl/&usg=AFQjCNEdVBXQb81H1QSQkWH1AO--58E_xQ" "Mozilla/5.0 (X11; Linux i686) AppleWebKit/535.7 (KHTML, like Gecko) Chrome/16.0.912.63 Safari/535.7"
109.243.145.17 - - [18/Mar/2012:19:07:26 +0100] "GET /favicon.ico HTTP/1.1" 404 363 "-" "Mozilla/5.0 (X11; Linux i686) AppleWebKit/535.7 (KHTML, like Gecko) Chrome/16.0.912.63 Safari/535.7"
109.243.145.17 - - [18/Mar/2012:19:07:30 +0100] "GET /?C=N;O=D HTTP/1.1" 200 604 "http://samorzad.fuw.edu.pl/" "Mozilla/5.0 (X11; Linux i686) AppleWebKit/535.7 (KHTML, like Gecko) Chrome/16.0.912.63 Safari/535.7"
109.243.145.17 - - [18/Mar/2012:19:07:30 +0100] "GET /favicon.ico HTTP/1.1" 404 363 "-" "Mozilla/5.0 (X11; Linux i686) AppleWebKit/535.7 (KHTML, like Gecko) Chrome/16.0.912.63 Safari/535.7"
109.243.145.17 - - [18/Mar/2012:19:07:31 +0100] "GET /favicon.ico HTTP/1.1" 404 363 "-" "Mozilla/5.0 (X11; Linux i686) AppleWebKit/535.7 (KHTML, like Gecko) Chrome/16.0.912.63 Safari/535.7"
180.76.5.151 - - [18/Mar/2012:19:18:51 +0100] "GET / HTTP/1.1" 200 604 "-" "Mozilla/5.0 (compatible; Baiduspider/2.0; +http://www.baidu.com/search/spider.html)"
66.249.71.2 - - [18/Mar/2012:19:22:13 +0100] "GET /print.php?type=N&item_id=50 HTTP/1.1" 404 361 "-" "Mozilla/5.0 (compatible; Googlebot/2.1; +http://www.google.com/bot.html)"
108.59.7.73 - - [18/Mar/2012:19:27:41 +0100] "GET /viewpage.php?page_id=19 HTTP/1.1" 404 364 "http://www.google.com/url?sa=t&rct=j&q=sexi+pic+7_15+yers+old&source=web&cd=18&ved=0CEIQFjAHOAo&url=http%3A%2F%2Fsamorzad.fuw.edu.pl%2Fviewpage.php%3Fpage_id%3D19&ei=0ShmT-bCGYPWtAaL58y2BQ&usg=AFQjCNFfpfYooIDJxBbNdkQq7wcAc-rqbQ&cad=rja" "Mozilla/5.0 (Windows; U; Windows NT 5.1; en-US; rv:1.9.1.19) Gecko/20110420 Firefox/3.5.19"
108.59.7.73 - - [18/Mar/2012:19:27:42 +0100] "GET /favicon.ico HTTP/1.1" 404 363 "-" "Mozilla/5.0 (Windows; U; Windows NT 5.1; en-US; rv:1.9.1.19) Gecko/20110420 Firefox/3.5.19"
108.59.7.73 - - [18/Mar/2012:19:27:45 +0100] "GET /favicon.ico HTTP/1.1" 404 363 "-" "Mozilla/5.0 (Windows; U; Windows NT 5.1; en-US; rv:1.9.1.19) Gecko/20110420 Firefox/3.5.19"
108.59.7.73 - - [18/Mar/2012:19:28:15 +0100] "GET /favicon.ico HTTP/1.1" 404 363 "-" "Mozilla/5.0 (Windows; U; Windows NT 5.1; en-US; rv:1.9.1.19) Gecko/20110420 Firefox/3.5.19"
66.249.71.2 - - [18/Mar/2012:19:37:58 +0100] "GET /print.php?type=N&item_id=51 HTTP/1.1" 404 361 "-" "Mozilla/5.0 (compatible; Googlebot/2.1; +http://www.google.com/bot.html)"
91.217.178.236 - - [18/Mar/2012:19:49:04 +0100] "GET /news.php?readmore=70 HTTP/1.0" 404 360 "http://samorzad.fuw.edu.pl/news.php?readmore=70" "Mozilla/4.0 (compatible; MSIE 6.0; Windows NT 5.1; SV1; .NET CLR 1.0.3705; .NET CLR 1.1.4322; .NET CLR 2.0.40607)"
91.217.178.236 - - [18/Mar/2012:19:49:05 +0100] "GET / HTTP/1.0" 200 604 "http://samorzad.fuw.edu.pl/" "Mozilla/4.0 (compatible; MSIE 6.0; Windows NT 5.1; SV1; .NET CLR 1.0.3705; .NET CLR 1.1.4322; .NET CLR 2.0.40607)"
66.249.71.2 - - [18/Mar/2012:19:53:42 +0100] "GET /print.php?type=N&item_id=54 HTTP/1.1" 404 361 "-" "Mozilla/5.0 (compatible; Googlebot/2.1; +http://www.google.com/bot.html)"
87.197.52.82 - - [18/Mar/2012:20:05:52 +0100] "GET /viewpage.php?page_id=21&c_start=40 HTTP/1.0" 404 364 "-" "Mozilla/4.0 (compatible; MSIE 7.0b; Windows NT 5.1; FDM; .NET CLR 1.1.4322)"
66.249.71.2 - - [18/Mar/2012:20:09:32 +0100] "GET /print.php?type=N&item_id=58 HTTP/1.1" 404 361 "-" "Mozilla/5.0 (compatible; Googlebot/2.1; +http://www.google.com/bot.html)"
199.21.99.81 - - [18/Mar/2012:20:16:11 +0100] "GET / HTTP/1.1" 200 604 "-" "Mozilla/5.0 (compatible; YandexBot/3.0; +http://yandex.com/bots)"
66.249.71.2 - - [18/Mar/2012:20:25:10 +0100] "GET /print.php?type=N&item_id=53 HTTP/1.1" 404 361 "-" "Mozilla/5.0 (compatible; Googlebot/2.1; +http://www.google.com/bot.html)"
128.70.177.56 - - [18/Mar/2012:20:29:31 +0100] "GET /news.php?readmore=70+++++++++++++++++++Result:+%E8%F1%EF%EE%EB%FC%E7%EE%E2%E0%ED+%ED%E8%EA%ED%E5%E9%EC+%22Facedoolley%22;+%EF%E8%EA%F2%EE%EA%EE%E4+%E4%E5%F8%E8%F4%F0%EE%E2%E0%ED;+%E7%E0%F0%E5%E3%E8%F1%F2%F0%E8%F0%EE%E2%E0%EB%E8%F1%FC+%28%E2%EA%EB%FE%F7%E5%ED+%F0%E5%E6%E8%EC+%F2%EE%EB%FC%EA%EE+%F0%E5%E3%E8%F1%F2%F0%E0%F6%E8%E8%29; HTTP/1.0" 404 360 "http://samorzad.fuw.edu.pl/news.php?readmore=70+++++++++++++++++++Result:+%E8%F1%EF%EE%EB%FC%E7%EE%E2%E0%ED+%ED%E8%EA%ED%E5%E9%EC+%22Facedoolley%22;+%EF%E8%EA%F2%EE%EA%EE%E4+%E4%E5%F8%E8%F4%F0%EE%E2%E0%ED;+%E7%E0%F0%E5%E3%E8%F1%F2%F0%E8%F0%EE%E2%E0%EB%E8%F1%FC+%28%E2%EA%EB%FE%F7%E5%ED+%F0%E5%E6%E8%EC+%F2%EE%EB%FC%EA%EE+%F0%E5%E3%E8%F1%F2%F0%E0%F6%E8%E8%29;" "Mozilla/4.0 (compatible; MSIE 6.0; Windows NT 5.1; .NET CLR 1.0.3705)"
128.70.177.56 - - [18/Mar/2012:20:29:31 +0100] "GET / HTTP/1.0" 200 604 "http://samorzad.fuw.edu.pl/" "Mozilla/4.0 (compatible; MSIE 6.0; Windows NT 5.1; .NET CLR 1.0.3705)"
199.21.99.82 - - [18/Mar/2012:20:35:39 +0100] "GET /?C=M;O=A HTTP/1.1" 200 604 "-" "Mozilla/5.0 (compatible; YandexBot/3.0; +http://yandex.com/bots)"
62.75.180.61 - - [18/Mar/2012:20:38:58 +0100] "GET /viewpage.php?page_id=26' HTTP/1.1" 404 364 "h" "Mozilla/5.0 (X11; Ubuntu; Linux i686; rv:10.0.2) Gecko/20100101 Firefox/10.0.2 (ru,en-us;q=0.7,en;q=0.3)"
74.63.210.18 - - [18/Mar/2012:20:39:18 +0100] "GET /viewpage.php?page_id=26+orDe%72+by+999%23 HTTP/1.1" 404 364 "h" "Opera/9.80 (X11; Linux i686; U; ru) Presto/2.9.168 Version/11.51 (ru-RU,ru;q=0.9,en;q=0.8)"
66.249.71.2 - - [18/Mar/2012:20:40:52 +0100] "GET /print.php?type=N&item_id=62 HTTP/1.1" 404 361 "-" "Mozilla/5.0 (compatible; Googlebot/2.1; +http://www.google.com/bot.html)"
199.21.99.87 - - [18/Mar/2012:20:52:20 +0100] "GET /?C=S;O=A HTTP/1.1" 200 604 "-" "Mozilla/5.0 (compatible; YandexBot/3.0; +http://yandex.com/bots)"
208.115.113.90 - - [18/Mar/2012:20:53:37 +0100] "GET /robots.txt HTTP/1.1" 404 362 "-" "Mozilla/5.0 (compatible; Ezooms/1.0; ezooms.bot@gmail.com)"
66.249.71.2 - - [18/Mar/2012:20:56:41 +0100] "GET /print.php?type=N&item_id=57 HTTP/1.1" 404 361 "-" "Mozilla/5.0 (compatible; Googlebot/2.1; +http://www.google.com/bot.html)"
180.76.6.211 - - [18/Mar/2012:21:02:12 +0100] "GET /viewpage.php?page_id=24&c_start=70 HTTP/1.1" 404 364 "-" "Mozilla/5.0 (compatible; Baiduspider/2.0; +http://www.baidu.com/search/spider.html)"
66.249.71.2 - - [18/Mar/2012:21:12:24 +0100] "GET /print.php?type=N&item_id=66 HTTP/1.1" 404 361 "-" "Mozilla/5.0 (compatible; Googlebot/2.1; +http://www.google.com/bot.html)"
180.76.5.182 - - [18/Mar/2012:21:18:37 +0100] "GET / HTTP/1.1" 200 604 "-" "Mozilla/5.0 (compatible; Baiduspider/2.0; +http://www.baidu.com/search/spider.html)"
66.249.71.2 - - [18/Mar/2012:21:28:08 +0100] "GET /print.php?type=N&item_id=70 HTTP/1.1" 404 361 "-" "Mozilla/5.0 (compatible; Googlebot/2.1; +http://www.google.com/bot.html)"
66.249.71.2 - - [18/Mar/2012:21:44:26 +0100] "GET /print.php?type=N&item_id=52 HTTP/1.1" 404 361 "-" "Mozilla/5.0 (compatible; Googlebot/2.1; +http://www.google.com/bot.html)"
109.230.251.186 - - [18/Mar/2012:21:52:11 +0100] "GET /viewpage.php?page_id=19 HTTP/1.0" 404 364 "http://samorzad.fuw.edu.pl/viewpage.php?page_id=19" "Opera/7.11 (Windows NT 5.1; U) [en]"
109.230.251.186 - - [18/Mar/2012:21:52:11 +0100] "GET / HTTP/1.0" 200 604 "http://samorzad.fuw.edu.pl/" "Opera/7.11 (Windows NT 5.1; U) [en]"
189.110.239.247 - - [18/Mar/2012:21:53:05 +0100] "GET /register.php+%5BPLM=0%5D%5BR%5D+GET+http://samorzad.fuw.edu.pl/register.php+%5B0,6060,4075%5D+-%3E+%5BR%5D+POST+http://samorzad.fuw.edu.pl/register.php+%5B0,0,4779%5D+-%3E+%5BL%5D+GET+http://samorzad.fuw.edu.pl/login.php+%5B0,3647,5275%5D+-%3E+%5BL%5D+POST+http://samorzad.fuw.edu.pl/login.php+%5BR=302%5D%5B0,0,291%5D+-%3E+%5BL%5D+GET+http://samorzad.fuw.edu.pl/setuser.php?error=3+%5B0,0,1452%5D+-%3E+%5BL%5D+GET+http://samorzad.fuw.edu.pl/news.php+%5B0,0,17711%5D+-%3E+%5BN%5D+GET+http://samorzad.fuw.edu.pl/news.php?readmore=70+%5B0,70026,4154%5D+-%3E+%5BN%5D+POST+http://samorzad.fuw.edu.pl/news.php?readmore=70+%5BR=302%5D%5B0,0,1574%5D+-%3E+%5BN%5D+GET+http://samorzad.fuw.edu.pl/news.php?readmore=70+%5B75190,0,71914%5D HTTP/1.0" 404 686 "http://samorzad.fuw.edu.pl/register.php+%5BPLM=0%5D%5BR%5D+GET+http://samorzad.fuw.edu.pl/register.php+%5B0,6060,4075%5D+-%3E+%5BR%5D+POST+http://samorzad.fuw.edu.pl/register.php+%5B0,0,4779%5D+-%3E+%5BL%5D+GET+http://samorzad.fuw.edu.pl/login.php+%5B0,3647,5275%5D+-%3E+%5BL%5D+POST+http://samorzad.fuw.edu.pl/login.php+%5BR=302%5D%5B0,0,291%5D+-%3E+%5BL%5D+GET+http://samorzad.fuw.edu.pl/setuser.php?error=3+%5B0,0,1452%5D+-%3E+%5BL%5D+GET+http://samorzad.fuw.edu.pl/news.php+%5B0,0,17711%5D+-%3E+%5BN%5D+GET+http://samorzad.fuw.edu.pl/news.php?readmore=70+%5B0,70026,4154%5D+-%3E+%5BN%5D+POST+http://samorzad.fuw.edu.pl/news.php?readmore=70+%5BR=302%5D%5B0,0,1574%5D+-%3E+%5BN%5D+GET+http://samorzad.fuw.edu.pl/news.php?readmore=70+%5B75190,0,71914%5D" "Mozilla/4.0 (compatible; MSIE 6.0; Windows NT 5.1; SV1; .NET CLR 1.1.4322)"
189.110.239.247 - - [18/Mar/2012:21:53:06 +0100] "GET / HTTP/1.0" 200 604 "http://samorzad.fuw.edu.pl/" "Mozilla/4.0 (compatible; MSIE 6.0; Windows NT 5.1; SV1; .NET CLR 1.1.4322)"
72.14.199.69 - - [18/Mar/2012:21:57:07 +0100] "GET /?q=pl/node/feed HTTP/1.1" 200 604 "-" "Feedfetcher-Google; (+http://www.google.com/feedfetcher.html; 1 subscribers; feed-id=13092677621290790569)"
66.249.71.2 - - [18/Mar/2012:21:59:26 +0100] "GET /print.php?type=N&item_id=71 HTTP/1.1" 404 361 "-" "Mozilla/5.0 (compatible; Googlebot/2.1; +http://www.google.com/bot.html)"
178.36.166.226 - - [18/Mar/2012:22:04:37 +0100] "GET / HTTP/1.1" 200 604 "http://www.fuw.edu.pl/inicjatywy-studentow.html" "Mozilla/5.0 (Windows NT 6.0; rv:10.0.2) Gecko/20100101 Firefox/10.0.2"
178.36.166.226 - - [18/Mar/2012:22:04:37 +0100] "GET /icons/blank.gif HTTP/1.1" 200 148 "http://samorzad.fuw.edu.pl/" "Mozilla/5.0 (Windows NT 6.0; rv:10.0.2) Gecko/20100101 Firefox/10.0.2"
178.36.166.226 - - [18/Mar/2012:22:04:37 +0100] "GET /favicon.ico HTTP/1.1" 404 363 "-" "Mozilla/5.0 (Windows NT 6.0; rv:10.0.2) Gecko/20100101 Firefox/10.0.2"
178.36.166.226 - - [18/Mar/2012:22:04:37 +0100] "GET /favicon.ico HTTP/1.1" 404 363 "-" "Mozilla/5.0 (Windows NT 6.0; rv:10.0.2) Gecko/20100101 Firefox/10.0.2"
178.36.166.226 - - [18/Mar/2012:22:04:39 +0100] "GET /?C=D;O=A HTTP/1.1" 200 604 "http://samorzad.fuw.edu.pl/" "Mozilla/5.0 (Windows NT 6.0; rv:10.0.2) Gecko/20100101 Firefox/10.0.2"
178.36.166.226 - - [18/Mar/2012:22:04:43 +0100] "GET /?C=N;O=A HTTP/1.1" 200 604 "http://samorzad.fuw.edu.pl/?C=D;O=A" "Mozilla/5.0 (Windows NT 6.0; rv:10.0.2) Gecko/20100101 Firefox/10.0.2"
178.36.166.226 - - [18/Mar/2012:22:04:44 +0100] "GET /?C=M;O=A HTTP/1.1" 200 604 "http://samorzad.fuw.edu.pl/?C=N;O=A" "Mozilla/5.0 (Windows NT 6.0; rv:10.0.2) Gecko/20100101 Firefox/10.0.2"
178.36.166.226 - - [18/Mar/2012:22:04:45 +0100] "GET /?C=S;O=A HTTP/1.1" 200 604 "http://samorzad.fuw.edu.pl/?C=M;O=A" "Mozilla/5.0 (Windows NT 6.0; rv:10.0.2) Gecko/20100101 Firefox/10.0.2"
208.115.113.90 - - [18/Mar/2012:22:07:01 +0100] "GET /viewpage.php?page_id=27&c_start=30 HTTP/1.1" 404 364 "-" "Mozilla/5.0 (compatible; Ezooms/1.0; ezooms.bot@gmail.com)"
66.249.71.2 - - [18/Mar/2012:22:15:24 +0100] "GET /print.php?type=N&item_id=68 HTTP/1.1" 404 361 "-" "Mozilla/5.0 (compatible; Googlebot/2.1; +http://www.google.com/bot.html)"
180.76.5.193 - - [18/Mar/2012:22:18:14 +0100] "GET /viewpage.php?page_id=19&c_start=100 HTTP/1.1" 404 364 "-" "Mozilla/5.0 (compatible; Baiduspider/2.0; +http://www.baidu.com/search/spider.html)"
123.125.71.26 - - [18/Mar/2012:22:28:09 +0100] "GET /robots.txt HTTP/1.1" 404 362 "-" "Mozilla/5.0 (compatible; Baiduspider/2.0; +http://www.baidu.com/search/spider.html)"
220.181.108.147 - - [18/Mar/2012:22:30:11 +0100] "GET / HTTP/1.1" 200 604 "-" "Mozilla/5.0 (compatible; Baiduspider/2.0; +http://www.baidu.com/search/spider.html)"
66.249.71.2 - - [18/Mar/2012:22:32:25 +0100] "GET /print.php?type=N&item_id=67 HTTP/1.1" 404 361 "-" "Mozilla/5.0 (compatible; Googlebot/2.1; +http://www.google.com/bot.html)"
66.249.71.2 - - [18/Mar/2012:22:55:52 +0100] "GET /print.php?type=N&item_id=69 HTTP/1.1" 404 361 "-" "Mozilla/5.0 (compatible; Googlebot/2.1; +http://www.google.com/bot.html)"
66.249.71.2 - - [18/Mar/2012:23:03:25 +0100] "GET /print.php?type=N&item_id=63 HTTP/1.1" 404 361 "-" "Mozilla/5.0 (compatible; Googlebot/2.1; +http://www.google.com/bot.html)"
180.76.5.154 - - [18/Mar/2012:23:18:11 +0100] "GET / HTTP/1.1" 200 604 "-" "Mozilla/5.0 (compatible; Baiduspider/2.0; +http://www.baidu.com/search/spider.html)"
130.83.167.153 - - [19/Mar/2012:00:55:05 +0100] "GET /?C=N;O=D HTTP/1.1" 200 604 "-" "findlinks/2.1.5 (+http://wortschatz.uni-leipzig.de/findlinks/)"
72.14.199.69 - - [19/Mar/2012:00:57:08 +0100] "GET /?q=pl/node/feed HTTP/1.1" 200 604 "-" "Feedfetcher-Google; (+http://www.google.com/feedfetcher.html; 1 subscribers; feed-id=13092677621290790569)"
180.76.5.145 - - [19/Mar/2012:01:18:52 +0100] "GET / HTTP/1.1" 200 604 "-" "Mozilla/5.0 (compatible; Baiduspider/2.0; +http://www.baidu.com/search/spider.html)"
199.21.99.94 - - [19/Mar/2012:01:44:38 +0100] "GET /?C=D;O=A HTTP/1.1" 200 604 "-" "Mozilla/5.0 (compatible; YandexBot/3.0; +http://yandex.com/bots)"
89.167.63.135 - - [19/Mar/2012:01:51:44 +0100] "GET /news.php HTTP/1.1" 404 360 "http://samorzad.uw.edu.pl/o-samorzadzie/samorzady-jednostkowe.html" "Mozilla/5.0 (Windows NT 6.1; WOW64; rv:11.0) Gecko/20100101 Firefox/11.0"
89.167.63.135 - - [19/Mar/2012:01:51:44 +0100] "GET /favicon.ico HTTP/1.1" 404 363 "-" "Mozilla/5.0 (Windows NT 6.1; WOW64; rv:11.0) Gecko/20100101 Firefox/11.0"
66.249.71.2 - - [19/Mar/2012:02:11:48 +0100] "GET /news.php?readmore=35 HTTP/1.1" 404 360 "-" "Mozilla/5.0 (compatible; Googlebot/2.1; +http://www.google.com/bot.html)"
180.76.5.52 - - [19/Mar/2012:02:18:42 +0100] "GET /news.php?readmore=70&c_start=180 HTTP/1.1" 404 360 "-" "Mozilla/5.0 (compatible; Baiduspider/2.0; +http://www.baidu.com/search/spider.html)"
208.80.194.37 - - [19/Mar/2012:03:14:45 +0100] "GET / HTTP/1.0" 200 604 "-" "Mozilla/4.0 (compatible; MSIE 6.0; Windows NT 5.1; SV1; QS 4.2.1.0; .NET CLR 1.0.3705; .NET CLR 1.1.4322; Media Center PC 4.0)"
180.76.5.57 - - [19/Mar/2012:03:18:25 +0100] "GET / HTTP/1.1" 200 604 "-" "Mozilla/5.0 (compatible; Baiduspider/2.0; +http://www.baidu.com/search/spider.html)"
66.249.71.2 - - [19/Mar/2012:03:50:25 +0100] "GET /viewpage.php?page_id=27&c_start=60 HTTP/1.1" 404 364 "-" "Mozilla/5.0 (compatible; Googlebot/2.1; +http://www.google.com/bot.html)"
72.14.199.69 - - [19/Mar/2012:03:57:16 +0100] "GET /?q=pl/node/feed HTTP/1.1" 200 604 "-" "Feedfetcher-Google; (+http://www.google.com/feedfetcher.html; 1 subscribers; feed-id=13092677621290790569)"
218.66.250.106 - - [19/Mar/2012:04:01:37 +0100] "GET /register.php HTTP/1.0" 404 364 "http://samorzad.fuw.edu.pl/register.php" "Mozilla/4.0 (compatible; MSIE 6.0; Windows NT 5.1)"
218.66.250.106 - - [19/Mar/2012:04:01:38 +0100] "GET /login.php HTTP/1.0" 404 361 "http://samorzad.fuw.edu.pl/login.php" "Mozilla/4.0 (compatible; MSIE 6.0; Windows NT 5.1)"
218.66.250.106 - - [19/Mar/2012:04:01:39 +0100] "GET /setuser.php?error=3 HTTP/1.0" 404 363 "http://samorzad.fuw.edu.pl/setuser.php?error=3" "Mozilla/4.0 (compatible; MSIE 6.0; Windows NT 5.1)"
218.66.250.106 - - [19/Mar/2012:04:28:01 +0100] "GET /register.php HTTP/1.0" 404 364 "http://samorzad.fuw.edu.pl/register.php" "Mozilla/4.0 (compatible; MSIE 6.0; Windows NT 5.1; SV1; InfoPath.1)"
218.66.250.106 - - [19/Mar/2012:04:28:02 +0100] "GET /login.php HTTP/1.0" 404 361 "http://samorzad.fuw.edu.pl/login.php" "Mozilla/4.0 (compatible; MSIE 6.0; Windows NT 5.1; SV1; InfoPath.1)"
218.66.250.106 - - [19/Mar/2012:04:28:03 +0100] "GET /setuser.php?error=3 HTTP/1.0" 404 363 "http://samorzad.fuw.edu.pl/setuser.php?error=3" "Mozilla/4.0 (compatible; MSIE 6.0; Windows NT 5.1; SV1; InfoPath.1)"
69.171.242.247 - - [19/Mar/2012:04:52:08 +0100] "GET /download/obczajacz.pdf HTTP/1.1" 404 374 "-" "facebookexternalhit/1.1 (+http://www.facebook.com/externalhit_uatext.php)"
180.1.60.61 - - [19/Mar/2012:05:00:14 +0100] "GET /viewpage.php?page_id=26&ce4dstart=0 HTTP/1.1" 404 364 "-" "Mozilla/5.0 (compatible; MSIE 9.0; Windows NT 6.1; WOW64; Trident/5.0)"
180.1.60.61 - - [19/Mar/2012:05:04:14 +0100] "GET /viewpage.php?page_id=26&ce4dstart=0 HTTP/1.1" 404 364 "-" "Mozilla/5.0 (compatible; MSIE 9.0; Windows NT 6.1; WOW64; Trident/5.0)"
180.1.60.61 - - [19/Mar/2012:05:04:15 +0100] "GET /viewpage.php?page_id=26&ce4dstart=0 HTTP/1.1" 404 364 "-" "Mozilla/5.0 (compatible; MSIE 9.0; Windows NT 6.1; WOW64; Trident/5.0)"
180.76.5.156 - - [19/Mar/2012:05:18:21 +0100] "GET / HTTP/1.1" 200 604 "-" "Mozilla/5.0 (compatible; Baiduspider/2.0; +http://www.baidu.com/search/spider.html)"
208.115.111.74 - - [19/Mar/2012:06:23:31 +0100] "GET /robots.txt HTTP/1.1" 404 362 "-" "Mozilla/5.0 (compatible; Ezooms/1.0; ezooms.bot@gmail.com)"
208.80.194.30 - - [19/Mar/2012:06:24:36 +0100] "GET /news.php HTTP/1.0" 404 360 "-" "Mozilla/4.0 (compatible; MSIE 6.0; Windows NT 5.1; SV1; iebar; acc=username; .NET CLR 1.1.4322; MEGAUPLOAD 1.0)"
72.14.199.69 - - [19/Mar/2012:06:57:17 +0100] "GET /?q=pl/node/feed HTTP/1.1" 200 604 "-" "Feedfetcher-Google; (+http://www.google.com/feedfetcher.html; 1 subscribers; feed-id=13092677621290790569)"
88.131.106.22 - - [19/Mar/2012:07:09:31 +0100] "GET /robots.txt HTTP/1.0" 404 362 "-" "Mozilla/5.0 (Windows; U; Windows NT 5.1; en-US) Speedy Spider (http://www.entireweb.com/about/search_tech/speedy_spider/)"
88.131.106.22 - - [19/Mar/2012:07:09:34 +0100] "GET /profile.php?lookup=190 HTTP/1.0" 404 363 "-" "Mozilla/5.0 (Windows; U; Windows NT 5.1; en-US) Speedy Spider (http://www.entireweb.com/about/search_tech/speedy_spider/)"
180.76.5.103 - - [19/Mar/2012:07:19:14 +0100] "GET / HTTP/1.1" 200 604 "-" "Mozilla/5.0 (compatible; Baiduspider/2.0; +http://www.baidu.com/search/spider.html)"
208.115.111.74 - - [19/Mar/2012:07:34:25 +0100] "GET /news.php?rowstart=18 HTTP/1.1" 404 360 "-" "Mozilla/5.0 (compatible; Ezooms/1.0; ezooms.bot@gmail.com)"
108.62.24.52 - - [19/Mar/2012:07:34:35 +0100] "GET /viewpage.php?page_id=27 HTTP/1.1" 404 364 "-" "Mozilla/5.0 (Windows; U; Windows NT 5.1; de; rv:1.9.1.3) Gecko/20090824 Firefox/3.5.3 (.NET CLR 3.5.30729)"
66.249.71.2 - - [19/Mar/2012:08:47:15 +0100] "GET /robots.txt HTTP/1.1" 404 362 "-" "Mozilla/5.0 (compatible; Googlebot/2.1; +http://www.google.com/bot.html)"
66.249.71.2 - - [19/Mar/2012:08:47:15 +0100] "GET /viewpage.php?page_id=22 HTTP/1.1" 404 364 "-" "Mozilla/5.0 (compatible; Googlebot/2.1; +http://www.google.com/bot.html)"
46.4.148.156 - - [19/Mar/2012:08:48:22 +0100] "GET /robots.txt HTTP/1.0" 404 362 "-" "Mozilla/5.0 (compatible; MJ12bot/v1.4.2; http://www.majestic12.co.uk/bot.php?+)"
46.4.148.156 - - [19/Mar/2012:08:48:24 +0100] "GET / HTTP/1.0" 200 604 "-" "Mozilla/5.0 (compatible; MJ12bot/v1.4.2; http://www.majestic12.co.uk/bot.php?+)"
180.76.6.36 - - [19/Mar/2012:09:18:05 +0100] "GET / HTTP/1.1" 200 604 "-" "Mozilla/5.0 (compatible; Baiduspider/2.0; +http://www.baidu.com/search/spider.html)"
218.66.250.106 - - [19/Mar/2012:09:23:08 +0100] "GET /register.php HTTP/1.0" 404 364 "http://samorzad.fuw.edu.pl/register.php" "Mozilla/4.0 (compatible; MSIE 7.0b; Windows NT 6.0)"
218.66.250.106 - - [19/Mar/2012:09:23:28 +0100] "GET /login.php HTTP/1.0" 404 361 "http://samorzad.fuw.edu.pl/login.php" "Mozilla/4.0 (compatible; MSIE 7.0b; Windows NT 6.0)"
218.66.250.106 - - [19/Mar/2012:09:23:36 +0100] "GET /setuser.php?error=3 HTTP/1.0" 404 363 "http://samorzad.fuw.edu.pl/setuser.php?error=3" "Mozilla/4.0 (compatible; MSIE 7.0b; Windows NT 6.0)"
66.249.71.2 - - [19/Mar/2012:09:28:31 +0100] "GET /news.php?readmore=35&c_start=10 HTTP/1.1" 404 360 "-" "Mozilla/5.0 (compatible; Googlebot/2.1; +http://www.google.com/bot.html)"
218.66.250.106 - - [19/Mar/2012:09:40:41 +0100] "GET /register.php HTTP/1.0" 404 364 "http://samorzad.fuw.edu.pl/register.php" "Mozilla/4.0 (compatible; MSIE 6.0; Windows NT 5.1; SV1; .NET CLR 1.1.4322) Babya Discoverer  8.0:"
218.66.250.106 - - [19/Mar/2012:09:40:47 +0100] "GET /login.php HTTP/1.0" 404 361 "http://samorzad.fuw.edu.pl/login.php" "Mozilla/4.0 (compatible; MSIE 6.0; Windows NT 5.1; SV1; .NET CLR 1.1.4322) Babya Discoverer  8.0:"
218.66.250.106 - - [19/Mar/2012:09:40:52 +0100] "GET /setuser.php?error=3 HTTP/1.0" 404 363 "http://samorzad.fuw.edu.pl/setuser.php?error=3" "Mozilla/4.0 (compatible; MSIE 6.0; Windows NT 5.1; SV1; .NET CLR 1.1.4322) Babya Discoverer  8.0:"
72.14.199.69 - - [19/Mar/2012:09:57:27 +0100] "GET /?q=pl/node/feed HTTP/1.1" 200 604 "-" "Feedfetcher-Google; (+http://www.google.com/feedfetcher.html; 1 subscribers; feed-id=13092677621290790569)"
66.249.71.2 - - [19/Mar/2012:10:02:25 +0100] "GET /download/obczajacz.pdf HTTP/1.1" 404 374 "-" "Mozilla/5.0 (iPhone; U; CPU iPhone OS 4_1 like Mac OS X; en-us) AppleWebKit/532.9 (KHTML, like Gecko) Version/4.0.5 Mobile/8B117 Safari/6531.22.7 (compatible; Googlebot-Mobile/2.1; +http://www.google.com/bot.html)"
66.249.71.2 - - [19/Mar/2012:10:14:32 +0100] "GET /downloads.php HTTP/1.1" 404 365 "-" "Mozilla/5.0 (compatible; Googlebot/2.1; +http://www.google.com/bot.html)"
66.249.71.2 - - [19/Mar/2012:10:33:22 +0100] "GET /news.php?readmore=36 HTTP/1.1" 404 360 "-" "Mozilla/5.0 (compatible; Googlebot/2.1; +http://www.google.com/bot.html)"
218.6.15.112 - - [19/Mar/2012:10:35:55 +0100] "GET /news.php?readmore=70 HTTP/1.0" 404 360 "http://samorzad.fuw.edu.pl/news.php?readmore=70" "Mozilla/4.0 (compatible; MSIE 5.5; Windows 95; BCD2000)"
218.6.15.112 - - [19/Mar/2012:10:35:56 +0100] "GET / HTTP/1.0" 200 604 "http://samorzad.fuw.edu.pl/" "Mozilla/4.0 (compatible; MSIE 5.5; Windows 95; BCD2000)"
188.163.68.29 - - [19/Mar/2012:10:45:28 +0100] "GET /register.php HTTP/1.0" 404 364 "http://samorzad.fuw.edu.pl/register.php" "Mozilla/4.0 (compatible; MSIE 6.0; Windows NT 5.1; SV1; YPC 3.0.2; .NET CLR 1.1.4322; yplus 4.4.02b)"
188.163.68.29 - - [19/Mar/2012:10:45:28 +0100] "GET /login.php HTTP/1.0" 404 361 "http://samorzad.fuw.edu.pl/login.php" "Mozilla/4.0 (compatible; MSIE 6.0; Windows NT 5.1; SV1; YPC 3.0.2; .NET CLR 1.1.4322; yplus 4.4.02b)"
188.163.68.29 - - [19/Mar/2012:10:45:28 +0100] "GET /setuser.php?error=3 HTTP/1.0" 404 363 "http://samorzad.fuw.edu.pl/setuser.php?error=3" "Mozilla/4.0 (compatible; MSIE 6.0; Windows NT 5.1; SV1; YPC 3.0.2; .NET CLR 1.1.4322; yplus 4.4.02b)"
66.249.71.2 - - [19/Mar/2012:10:45:55 +0100] "GET /viewpage.php?page_id=9 HTTP/1.1" 404 364 "-" "Mozilla/5.0 (compatible; Googlebot/2.1; +http://www.google.com/bot.html)"
66.249.71.2 - - [19/Mar/2012:10:52:11 +0100] "GET /?q=pl/node/25 HTTP/1.1" 200 604 "-" "Mozilla/5.0 (compatible; Googlebot/2.1; +http://www.google.com/bot.html)"
66.249.71.2 - - [19/Mar/2012:11:04:44 +0100] "GET / HTTP/1.1" 200 604 "-" "Mozilla/5.0 (compatible; Googlebot/2.1; +http://www.google.com/bot.html)"
66.249.71.2 - - [19/Mar/2012:11:09:05 +0100] "GET / HTTP/1.1" 200 604 "-" "DoCoMo/2.0 N905i(c100;TB;W24H16) (compatible; Googlebot-Mobile/2.1; +http://www.google.com/bot.html)"
66.249.71.2 - - [19/Mar/2012:11:11:01 +0100] "GET /news.php?readmore=21 HTTP/1.1" 404 360 "-" "Mozilla/5.0 (compatible; Googlebot/2.1; +http://www.google.com/bot.html)"
66.249.71.2 - - [19/Mar/2012:11:17:17 +0100] "GET /news.php?readmore=22 HTTP/1.1" 404 360 "-" "Mozilla/5.0 (compatible; Googlebot/2.1; +http://www.google.com/bot.html)"
180.76.5.167 - - [19/Mar/2012:11:17:41 +0100] "GET / HTTP/1.1" 200 604 "-" "Mozilla/5.0 (compatible; Baiduspider/2.0; +http://www.baidu.com/search/spider.html)"
94.41.139.176 - - [19/Mar/2012:11:22:26 +0100] "GET /forum/index.php HTTP/1.0" 404 367 "http://samorzad.fuw.edu.pl/forum/index.php" "Opera/7.54 (Windows NT 5.1; U)  [pl]"
94.41.139.176 - - [19/Mar/2012:11:22:27 +0100] "GET / HTTP/1.0" 200 604 "http://samorzad.fuw.edu.pl/" "Opera/7.54 (Windows NT 5.1; U)  [pl]"
66.249.71.2 - - [19/Mar/2012:11:23:34 +0100] "GET /news.php?readmore=31 HTTP/1.1" 404 360 "-" "Mozilla/5.0 (compatible; Googlebot/2.1; +http://www.google.com/bot.html)"
66.249.71.2 - - [19/Mar/2012:11:29:50 +0100] "GET /news.php?readmore=26 HTTP/1.1" 404 360 "-" "Mozilla/5.0 (compatible; Googlebot/2.1; +http://www.google.com/bot.html)"
66.249.71.2 - - [19/Mar/2012:11:36:07 +0100] "GET /news.php?readmore=51 HTTP/1.1" 404 360 "-" "Mozilla/5.0 (compatible; Googlebot/2.1; +http://www.google.com/bot.html)"
66.249.71.2 - - [19/Mar/2012:11:42:23 +0100] "GET /news.php?readmore=32 HTTP/1.1" 404 360 "-" "Mozilla/5.0 (compatible; Googlebot/2.1; +http://www.google.com/bot.html)"
66.249.71.2 - - [19/Mar/2012:11:48:39 +0100] "GET /news.php?readmore=34 HTTP/1.1" 404 360 "-" "Mozilla/5.0 (compatible; Googlebot/2.1; +http://www.google.com/bot.html)"
66.249.71.2 - - [19/Mar/2012:11:54:56 +0100] "GET /news.php?readmore=38 HTTP/1.1" 404 360 "-" "Mozilla/5.0 (compatible; Googlebot/2.1; +http://www.google.com/bot.html)"
66.249.71.2 - - [19/Mar/2012:12:01:13 +0100] "GET /news.php?readmore=48 HTTP/1.1" 404 360 "-" "Mozilla/5.0 (compatible; Googlebot/2.1; +http://www.google.com/bot.html)"
66.249.71.2 - - [19/Mar/2012:12:07:29 +0100] "GET /news.php?readmore=49 HTTP/1.1" 404 360 "-" "Mozilla/5.0 (compatible; Googlebot/2.1; +http://www.google.com/bot.html)"
66.249.71.2 - - [19/Mar/2012:12:20:02 +0100] "GET /news.php?readmore=54 HTTP/1.1" 404 360 "-" "Mozilla/5.0 (compatible; Googlebot/2.1; +http://www.google.com/bot.html)"
66.249.71.2 - - [19/Mar/2012:12:26:19 +0100] "GET /news.php?readmore=55 HTTP/1.1" 404 360 "-" "Mozilla/5.0 (compatible; Googlebot/2.1; +http://www.google.com/bot.html)"
66.249.71.2 - - [19/Mar/2012:12:32:36 +0100] "GET /news.php?readmore=58 HTTP/1.1" 404 360 "-" "Mozilla/5.0 (compatible; Googlebot/2.1; +http://www.google.com/bot.html)"
66.249.71.2 - - [19/Mar/2012:12:38:52 +0100] "GET /news.php?readmore=59 HTTP/1.1" 404 360 "-" "Mozilla/5.0 (compatible; Googlebot/2.1; +http://www.google.com/bot.html)"
66.249.71.2 - - [19/Mar/2012:12:45:08 +0100] "GET /news.php?readmore=61 HTTP/1.1" 404 360 "-" "Mozilla/5.0 (compatible; Googlebot/2.1; +http://www.google.com/bot.html)"
66.249.71.2 - - [19/Mar/2012:12:51:25 +0100] "GET /news.php?readmore=65 HTTP/1.1" 404 360 "-" "Mozilla/5.0 (compatible; Googlebot/2.1; +http://www.google.com/bot.html)"
31.178.7.2 - - [19/Mar/2012:12:55:26 +0100] "GET /viewpage.php?page_id=26 HTTP/1.0" 404 364 "http://samorzad.fuw.edu.pl/viewpage.php?page_id=26" "Mozilla/4.0 (compatible; MSIE 6.0; Windows NT 5.1; .NET CLR 1.0.3705)"
31.178.7.2 - - [19/Mar/2012:12:55:26 +0100] "GET / HTTP/1.0" 200 604 "http://samorzad.fuw.edu.pl/" "Mozilla/4.0 (compatible; MSIE 6.0; Windows NT 5.1; .NET CLR 1.0.3705)"
46.17.100.99 - - [19/Mar/2012:12:56:25 +0100] "GET /news.php?readmore=70 HTTP/1.0" 404 360 "http://samorzad.fuw.edu.pl/news.php?readmore=70" "Mozilla/4.0 (compatible; MSIE 6.0; Windows NT 5.1; SV1)"
46.17.100.99 - - [19/Mar/2012:12:56:25 +0100] "GET / HTTP/1.0" 200 604 "http://samorzad.fuw.edu.pl/" "Mozilla/4.0 (compatible; MSIE 6.0; Windows NT 5.1; SV1)"
72.14.199.69 - - [19/Mar/2012:12:57:37 +0100] "GET /?q=pl/node/feed HTTP/1.1" 200 604 "-" "Feedfetcher-Google; (+http://www.google.com/feedfetcher.html; 1 subscribers; feed-id=13092677621290790569)"
66.249.71.2 - - [19/Mar/2012:12:57:42 +0100] "GET /news.php?readmore=68 HTTP/1.1" 404 360 "-" "Mozilla/5.0 (compatible; Googlebot/2.1; +http://www.google.com/bot.html)"
88.131.106.22 - - [19/Mar/2012:12:59:16 +0100] "GET /robots.txt HTTP/1.0" 404 362 "-" "Mozilla/5.0 (Windows; U; Windows NT 5.1; en-US) Speedy Spider (http://www.entireweb.com/about/search_tech/speedy_spider/)"
88.131.106.22 - - [19/Mar/2012:12:59:23 +0100] "GET /profile.php?lookup=198 HTTP/1.0" 404 363 "-" "Mozilla/5.0 (Windows; U; Windows NT 5.1; en-US) Speedy Spider (http://www.entireweb.com/about/search_tech/speedy_spider/)"
64.120.38.88 - - [19/Mar/2012:13:00:28 +0100] "GET /news.php?readmore=70 HTTP/1.0" 404 360 "http://coco.com" "Mozilla/5.0 (Windows; U; Windows NT 5.1; en-US; rv:1.9.0.14) Gecko/2009082707 Firefox/3.0.14 (.NET CLR 3.5.30729)"
66.249.71.2 - - [19/Mar/2012:13:03:57 +0100] "GET /news.php?readmore=69&c_start=40 HTTP/1.1" 404 360 "-" "Mozilla/5.0 (compatible; Googlebot/2.1; +http://www.google.com/bot.html)"
66.249.71.2 - - [19/Mar/2012:13:10:16 +0100] "GET /news.php?readmore=70&c_start=190 HTTP/1.1" 404 360 "-" "Mozilla/5.0 (compatible; Googlebot/2.1; +http://www.google.com/bot.html)"
