66.249.66.213 - - [25/Mar/2012:07:19:50 +0200] "GET / HTTP/1.1" 200 604 "-" "Mozilla/5.0 (iPhone; U; CPU iPhone OS 4_1 like Mac OS X; en-us) AppleWebKit/532.9 (KHTML, like Gecko) Version/4.0.5 Mobile/8B117 Safari/6531.22.7 (compatible; Googlebot-Mobile/2.1; +http://www.google.com/bot.html)"
66.249.66.213 - - [25/Mar/2012:07:31:27 +0200] "GET /profile.php?lookup=4 HTTP/1.1" 404 363 "-" "Mozilla/5.0 (compatible; Googlebot/2.1; +http://www.google.com/bot.html)"
180.76.5.185 - - [25/Mar/2012:08:19:06 +0200] "GET / HTTP/1.1" 200 604 "-" "Mozilla/5.0 (compatible; Baiduspider/2.0; +http://www.baidu.com/search/spider.html)"
72.14.199.241 - - [25/Mar/2012:08:21:58 +0200] "GET /?q=pl/node/feed HTTP/1.1" 200 604 "-" "Feedfetcher-Google; (+http://www.google.com/feedfetcher.html; 1 subscribers; feed-id=13092677621290790569)"
66.249.66.213 - - [25/Mar/2012:08:31:53 +0200] "GET /news.php?readmore=35 HTTP/1.1" 404 360 "-" "Mozilla/5.0 (compatible; Googlebot/2.1; +http://www.google.com/bot.html)"
66.249.72.174 - - [25/Mar/2012:08:40:35 +0200] "GET /profile.php?lookup=139 HTTP/1.1" 404 363 "-" "Mozilla/5.0 (compatible; Googlebot/2.1; +http://www.google.com/bot.html)"
66.249.66.213 - - [25/Mar/2012:09:23:48 +0200] "GET /viewpage.php?page_id=19&c_start=170 HTTP/1.1" 404 364 "-" "Mozilla/5.0 (compatible; Googlebot/2.1; +http://www.google.com/bot.html)"
66.249.66.213 - - [25/Mar/2012:09:32:26 +0200] "GET /viewpage.php?page_id=19&c_start=180 HTTP/1.1" 404 364 "-" "Mozilla/5.0 (compatible; Googlebot/2.1; +http://www.google.com/bot.html)"
66.249.66.213 - - [25/Mar/2012:09:41:01 +0200] "GET /viewpage.php?page_id=19&c_start=190 HTTP/1.1" 404 364 "-" "Mozilla/5.0 (compatible; Googlebot/2.1; +http://www.google.com/bot.html)"
66.249.66.213 - - [25/Mar/2012:10:07:00 +0200] "GET /viewpage.php?page_id=19&c_start=20 HTTP/1.1" 404 364 "-" "Mozilla/5.0 (compatible; Googlebot/2.1; +http://www.google.com/bot.html)"
66.249.66.213 - - [25/Mar/2012:10:15:38 +0200] "GET /viewpage.php?page_id=19&c_start=30 HTTP/1.1" 404 364 "-" "Mozilla/5.0 (compatible; Googlebot/2.1; +http://www.google.com/bot.html)"
180.76.5.160 - - [25/Mar/2012:10:18:37 +0200] "GET / HTTP/1.1" 200 604 "-" "Mozilla/5.0 (compatible; Baiduspider/2.0; +http://www.baidu.com/search/spider.html)"
66.249.66.213 - - [25/Mar/2012:10:24:13 +0200] "GET /viewpage.php?page_id=19&c_start=40 HTTP/1.1" 404 364 "-" "Mozilla/5.0 (compatible; Googlebot/2.1; +http://www.google.com/bot.html)"
66.249.66.213 - - [25/Mar/2012:10:32:55 +0200] "GET /viewpage.php?page_id=19&c_start=50 HTTP/1.1" 404 364 "-" "Mozilla/5.0 (compatible; Googlebot/2.1; +http://www.google.com/bot.html)"
66.249.72.174 - - [25/Mar/2012:10:41:32 +0200] "GET /viewpage.php?page_id=19&c_start=70 HTTP/1.1" 404 364 "-" "Mozilla/5.0 (compatible; Googlebot/2.1; +http://www.google.com/bot.html)"
66.249.72.174 - - [25/Mar/2012:10:50:12 +0200] "GET /viewpage.php?page_id=19&c_start=90 HTTP/1.1" 404 364 "-" "Mozilla/5.0 (compatible; Googlebot/2.1; +http://www.google.com/bot.html)"
178.235.9.60 - - [25/Mar/2012:10:56:26 +0200] "GET / HTTP/1.1" 200 604 "http://www.google.pl/url?sa=t&rct=j&q=&esrc=s&source=web&cd=5&ved=0CFMQFjAE&url=http%3A%2F%2Fsamorzad.fuw.edu.pl%2F&ei=pt1uT7moN6jV4QTkzLHAAg&usg=AFQjCNFcDajU9eB3XqQ4TofN68BTtaDevg&sig2=SxqISiLH5AFsUmrrdeo36A" "Mozilla/5.0 (Windows NT 6.1; WOW64) AppleWebKit/535.11 (KHTML, like Gecko) Chrome/17.0.963.79 Safari/535.11"
178.235.9.60 - - [25/Mar/2012:10:56:27 +0200] "GET /icons/blank.gif HTTP/1.1" 200 148 "http://samorzad.fuw.edu.pl/" "Mozilla/5.0 (Windows NT 6.1; WOW64) AppleWebKit/535.11 (KHTML, like Gecko) Chrome/17.0.963.79 Safari/535.11"
178.235.9.60 - - [25/Mar/2012:10:56:27 +0200] "GET /favicon.ico HTTP/1.1" 404 363 "-" "Mozilla/5.0 (Windows NT 6.1; WOW64) AppleWebKit/535.11 (KHTML, like Gecko) Chrome/17.0.963.79 Safari/535.11"
66.249.66.213 - - [25/Mar/2012:10:58:51 +0200] "GET /viewpage.php?page_id=20&c_start=10 HTTP/1.1" 404 364 "-" "Mozilla/5.0 (compatible; Googlebot/2.1; +http://www.google.com/bot.html)"
66.249.66.213 - - [25/Mar/2012:11:07:27 +0200] "GET /viewpage.php?page_id=20&c_start=20 HTTP/1.1" 404 364 "-" "Mozilla/5.0 (compatible; Googlebot/2.1; +http://www.google.com/bot.html)"
66.249.72.174 - - [25/Mar/2012:11:16:08 +0200] "GET /viewpage.php?page_id=20&c_start=40 HTTP/1.1" 404 364 "-" "Mozilla/5.0 (compatible; Googlebot/2.1; +http://www.google.com/bot.html)"
72.14.199.241 - - [25/Mar/2012:11:22:08 +0200] "GET /?q=pl/node/feed HTTP/1.1" 200 604 "-" "Feedfetcher-Google; (+http://www.google.com/feedfetcher.html; 1 subscribers; feed-id=13092677621290790569)"
66.249.66.213 - - [25/Mar/2012:11:24:42 +0200] "GET /viewpage.php?page_id=20&c_start=50 HTTP/1.1" 404 364 "-" "Mozilla/5.0 (compatible; Googlebot/2.1; +http://www.google.com/bot.html)"
87.250.252.241 - - [25/Mar/2012:11:32:49 +0200] "GET /robots.txt HTTP/1.1" 404 362 "-" "Mozilla/5.0 (compatible; YandexBot/3.0; +http://yandex.com/bots)"
66.249.72.174 - - [25/Mar/2012:11:33:25 +0200] "GET /viewpage.php?page_id=20&c_start=60 HTTP/1.1" 404 364 "-" "Mozilla/5.0 (compatible; Googlebot/2.1; +http://www.google.com/bot.html)"
66.249.72.174 - - [25/Mar/2012:11:41:59 +0200] "GET /viewpage.php?page_id=20&c_start=70 HTTP/1.1" 404 364 "-" "Mozilla/5.0 (compatible; Googlebot/2.1; +http://www.google.com/bot.html)"
66.249.72.174 - - [25/Mar/2012:11:50:42 +0200] "GET /viewpage.php?page_id=20&c_start=80 HTTP/1.1" 404 364 "-" "Mozilla/5.0 (compatible; Googlebot/2.1; +http://www.google.com/bot.html)"
66.249.66.213 - - [25/Mar/2012:11:59:20 +0200] "GET /viewpage.php?page_id=20&c_start=90 HTTP/1.1" 404 364 "-" "Mozilla/5.0 (compatible; Googlebot/2.1; +http://www.google.com/bot.html)"
66.249.66.213 - - [25/Mar/2012:12:07:59 +0200] "GET /viewpage.php?page_id=21&c_start=100 HTTP/1.1" 404 364 "-" "Mozilla/5.0 (compatible; Googlebot/2.1; +http://www.google.com/bot.html)"
207.46.192.64 - - [25/Mar/2012:12:14:08 +0200] "GET /robots.txt HTTP/1.1" 404 362 "-" "msnbot/2.0b (+http://search.msn.com/msnbot.htm)._"
207.46.192.64 - - [25/Mar/2012:12:14:08 +0200] "GET / HTTP/1.1" 200 604 "-" "msnbot/2.0b (+http://search.msn.com/msnbot.htm)._"
66.249.66.213 - - [25/Mar/2012:12:16:35 +0200] "GET /viewpage.php?page_id=21&c_start=10 HTTP/1.1" 404 364 "-" "Mozilla/5.0 (compatible; Googlebot/2.1; +http://www.google.com/bot.html)"
180.76.5.150 - - [25/Mar/2012:12:21:06 +0200] "GET / HTTP/1.1" 200 604 "-" "Mozilla/5.0 (compatible; Baiduspider/2.0; +http://www.baidu.com/search/spider.html)"
66.249.66.213 - - [25/Mar/2012:12:25:16 +0200] "GET /viewpage.php?page_id=21&c_start=40 HTTP/1.1" 404 364 "-" "Mozilla/5.0 (compatible; Googlebot/2.1; +http://www.google.com/bot.html)"
66.249.66.213 - - [25/Mar/2012:12:33:50 +0200] "GET /viewpage.php?page_id=21&c_start=30 HTTP/1.1" 404 364 "-" "Mozilla/5.0 (compatible; Googlebot/2.1; +http://www.google.com/bot.html)"
91.217.178.236 - - [25/Mar/2012:12:35:06 +0200] "GET /news.php?readmore=70 HTTP/1.0" 404 360 "http://samorzad.fuw.edu.pl/news.php?readmore=70" "Mozilla/4.0 (compatible; MSIE 6.0; America Online Browser 1.1; rev1.2; Windows NT 5.1; SV1; .NET CLR 1.1.4322)"
91.217.178.236 - - [25/Mar/2012:12:35:10 +0200] "GET / HTTP/1.0" 200 604 "http://samorzad.fuw.edu.pl/" "Mozilla/4.0 (compatible; MSIE 6.0; America Online Browser 1.1; rev1.2; Windows NT 5.1; SV1; .NET CLR 1.1.4322)"
66.249.72.174 - - [25/Mar/2012:12:42:33 +0200] "GET /viewpage.php?page_id=22&c_start=10 HTTP/1.1" 404 364 "-" "Mozilla/5.0 (compatible; Googlebot/2.1; +http://www.google.com/bot.html)"
66.249.66.213 - - [25/Mar/2012:12:51:06 +0200] "GET /viewpage.php?page_id=21&c_start=90 HTTP/1.1" 404 364 "-" "Mozilla/5.0 (compatible; Googlebot/2.1; +http://www.google.com/bot.html)"
66.249.72.174 - - [25/Mar/2012:12:59:50 +0200] "GET /viewpage.php?page_id=21&c_start=50 HTTP/1.1" 404 364 "-" "Mozilla/5.0 (compatible; Googlebot/2.1; +http://www.google.com/bot.html)"
76.72.167.163 - - [25/Mar/2012:13:03:28 +0200] "GET /robots.txt HTTP/1.0" 404 362 "-" "Mozilla/5.0 (compatible; MJ12bot/v1.4.2; http://www.majestic12.co.uk/bot.php?+)"
76.72.167.163 - - [25/Mar/2012:13:03:30 +0200] "GET / HTTP/1.0" 200 604 "-" "Mozilla/5.0 (compatible; MJ12bot/v1.4.2; http://www.majestic12.co.uk/bot.php?+)"
66.249.66.213 - - [25/Mar/2012:13:08:29 +0200] "GET /viewpage.php?page_id=22&c_start=20 HTTP/1.1" 404 364 "-" "Mozilla/5.0 (compatible; Googlebot/2.1; +http://www.google.com/bot.html)"
66.249.72.174 - - [25/Mar/2012:13:17:02 +0200] "GET /viewpage.php?page_id=22&c_start=30 HTTP/1.1" 404 364 "-" "Mozilla/5.0 (compatible; Googlebot/2.1; +http://www.google.com/bot.html)"
208.115.113.90 - - [25/Mar/2012:13:25:43 +0200] "GET /robots.txt HTTP/1.1" 404 362 "-" "Mozilla/5.0 (compatible; Ezooms/1.0; ezooms.bot@gmail.com)"
66.249.66.213 - - [25/Mar/2012:13:25:46 +0200] "GET /viewpage.php?page_id=22&c_start=60 HTTP/1.1" 404 364 "-" "Mozilla/5.0 (compatible; Googlebot/2.1; +http://www.google.com/bot.html)"
66.249.66.213 - - [25/Mar/2012:13:34:24 +0200] "GET /viewpage.php?page_id=23&c_start=50 HTTP/1.1" 404 364 "-" "Mozilla/5.0 (compatible; Googlebot/2.1; +http://www.google.com/bot.html)"
66.249.66.213 - - [25/Mar/2012:13:42:59 +0200] "GET /viewpage.php?page_id=23&c_start=80 HTTP/1.1" 404 364 "-" "Mozilla/5.0 (compatible; Googlebot/2.1; +http://www.google.com/bot.html)"
66.249.66.213 - - [25/Mar/2012:13:51:42 +0200] "GET /viewpage.php?page_id=23&c_start=40 HTTP/1.1" 404 364 "-" "Mozilla/5.0 (compatible; Googlebot/2.1; +http://www.google.com/bot.html)"
66.249.66.213 - - [25/Mar/2012:14:00:15 +0200] "GET /viewpage.php?page_id=23&c_start=30 HTTP/1.1" 404 364 "-" "Mozilla/5.0 (compatible; Googlebot/2.1; +http://www.google.com/bot.html)"
212.87.13.66 - - [25/Mar/2012:14:05:48 +0200] "GET /news.php HTTP/1.1" 404 360 "-" "Mozilla/5.0 (Windows NT 6.1; WOW64) AppleWebKit/535.11 (KHTML, like Gecko) Chrome/17.0.963.83 Safari/535.11"
212.87.13.66 - - [25/Mar/2012:14:05:48 +0200] "GET /favicon.ico HTTP/1.1" 404 363 "-" "Mozilla/5.0 (Windows NT 6.1; WOW64) AppleWebKit/535.11 (KHTML, like Gecko) Chrome/17.0.963.83 Safari/535.11"
66.249.66.213 - - [25/Mar/2012:14:08:59 +0200] "GET /viewpage.php?page_id=22&c_start=70 HTTP/1.1" 404 364 "-" "Mozilla/5.0 (compatible; Googlebot/2.1; +http://www.google.com/bot.html)"
66.249.72.174 - - [25/Mar/2012:14:17:31 +0200] "GET /viewpage.php?page_id=23&c_start=20 HTTP/1.1" 404 364 "-" "Mozilla/5.0 (compatible; Googlebot/2.1; +http://www.google.com/bot.html)"
180.76.5.178 - - [25/Mar/2012:14:19:06 +0200] "GET / HTTP/1.1" 200 604 "-" "Mozilla/5.0 (compatible; Baiduspider/2.0; +http://www.baidu.com/search/spider.html)"
72.14.199.241 - - [25/Mar/2012:14:22:09 +0200] "GET /?q=pl/node/feed HTTP/1.1" 200 604 "-" "Feedfetcher-Google; (+http://www.google.com/feedfetcher.html; 1 subscribers; feed-id=13092677621290790569)"
208.115.113.90 - - [25/Mar/2012:14:22:44 +0200] "GET /viewpage.php?page_id=27&c_start=20 HTTP/1.1" 404 364 "-" "Mozilla/5.0 (compatible; Ezooms/1.0; ezooms.bot@gmail.com)"
193.105.210.86 - - [25/Mar/2012:14:24:33 +0200] "GET /register.php HTTP/1.0" 404 364 "http://samorzad.fuw.edu.pl/register.php" "Opera/8.00 (Windows NT 5.1; U; en)"
193.105.210.86 - - [25/Mar/2012:14:24:33 +0200] "GET /login.php HTTP/1.0" 404 361 "http://samorzad.fuw.edu.pl/login.php" "Opera/8.00 (Windows NT 5.1; U; en)"
193.105.210.86 - - [25/Mar/2012:14:24:33 +0200] "GET /setuser.php?error=3 HTTP/1.0" 404 363 "http://samorzad.fuw.edu.pl/setuser.php?error=3" "Opera/8.00 (Windows NT 5.1; U; en)"
66.249.72.174 - - [25/Mar/2012:14:26:16 +0200] "GET /viewpage.php?page_id=23&c_start=90 HTTP/1.1" 404 364 "-" "Mozilla/5.0 (compatible; Googlebot/2.1; +http://www.google.com/bot.html)"
66.249.66.213 - - [25/Mar/2012:14:34:55 +0200] "GET /viewpage.php?page_id=24&c_start=20 HTTP/1.1" 404 364 "-" "Mozilla/5.0 (compatible; Googlebot/2.1; +http://www.google.com/bot.html)"
66.249.66.213 - - [25/Mar/2012:14:43:27 +0200] "GET /viewpage.php?page_id=24&c_start=40 HTTP/1.1" 404 364 "-" "Mozilla/5.0 (compatible; Googlebot/2.1; +http://www.google.com/bot.html)"
66.249.66.213 - - [25/Mar/2012:14:52:12 +0200] "GET /viewpage.php?page_id=24&c_start=50 HTTP/1.1" 404 364 "-" "Mozilla/5.0 (compatible; Googlebot/2.1; +http://www.google.com/bot.html)"
91.207.4.62 - - [25/Mar/2012:14:52:59 +0200] "GET /viewpage.php?page_id=19&c_start=10 HTTP/1.0" 404 364 "http://samorzad.fuw.edu.pl/viewpage.php?page_id=19&c_start=10" "Mozilla/4.0 (compatible; MSIE 6.0; MSIE 5.5; Windows NT 5.0) Opera 7.02 Bork-edition [en]"
212.77.105.188 - - [25/Mar/2012:14:54:17 +0200] "GET / HTTP/1.0" 200 604 "http://www.google.pl" "Mozilla/5.0 (X11; U; Linux i686; pl; rv:1.8.1.20) Gecko/20081217 Firefox/2.0.0.20"
66.249.66.213 - - [25/Mar/2012:15:00:44 +0200] "GET /viewpage.php?page_id=24&c_start=70 HTTP/1.1" 404 364 "-" "Mozilla/5.0 (compatible; Googlebot/2.1; +http://www.google.com/bot.html)"
66.249.72.174 - - [25/Mar/2012:15:09:30 +0200] "GET /viewpage.php?page_id=25&c_start=100 HTTP/1.1" 404 364 "-" "Mozilla/5.0 (compatible; Googlebot/2.1; +http://www.google.com/bot.html)"
66.249.66.213 - - [25/Mar/2012:15:18:08 +0200] "GET /viewpage.php?page_id=25&c_start=120 HTTP/1.1" 404 364 "-" "Mozilla/5.0 (compatible; Googlebot/2.1; +http://www.google.com/bot.html)"
89.76.159.234 - - [25/Mar/2012:15:18:08 +0200] "GET /news.php HTTP/1.1" 404 360 "http://www.facebook.com/l.php?u=http%3A%2F%2Fsamorzad.fuw.edu.pl%2Fnews.php&h=fAQFsaT0a" "Mozilla/5.0 (Windows NT 6.1) AppleWebKit/535.11 (KHTML, like Gecko) Chrome/17.0.963.79 Safari/535.11"
89.76.159.234 - - [25/Mar/2012:15:18:08 +0200] "GET /favicon.ico HTTP/1.1" 404 363 "-" "Mozilla/5.0 (Windows NT 6.1) AppleWebKit/535.11 (KHTML, like Gecko) Chrome/17.0.963.79 Safari/535.11"
66.249.72.174 - - [25/Mar/2012:15:26:44 +0200] "GET /viewpage.php?page_id=25&c_start=10 HTTP/1.1" 404 364 "-" "Mozilla/5.0 (compatible; Googlebot/2.1; +http://www.google.com/bot.html)"
66.249.66.213 - - [25/Mar/2012:15:35:26 +0200] "GET /viewpage.php?page_id=25&c_start=30 HTTP/1.1" 404 364 "-" "Mozilla/5.0 (compatible; Googlebot/2.1; +http://www.google.com/bot.html)"
66.249.66.213 - - [25/Mar/2012:15:43:57 +0200] "GET /viewpage.php?page_id=25&c_start=140 HTTP/1.1" 404 364 "-" "Mozilla/5.0 (compatible; Googlebot/2.1; +http://www.google.com/bot.html)"
66.249.66.213 - - [25/Mar/2012:15:52:43 +0200] "GET /viewpage.php?page_id=25&c_start=40 HTTP/1.1" 404 364 "-" "Mozilla/5.0 (compatible; Googlebot/2.1; +http://www.google.com/bot.html)"
66.249.66.213 - - [25/Mar/2012:16:01:12 +0200] "GET /viewpage.php?page_id=25&c_start=60 HTTP/1.1" 404 364 "-" "Mozilla/5.0 (compatible; Googlebot/2.1; +http://www.google.com/bot.html)"
66.249.66.213 - - [25/Mar/2012:16:10:02 +0200] "GET /viewpage.php?page_id=25&c_start=50 HTTP/1.1" 404 364 "-" "Mozilla/5.0 (compatible; Googlebot/2.1; +http://www.google.com/bot.html)"
180.76.6.233 - - [25/Mar/2012:16:18:13 +0200] "GET / HTTP/1.1" 200 604 "-" "Mozilla/5.0 (compatible; Baiduspider/2.0; +http://www.baidu.com/search/spider.html)"
66.249.66.213 - - [25/Mar/2012:16:18:34 +0200] "GET /viewpage.php?page_id=25&c_start=90 HTTP/1.1" 404 364 "-" "Mozilla/5.0 (compatible; Googlebot/2.1; +http://www.google.com/bot.html)"
66.249.66.213 - - [25/Mar/2012:16:27:19 +0200] "GET /viewpage.php?page_id=26&c_start=10 HTTP/1.1" 404 364 "-" "Mozilla/5.0 (compatible; Googlebot/2.1; +http://www.google.com/bot.html)"
46.0.209.252 - - [25/Mar/2012:16:33:57 +0200] "GET /register.php HTTP/1.0" 404 364 "http://samorzad.fuw.edu.pl/register.php" "Mozilla/4.0 (compatible; MSIE 5.0; Windows 95) Opera 6.01  [en]"
46.0.209.252 - - [25/Mar/2012:16:33:57 +0200] "GET /login.php HTTP/1.0" 404 361 "http://samorzad.fuw.edu.pl/login.php" "Mozilla/4.0 (compatible; MSIE 5.0; Windows 95) Opera 6.01  [en]"
46.0.209.252 - - [25/Mar/2012:16:33:57 +0200] "GET /setuser.php?error=3 HTTP/1.0" 404 363 "http://samorzad.fuw.edu.pl/setuser.php?error=3" "Mozilla/4.0 (compatible; MSIE 5.0; Windows 95) Opera 6.01  [en]"
66.249.66.213 - - [25/Mar/2012:16:35:53 +0200] "GET /viewpage.php?page_id=26&c_start=20 HTTP/1.1" 404 364 "-" "Mozilla/5.0 (compatible; Googlebot/2.1; +http://www.google.com/bot.html)"
66.249.66.213 - - [25/Mar/2012:16:44:23 +0200] "GET /viewpage.php?page_id=26&c_start=30 HTTP/1.1" 404 364 "-" "Mozilla/5.0 (compatible; Googlebot/2.1; +http://www.google.com/bot.html)"
66.249.72.174 - - [25/Mar/2012:16:53:18 +0200] "GET /viewpage.php?page_id=26 HTTP/1.1" 404 364 "-" "Mozilla/5.0 (compatible; Googlebot/2.1; +http://www.google.com/bot.html)"
66.249.66.213 - - [25/Mar/2012:16:55:24 +0200] "GET /news.php?rowstart=9 HTTP/1.1" 404 360 "-" "Mozilla/5.0 (iPhone; U; CPU iPhone OS 4_1 like Mac OS X; en-us) AppleWebKit/532.9 (KHTML, like Gecko) Version/4.0.5 Mobile/8B117 Safari/6531.22.7 (compatible; Googlebot-Mobile/2.1; +http://www.google.com/bot.html)"
66.249.66.213 - - [25/Mar/2012:17:01:56 +0200] "GET /viewpage.php?page_id=26&c_start=40 HTTP/1.1" 404 364 "-" "Mozilla/5.0 (compatible; Googlebot/2.1; +http://www.google.com/bot.html)"
220.181.125.43 - - [25/Mar/2012:17:07:02 +0200] "GET /includes/securimage/securimage_play.php HTTP/1.1" 404 391 "-" "Sogou web spider/4.0(+http://www.sogou.com/docs/help/webmasters.htm#07)"
66.249.72.174 - - [25/Mar/2012:17:10:35 +0200] "GET /viewpage.php?page_id=27&c_start=100 HTTP/1.1" 404 364 "-" "Mozilla/5.0 (compatible; Googlebot/2.1; +http://www.google.com/bot.html)"
66.249.66.213 - - [25/Mar/2012:17:19:00 +0200] "GET /viewpage.php?page_id=27&c_start=10 HTTP/1.1" 404 364 "-" "Mozilla/5.0 (compatible; Googlebot/2.1; +http://www.google.com/bot.html)"
72.14.199.241 - - [25/Mar/2012:17:22:09 +0200] "GET /?q=pl/node/feed HTTP/1.1" 200 604 "-" "Feedfetcher-Google; (+http://www.google.com/feedfetcher.html; 1 subscribers; feed-id=13092677621290790569)"
66.249.66.213 - - [25/Mar/2012:17:27:57 +0200] "GET /viewpage.php?page_id=27&c_start=150 HTTP/1.1" 404 364 "-" "Mozilla/5.0 (compatible; Googlebot/2.1; +http://www.google.com/bot.html)"
139.18.2.209 - - [25/Mar/2012:17:34:13 +0200] "GET /?C=D;O=A HTTP/1.1" 200 604 "-" "findlinks/2.0.1 (+http://wortschatz.uni-leipzig.de/findlinks/)"
66.249.66.213 - - [25/Mar/2012:17:36:22 +0200] "GET /viewpage.php?page_id=27&c_start=30 HTTP/1.1" 404 364 "-" "Mozilla/5.0 (compatible; Googlebot/2.1; +http://www.google.com/bot.html)"
66.249.66.213 - - [25/Mar/2012:17:45:20 +0200] "GET /viewpage.php?page_id=27&c_start=160 HTTP/1.1" 404 364 "-" "Mozilla/5.0 (compatible; Googlebot/2.1; +http://www.google.com/bot.html)"
66.249.66.213 - - [25/Mar/2012:17:57:57 +0200] "GET /viewpage.php?page_id=27&c_start=50 HTTP/1.1" 404 364 "-" "Mozilla/5.0 (compatible; Googlebot/2.1; +http://www.google.com/bot.html)"
66.249.66.213 - - [25/Mar/2012:18:14:56 +0200] "GET /viewpage.php?page_id=27&c_start=80 HTTP/1.1" 404 364 "-" "Mozilla/5.0 (compatible; Googlebot/2.1; +http://www.google.com/bot.html)"
77.20.4.67 - - [25/Mar/2012:18:16:09 +0200] "GET / HTTP/1.1" 200 604 "-" "findlinks/2.0.2 (+http://wortschatz.uni-leipzig.de/findlinks/)"
180.76.6.20 - - [25/Mar/2012:18:18:51 +0200] "GET / HTTP/1.1" 200 604 "-" "Mozilla/5.0 (compatible; Baiduspider/2.0; +http://www.baidu.com/search/spider.html)"
66.249.66.213 - - [25/Mar/2012:18:19:44 +0200] "GET /print.php?type=N&item_id=27 HTTP/1.1" 404 361 "-" "Mozilla/5.0 (compatible; Googlebot/2.1; +http://www.google.com/bot.html)"
66.249.66.213 - - [25/Mar/2012:18:25:14 +0200] "GET /print.php?type=N&item_id=52 HTTP/1.1" 404 361 "-" "Mozilla/5.0 (compatible; Googlebot/2.1; +http://www.google.com/bot.html)"
91.217.178.223 - - [25/Mar/2012:19:40:26 +0200] "GET /news.php?readmore=70 HTTP/1.0" 404 360 "http://samorzad.fuw.edu.pl/news.php?readmore=70" "Mozilla/4.0 (compatible; MSIE 6.0; Windows NT 5.1; Deepnet Explorer 1.5.0; .NET CLR 1.0.3705)"
91.217.178.223 - - [25/Mar/2012:19:40:30 +0200] "GET / HTTP/1.0" 200 604 "http://samorzad.fuw.edu.pl/" "Mozilla/4.0 (compatible; MSIE 6.0; Windows NT 5.1; Deepnet Explorer 1.5.0; .NET CLR 1.0.3705)"
180.76.5.146 - - [25/Mar/2012:20:18:50 +0200] "GET / HTTP/1.1" 200 604 "-" "Mozilla/5.0 (compatible; Baiduspider/2.0; +http://www.baidu.com/search/spider.html)"
72.14.199.241 - - [25/Mar/2012:20:22:09 +0200] "GET /?q=pl/node/feed HTTP/1.1" 200 604 "-" "Feedfetcher-Google; (+http://www.google.com/feedfetcher.html; 1 subscribers; feed-id=13092677621290790569)"
77.108.122.245 - - [25/Mar/2012:20:49:21 +0200] "GET /news.php?readmore=70 HTTP/1.0" 404 360 "http://samorzad.fuw.edu.pl/news.php?readmore=70" "Mozilla/4.0 (compatible; MSIE 6.0; Windows NT 5.1) Opera 7.54 [en]"
77.108.122.245 - - [25/Mar/2012:20:49:21 +0200] "GET / HTTP/1.0" 200 604 "http://samorzad.fuw.edu.pl/" "Mozilla/4.0 (compatible; MSIE 6.0; Windows NT 5.1) Opera 7.54 [en]"
109.230.220.244 - - [25/Mar/2012:21:06:23 +0200] "GET /viewpage.php?page_id=20 HTTP/1.0" 404 364 "http://samorzad.fuw.edu.pl/viewpage.php?page_id=20" "Opera/9.00 (Windows NT 5.1; U; en)"
109.230.220.244 - - [25/Mar/2012:21:06:23 +0200] "GET / HTTP/1.0" 200 604 "http://samorzad.fuw.edu.pl/" "Opera/9.00 (Windows NT 5.1; U; en)"
66.249.66.213 - - [25/Mar/2012:21:44:36 +0200] "GET /robots.txt HTTP/1.1" 404 362 "-" "Mozilla/5.0 (compatible; Googlebot/2.1; +http://www.google.com/bot.html)"
66.249.72.174 - - [25/Mar/2012:21:44:36 +0200] "GET /weblinks.php?cat_id=5&weblink_id=3 HTTP/1.1" 404 364 "-" "Mozilla/5.0 (iPhone; U; CPU iPhone OS 4_1 like Mac OS X; en-us) AppleWebKit/532.9 (KHTML, like Gecko) Version/4.0.5 Mobile/8B117 Safari/6531.22.7 (compatible; Googlebot-Mobile/2.1; +http://www.google.com/bot.html)"
180.76.5.55 - - [25/Mar/2012:22:18:45 +0200] "GET / HTTP/1.1" 200 604 "-" "Mozilla/5.0 (compatible; Baiduspider/2.0; +http://www.baidu.com/search/spider.html)"
218.6.15.112 - - [25/Mar/2012:22:39:43 +0200] "GET /news.php?readmore=70 HTTP/1.0" 404 360 "http://samorzad.fuw.edu.pl/news.php?readmore=70" "Mozilla/4.0 (compatible; MSIE 6.0; Windows XP)"
218.6.15.112 - - [25/Mar/2012:22:39:44 +0200] "GET / HTTP/1.0" 200 604 "http://samorzad.fuw.edu.pl/" "Mozilla/4.0 (compatible; MSIE 6.0; Windows XP)"
220.181.125.43 - - [25/Mar/2012:22:54:49 +0200] "GET /viewpage.php?page_id=6 HTTP/1.1" 404 364 "-" "Sogou web spider/4.0(+http://www.sogou.com/docs/help/webmasters.htm#07)"
83.31.229.120 - - [25/Mar/2012:23:06:09 +0200] "GET /news.php HTTP/1.1" 404 360 "http://www.geo.samorzad.uw.edu.pl/" "Mozilla/5.0 (Windows NT 6.1; WOW64; rv:11.0) Gecko/20100101 Firefox/11.0"
83.31.229.120 - - [25/Mar/2012:23:06:09 +0200] "GET /favicon.ico HTTP/1.1" 404 363 "-" "Mozilla/5.0 (Windows NT 6.1; WOW64; rv:11.0) Gecko/20100101 Firefox/11.0"
83.31.229.120 - - [25/Mar/2012:23:06:10 +0200] "GET /favicon.ico HTTP/1.1" 404 363 "-" "Mozilla/5.0 (Windows NT 6.1; WOW64; rv:11.0) Gecko/20100101 Firefox/11.0"
83.31.229.120 - - [25/Mar/2012:23:06:10 +0200] "GET /favicon.ico HTTP/1.1" 404 363 "-" "Mozilla/5.0 (Windows NT 6.1; WOW64; rv:11.0) Gecko/20100101 Firefox/11.0"
65.52.110.13 - - [25/Mar/2012:23:13:58 +0200] "GET /robots.txt HTTP/1.1" 404 362 "-" "Mozilla/5.0 (compatible; bingbot/2.0; +http://www.bing.com/bingbot.htm)"
65.52.110.13 - - [25/Mar/2012:23:14:40 +0200] "GET /news.php?rowstart=0 HTTP/1.1" 404 360 "-" "Mozilla/5.0 (compatible; bingbot/2.0; +http://www.bing.com/bingbot.htm)"
72.14.199.241 - - [25/Mar/2012:23:22:19 +0200] "GET /?q=pl/node/feed HTTP/1.1" 200 604 "-" "Feedfetcher-Google; (+http://www.google.com/feedfetcher.html; 1 subscribers; feed-id=13092677621290790569)"
31.214.201.251 - - [25/Mar/2012:23:49:34 +0200] "GET /viewpage.php?page_id=21&c_start=10 HTTP/1.0" 404 364 "http://samorzad.fuw.edu.pl/viewpage.php?page_id=21&c_start=10" "Mozilla/4.0 (compatible; MSIE 7.0; Windows NT 5.1; SV1; .NET CLR 2.0.50727)"
31.214.201.251 - - [25/Mar/2012:23:49:34 +0200] "GET / HTTP/1.0" 200 604 "http://samorzad.fuw.edu.pl/" "Mozilla/4.0 (compatible; MSIE 7.0; Windows NT 5.1; SV1; .NET CLR 2.0.50727)"
46.17.100.243 - - [26/Mar/2012:00:02:04 +0200] "GET /news.php?readmore=70 HTTP/1.0" 404 360 "http://samorzad.fuw.edu.pl/news.php?readmore=70" "Mozilla/4.0 (compatible; MSIE 6.0; Windows NT 5.1; KKman2.0)"
46.17.100.243 - - [26/Mar/2012:00:02:04 +0200] "GET / HTTP/1.0" 200 604 "http://samorzad.fuw.edu.pl/" "Mozilla/4.0 (compatible; MSIE 6.0; Windows NT 5.1; KKman2.0)"
180.76.5.63 - - [26/Mar/2012:00:17:53 +0200] "GET / HTTP/1.1" 200 604 "-" "Mozilla/5.0 (compatible; Baiduspider/2.0; +http://www.baidu.com/search/spider.html)"
87.250.252.241 - - [26/Mar/2012:00:26:16 +0200] "GET / HTTP/1.1" 200 604 "-" "Mozilla/5.0 (compatible; YandexBot/3.0; +http://yandex.com/bots)"
87.250.252.241 - - [26/Mar/2012:00:26:18 +0200] "GET /viewpage.php?page_id=6 HTTP/1.1" 404 364 "-" "Mozilla/5.0 (compatible; YandexBot/3.0; +http://yandex.com/bots)"
220.181.125.43 - - [26/Mar/2012:01:25:27 +0200] "GET /news.php?readmore=69&c_start=10 HTTP/1.1" 404 360 "-" "Sogou web spider/4.0(+http://www.sogou.com/docs/help/webmasters.htm#07)"
180.1.60.61 - - [26/Mar/2012:01:39:27 +0200] "GET /viewpage.php?page_id=26 HTTP/1.1" 404 364 "-" "Mozilla/5.0 (compatible; MSIE 9.0; Windows NT 6.1; WOW64; Trident/5.0)"
220.181.125.43 - - [26/Mar/2012:01:41:55 +0200] "GET /news.php?readmore=69&c_start=40 HTTP/1.1" 404 360 "-" "Sogou web spider/4.0(+http://www.sogou.com/docs/help/webmasters.htm#07)"
180.11.82.114 - - [26/Mar/2012:01:43:09 +0200] "GET /viewpage.php?page_id=26 HTTP/1.1" 404 364 "-" "Mozilla/5.0 (compatible; MSIE 9.0; Windows NT 6.1; WOW64; Trident/5.0)"
180.1.60.61 - - [26/Mar/2012:01:50:25 +0200] "GET /viewpage.php?page_id=26 HTTP/1.1" 404 364 "-" "Mozilla/5.0 (compatible; MSIE 9.0; Windows NT 6.1; WOW64; Trident/5.0)"
180.1.60.61 - - [26/Mar/2012:02:05:37 +0200] "GET /viewpage.php?page_id=26 HTTP/1.1" 404 364 "-" "Mozilla/5.0 (compatible; MSIE 9.0; Windows NT 6.1; WOW64; Trident/5.0)"
180.76.5.163 - - [26/Mar/2012:02:19:10 +0200] "GET / HTTP/1.1" 200 604 "-" "Mozilla/5.0 (compatible; Baiduspider/2.0; +http://www.baidu.com/search/spider.html)"
72.14.199.241 - - [26/Mar/2012:02:22:30 +0200] "GET /?q=pl/node/feed HTTP/1.1" 200 604 "-" "Feedfetcher-Google; (+http://www.google.com/feedfetcher.html; 1 subscribers; feed-id=13092677621290790569)"
188.233.27.215 - - [26/Mar/2012:03:02:41 +0200] "GET /news.php?readmore=70 HTTP/1.0" 404 360 "http://samorzad.fuw.edu.pl/news.php?readmore=70" "Mozilla/4.0 (compatible; MSIE 5.0; Windows 95) Opera 6.01  [en]"
188.233.27.215 - - [26/Mar/2012:03:02:41 +0200] "GET / HTTP/1.0" 200 604 "http://samorzad.fuw.edu.pl/" "Mozilla/4.0 (compatible; MSIE 5.0; Windows 95) Opera 6.01  [en]"
83.143.133.5 - - [26/Mar/2012:03:30:15 +0200] "GET /robots.txt HTTP/1.0" 404 362 "-" "Mozilla/5.0 (compatible; MJ12bot/v1.4.2; http://www.majestic12.co.uk/bot.php?+)"
83.143.133.5 - - [26/Mar/2012:03:30:16 +0200] "GET /news.php?readmore=69 HTTP/1.0" 404 360 "-" "Mozilla/5.0 (compatible; MJ12bot/v1.4.2; http://www.majestic12.co.uk/bot.php?+)"
83.143.133.5 - - [26/Mar/2012:03:30:21 +0200] "GET /news.php?readmore=70 HTTP/1.0" 404 360 "-" "Mozilla/5.0 (compatible; MJ12bot/v1.4.2; http://www.majestic12.co.uk/bot.php?+)"
83.143.133.5 - - [26/Mar/2012:03:30:26 +0200] "GET /news.php?rowstart=45 HTTP/1.0" 404 360 "-" "Mozilla/5.0 (compatible; MJ12bot/v1.4.2; http://www.majestic12.co.uk/bot.php?+)"
31.178.7.2 - - [26/Mar/2012:03:46:11 +0200] "GET /viewpage.php?page_id=26 HTTP/1.0" 404 364 "http://samorzad.fuw.edu.pl/viewpage.php?page_id=26" "Mozilla/4.0 (compatible; MSIE 5.0; Windows 95) Opera 6.01  [en]"
31.178.7.2 - - [26/Mar/2012:03:46:11 +0200] "GET / HTTP/1.0" 200 604 "http://samorzad.fuw.edu.pl/" "Mozilla/4.0 (compatible; MSIE 5.0; Windows 95) Opera 6.01  [en]"
65.52.108.24 - - [26/Mar/2012:04:06:56 +0200] "GET /robots.txt HTTP/1.1" 404 362 "-" "Mozilla/5.0 (compatible; bingbot/2.0; +http://www.bing.com/bingbot.htm)"
65.52.108.24 - - [26/Mar/2012:04:07:37 +0200] "GET /register.php HTTP/1.1" 404 364 "-" "Mozilla/5.0 (compatible; bingbot/2.0; +http://www.bing.com/bingbot.htm)"
180.76.6.26 - - [26/Mar/2012:04:17:54 +0200] "GET / HTTP/1.1" 200 604 "-" "Mozilla/5.0 (compatible; Baiduspider/2.0; +http://www.baidu.com/search/spider.html)"
61.191.188.177 - - [26/Mar/2012:04:56:56 +0200] "GET /news.php?readmore=70 HTTP/1.0" 404 360 "http://samorzad.fuw.edu.pl/news.php?readmore=70" "Mozilla/4.0 (compatible; MSIE 6.0; Windows NT 5.1; SV1)"
61.191.188.177 - - [26/Mar/2012:04:57:00 +0200] "GET / HTTP/1.0" 200 604 "http://samorzad.fuw.edu.pl/" "Mozilla/4.0 (compatible; MSIE 6.0; Windows NT 5.1; SV1)"
91.207.6.166 - - [26/Mar/2012:05:02:10 +0200] "GET /viewpage.php?page_id=19&c_start=10 HTTP/1.0" 404 364 "http://samorzad.fuw.edu.pl/viewpage.php?page_id=19&c_start=10" "Mozilla/4.0 (compatible; MSIE 6.0; Windows NT 5.1; Maxthon; .NET CLR 1.1.4322)"
72.14.199.241 - - [26/Mar/2012:05:22:36 +0200] "GET /?q=pl/node/feed HTTP/1.1" 200 604 "-" "Feedfetcher-Google; (+http://www.google.com/feedfetcher.html; 1 subscribers; feed-id=13092677621290790569)"
77.20.4.67 - - [26/Mar/2012:06:06:16 +0200] "GET /?C=M;O=A HTTP/1.1" 200 604 "-" "findlinks/2.0.2 (+http://wortschatz.uni-leipzig.de/findlinks/)"
180.76.5.93 - - [26/Mar/2012:06:19:05 +0200] "GET / HTTP/1.1" 200 604 "-" "Mozilla/5.0 (compatible; Baiduspider/2.0; +http://www.baidu.com/search/spider.html)"
220.181.125.43 - - [26/Mar/2012:06:31:40 +0200] "GET /news.php?readmore=69&c_start=80 HTTP/1.1" 404 360 "-" "Sogou web spider/4.0(+http://www.sogou.com/docs/help/webmasters.htm#07)"
